Archive member included because of file (symbol)

arduino.ar(variant.cpp.o)     ./src/GaterminatorApp.cpp.o (Serial)
arduino.ar(Print.cpp.o)       ./src/RangeLearner.cpp.o (Print::print(char const*))
arduino.ar(RingBuffer.cpp.o)  arduino.ar(variant.cpp.o) (RingBuffer::RingBuffer())
arduino.ar(UARTClass.cpp.o)   arduino.ar(variant.cpp.o) (UARTClass::available())
arduino.ar(USARTClass.cpp.o)  arduino.ar(variant.cpp.o) (USARTClass::USARTClass(Usart*, IRQn, unsigned long, RingBuffer*, RingBuffer*))
arduino.ar(WMath.cpp.o)       ./src/NoiseChecker.cpp.o (map(long, long, long, long, long))
arduino.ar(abi.cpp.o)         arduino.ar(Print.cpp.o) (__cxa_pure_virtual)
arduino.ar(main.cpp.o)        c:/java/eclipsearduino/arduinoplugin/tools/arduino/arm-none-eabi-gcc/4.8.3-2014q1/bin/../lib/gcc/arm-none-eabi/4.8.3/../../../../arm-none-eabi/lib/armv7-m/crt0.o (main)
arduino.ar(new.cpp.o)         ./src/GaterminatorApp.cpp.o (operator delete(void*))
arduino.ar(syscalls_sam3.c.o)
                              (_sbrk)
arduino.ar(watchdog.cpp.o)    arduino.ar(main.cpp.o) (watchdogSetup())
arduino.ar(wiring.c.o)        ./src/SecondCounter.cpp.o (millis)
arduino.ar(wiring_analog.c.o)
                              ./src/NoiseChecker.cpp.o (analogRead)
arduino.ar(wiring_digital.c.o)
                              ./src/NoiseChecker.cpp.o (pinMode)
arduino.ar(USBCore.cpp.o)     arduino.ar(main.cpp.o) (USBDevice_::attach())
arduino.ar(hooks.c.o)         arduino.ar(wiring.c.o) (yield)
arduino.ar(CDC.cpp.o)         arduino.ar(USBCore.cpp.o) (Serial_::accept())
arduino.ar(PluggableUSB.cpp.o)
                              arduino.ar(USBCore.cpp.o) (PluggableUSB_::getInterface(unsigned char*))
arduino.ar(Reset.cpp.o)       arduino.ar(CDC.cpp.o) (initiateReset)
C:/java/eclipseArduino/arduinoPlugin/packages/arduino/hardware/sam/1.6.8/variants/arduino_due_x/libsam_sam3x8e_gcc_rel.a(pio.o)
                              arduino.ar(wiring_digital.c.o) (PIO_PullUp)
C:/java/eclipseArduino/arduinoPlugin/packages/arduino/hardware/sam/1.6.8/variants/arduino_due_x/libsam_sam3x8e_gcc_rel.a(pmc.o)
                              arduino.ar(variant.cpp.o) (pmc_enable_periph_clk)
C:/java/eclipseArduino/arduinoPlugin/packages/arduino/hardware/sam/1.6.8/variants/arduino_due_x/libsam_sam3x8e_gcc_rel.a(pwmc.o)
                              arduino.ar(wiring_analog.c.o) (PWMC_ConfigureChannel)
C:/java/eclipseArduino/arduinoPlugin/packages/arduino/hardware/sam/1.6.8/variants/arduino_due_x/libsam_sam3x8e_gcc_rel.a(tc.o)
                              arduino.ar(wiring_analog.c.o) (TC_Configure)
C:/java/eclipseArduino/arduinoPlugin/packages/arduino/hardware/sam/1.6.8/variants/arduino_due_x/libsam_sam3x8e_gcc_rel.a(timetick.o)
                              arduino.ar(wiring.c.o) (GetTickCount)
C:/java/eclipseArduino/arduinoPlugin/packages/arduino/hardware/sam/1.6.8/variants/arduino_due_x/libsam_sam3x8e_gcc_rel.a(wdt.o)
                              arduino.ar(watchdog.cpp.o) (WDT_Enable)
C:/java/eclipseArduino/arduinoPlugin/packages/arduino/hardware/sam/1.6.8/variants/arduino_due_x/libsam_sam3x8e_gcc_rel.a(system_sam3xa.o)
                              arduino.ar(variant.cpp.o) (SystemInit)
C:/java/eclipseArduino/arduinoPlugin/packages/arduino/hardware/sam/1.6.8/variants/arduino_due_x/libsam_sam3x8e_gcc_rel.a(startup_sam3xa.o)
                              (Reset_Handler)
C:/java/eclipseArduino/arduinoPlugin/packages/arduino/hardware/sam/1.6.8/variants/arduino_due_x/libsam_sam3x8e_gcc_rel.a(adc.o)
                              arduino.ar(variant.cpp.o) (adc_init)
C:/java/eclipseArduino/arduinoPlugin/packages/arduino/hardware/sam/1.6.8/variants/arduino_due_x/libsam_sam3x8e_gcc_rel.a(uotghs.o)
                              C:/java/eclipseArduino/arduinoPlugin/packages/arduino/hardware/sam/1.6.8/variants/arduino_due_x/libsam_sam3x8e_gcc_rel.a(startup_sam3xa.o) (UOTGHS_Handler)
C:/java/eclipseArduino/arduinoPlugin/packages/arduino/hardware/sam/1.6.8/variants/arduino_due_x/libsam_sam3x8e_gcc_rel.a(interrupt_sam_nvic.o)
                              arduino.ar(USBCore.cpp.o) (g_interrupt_enabled)
C:/java/eclipseArduino/arduinoPlugin/packages/arduino/hardware/sam/1.6.8/variants/arduino_due_x/libsam_sam3x8e_gcc_rel.a(uotghs_device.o)
                              arduino.ar(USBCore.cpp.o) (UDD_SetStack)
C:/java/eclipseArduino/arduinoPlugin/packages/arduino/hardware/sam/1.6.8/variants/arduino_due_x/libsam_sam3x8e_gcc_rel.a(dacc.o)
                              arduino.ar(wiring_analog.c.o) (dacc_reset)
arduino.ar(WInterrupts.c.o)   C:/java/eclipseArduino/arduinoPlugin/packages/arduino/hardware/sam/1.6.8/variants/arduino_due_x/libsam_sam3x8e_gcc_rel.a(startup_sam3xa.o) (PIOA_Handler)
arduino.ar(cortex_handlers.c.o)
                              C:/java/eclipseArduino/arduinoPlugin/packages/arduino/hardware/sam/1.6.8/variants/arduino_due_x/libsam_sam3x8e_gcc_rel.a(startup_sam3xa.o) (NMI_Handler)
[...]
Memory Configuration

Name             Origin             Length             Attributes
rom              0x00080000         0x00080000         xr
sram0            0x20000000         0x00010000         xrw
sram1            0x20080000         0x00008000         xrw
ram              0x20070000         0x00018000         xrw
*default*        0x00000000         0xffffffff

Linker script and memory map

LOAD c:/java/eclipsearduino/arduinoplugin/tools/arduino/arm-none-eabi-gcc/4.8.3-2014q1/bin/../lib/gcc/arm-none-eabi/4.8.3/armv7-m/crti.o
LOAD c:/java/eclipsearduino/arduinoplugin/tools/arduino/arm-none-eabi-gcc/4.8.3-2014q1/bin/../lib/gcc/arm-none-eabi/4.8.3/armv7-m/crtbegin.o
LOAD c:/java/eclipsearduino/arduinoplugin/tools/arduino/arm-none-eabi-gcc/4.8.3-2014q1/bin/../lib/gcc/arm-none-eabi/4.8.3/../../../../arm-none-eabi/lib/armv7-m/crt0.o
START GROUP
LOAD ./src/GaterminatorApp.cpp.o
LOAD ./src/NoiseChecker.cpp.o
LOAD ./src/RangeLearner.cpp.o
LOAD ./src/SecondCounter.cpp.o
LOAD ./src/gaterminator.cpp.o
LOAD arduino.ar
LOAD C:/java/eclipseArduino/arduinoPlugin/packages/arduino/hardware/sam/1.6.8/variants/arduino_due_x/libsam_sam3x8e_gcc_rel.a
END GROUP
LOAD c:/java/eclipsearduino/arduinoplugin/tools/arduino/arm-none-eabi-gcc/4.8.3-2014q1/bin/../lib/gcc/arm-none-eabi/4.8.3/../../../../arm-none-eabi/lib/armv7-m\libm.a
START GROUP
LOAD c:/java/eclipsearduino/arduinoplugin/tools/arduino/arm-none-eabi-gcc/4.8.3-2014q1/bin/../lib/gcc/arm-none-eabi/4.8.3/armv7-m\libgcc.a
LOAD c:/java/eclipsearduino/arduinoplugin/tools/arduino/arm-none-eabi-gcc/4.8.3-2014q1/bin/../lib/gcc/arm-none-eabi/4.8.3/../../../../arm-none-eabi/lib/armv7-m\libg.a
LOAD c:/java/eclipsearduino/arduinoplugin/tools/arduino/arm-none-eabi-gcc/4.8.3-2014q1/bin/../lib/gcc/arm-none-eabi/4.8.3/../../../../arm-none-eabi/lib/armv7-m\libc.a
END GROUP
LOAD c:/java/eclipsearduino/arduinoplugin/tools/arduino/arm-none-eabi-gcc/4.8.3-2014q1/bin/../lib/gcc/arm-none-eabi/4.8.3/armv7-m/crtend.o
LOAD c:/java/eclipsearduino/arduinoplugin/tools/arduino/arm-none-eabi-gcc/4.8.3-2014q1/bin/../lib/gcc/arm-none-eabi/4.8.3/armv7-m/crtn.o

.text           0x00080000     0x5d60
                0x00080000                . = ALIGN (0x4)
                0x00080000                _sfixed = .
 *(.vectors .vectors.*)
 .vectors       0x00080000       0xf4 C:/java/eclipseArduino/arduinoPlugin/packages/arduino/hardware/sam/1.6.8/variants/arduino_due_x/libsam_sam3x8e_gcc_rel.a(startup_sam3xa.o)
                0x00080000                exception_table
 *(.text .text.* .gnu.linkonce.t.*)
 .text          0x000800f4       0x54 c:/java/eclipsearduino/arduinoplugin/tools/arduino/arm-none-eabi-gcc/4.8.3-2014q1/bin/../lib/gcc/arm-none-eabi/4.8.3/armv7-m/crtbegin.o
 .text._ZN15GaterminatorAppC2Ev
                0x00080148       0x20 ./src/GaterminatorApp.cpp.o
                0x00080148                GaterminatorApp::GaterminatorApp()
                0x00080148                GaterminatorApp::GaterminatorApp()
 .text._ZN15GaterminatorApp4loopEv
                0x00080168       0x30 ./src/GaterminatorApp.cpp.o
                0x00080168                GaterminatorApp::loop()
 .text._ZN15GaterminatorAppD2Ev
                0x00080198       0x1c ./src/GaterminatorApp.cpp.o
                0x00080198                GaterminatorApp::~GaterminatorApp()
                0x00080198                GaterminatorApp::~GaterminatorApp()
 .text._ZN15GaterminatorAppD0Ev
                0x000801b4       0x12 ./src/GaterminatorApp.cpp.o
                0x000801b4                GaterminatorApp::~GaterminatorApp()
 *fill*         0x000801c6        0x2 
 .text._ZN15GaterminatorApp5setupEv
                0x000801c8       0x28 ./src/GaterminatorApp.cpp.o
                0x000801c8                GaterminatorApp::setup()
 .text._ZN12NoiseCheckerC2Ev
                0x000801f0       0x40 ./src/NoiseChecker.cpp.o
                0x000801f0                NoiseChecker::NoiseChecker()
                0x000801f0                NoiseChecker::NoiseChecker()
 .text._ZN12NoiseChecker7isNoisyEv
                0x00080230        0x4 ./src/NoiseChecker.cpp.o
                0x00080230                NoiseChecker::isNoisy()
 .text._ZN12NoiseChecker10checkNoisyEv
                0x00080234       0xa8 ./src/NoiseChecker.cpp.o
                0x00080234                NoiseChecker::checkNoisy()
 .text._ZN12NoiseChecker3hitEv
                0x000802dc       0x3a ./src/NoiseChecker.cpp.o
                0x000802dc                NoiseChecker::hit()
 .text._ZN12NoiseChecker5resetEv
                0x00080316       0x1a ./src/NoiseChecker.cpp.o
                0x00080316                NoiseChecker::reset()
 .text._ZN12NoiseChecker5setupEv
                0x00080330       0x2e ./src/NoiseChecker.cpp.o
                0x00080330                NoiseChecker::setup()
 *fill*         0x0008035e        0x2 
 .text._ZN12NoiseCheckerD2Ev
                0x00080360       0x28 ./src/NoiseChecker.cpp.o
                0x00080360                NoiseChecker::~NoiseChecker()
                0x00080360                NoiseChecker::~NoiseChecker()
 .text._ZN12NoiseCheckerD0Ev
                0x00080388       0x12 ./src/NoiseChecker.cpp.o
                0x00080388                NoiseChecker::~NoiseChecker()
 *fill*         0x0008039a        0x2 
 .text._ZN12RangeLearnerC2Ev
                0x0008039c       0x28 ./src/RangeLearner.cpp.o
                0x0008039c                RangeLearner::RangeLearner()
                0x0008039c                RangeLearner::RangeLearner()
 .text._ZNK12RangeLearner6getMaxEv
                0x000803c4        0x4 ./src/RangeLearner.cpp.o
                0x000803c4                RangeLearner::getMax() const
 .text._ZNK12RangeLearner6getMinEv
                0x000803c8        0x4 ./src/RangeLearner.cpp.o
                0x000803c8                RangeLearner::getMin() const
 .text._ZN12RangeLearner17setSecondsToLearnEt
                0x000803cc       0x1a ./src/RangeLearner.cpp.o
                0x000803cc                RangeLearner::setSecondsToLearn(unsigned short)
 .text._ZNK12RangeLearner9isLearnedEv
                0x000803e6        0x4 ./src/RangeLearner.cpp.o
                0x000803e6                RangeLearner::isLearned() const
 *fill*         0x000803ea        0x2 
 .text._ZN12RangeLearner10learnValueEj
                0x000803ec       0xac ./src/RangeLearner.cpp.o
                0x000803ec                RangeLearner::learnValue(unsigned int)
 .text._ZN12RangeLearnerD2Ev
                0x00080498       0x18 ./src/RangeLearner.cpp.o
                0x00080498                RangeLearner::~RangeLearner()
                0x00080498                RangeLearner::~RangeLearner()
 .text._ZN12RangeLearnerD0Ev
                0x000804b0       0x12 ./src/RangeLearner.cpp.o
                0x000804b0                RangeLearner::~RangeLearner()
 *fill*         0x000804c2        0x2 
 .text._ZN13SecondCounterD2Ev
                0x000804c4        0xc ./src/SecondCounter.cpp.o
                0x000804c4                SecondCounter::~SecondCounter()
                0x000804c4                SecondCounter::~SecondCounter()
 .text._ZN13SecondCounterD0Ev
                0x000804d0       0x14 ./src/SecondCounter.cpp.o
                0x000804d0                SecondCounter::~SecondCounter()
 .text._ZN13SecondCounterC2Ev
                0x000804e4       0x18 ./src/SecondCounter.cpp.o
                0x000804e4                SecondCounter::SecondCounter()
                0x000804e4                SecondCounter::SecondCounter()
 .text._ZNK13SecondCounter10getSecondsEv
                0x000804fc        0x4 ./src/SecondCounter.cpp.o
                0x000804fc                SecondCounter::getSeconds() const
 .text._ZN13SecondCounter5resetEv
                0x00080500        0x6 ./src/SecondCounter.cpp.o
                0x00080500                SecondCounter::reset()
 .text._ZN13SecondCounter13setMaxSecondsEi
                0x00080506        0x4 ./src/SecondCounter.cpp.o
                0x00080506                SecondCounter::setMaxSeconds(int)
 .text._ZN13SecondCounter3hitEv
                0x0008050a       0x28 ./src/SecondCounter.cpp.o
                0x0008050a                SecondCounter::hit()
 .text._ZN13SecondCounter10setWorkingEb
                0x00080532        0x4 ./src/SecondCounter.cpp.o
                0x00080532                SecondCounter::setWorking(bool)
 *fill*         0x00080536        0x2 
 .text.setup    0x00080538        0xc ./src/gaterminator.cpp.o
                0x00080538                setup
 .text.loop     0x00080544       0x18 ./src/gaterminator.cpp.o
                0x00080544                loop
 .text.startup._GLOBAL__sub_I_m_app
                0x0008055c       0x24 ./src/gaterminator.cpp.o
 .text._Z11serialEventv
                0x00080580        0x2 arduino.ar(variant.cpp.o)
                0x00080580                serialEvent()
 *fill*         0x00080582        0x2 
 .text.UART_Handler
                0x00080584        0xc arduino.ar(variant.cpp.o)
                0x00080584                UART_Handler
 .text._Z12serialEvent1v
                0x00080590        0x2 arduino.ar(variant.cpp.o)
                0x00080590                serialEvent1()
 .text._Z12serialEvent2v
                0x00080592        0x2 arduino.ar(variant.cpp.o)
                0x00080592                serialEvent2()
 .text._Z12serialEvent3v
                0x00080594        0x2 arduino.ar(variant.cpp.o)
                0x00080594                serialEvent3()
 *fill*         0x00080596        0x2 
 .text.USART0_Handler
                0x00080598        0xc arduino.ar(variant.cpp.o)
                0x00080598                USART0_Handler
 .text.USART1_Handler
                0x000805a4        0xc arduino.ar(variant.cpp.o)
                0x000805a4                USART1_Handler
 .text.USART3_Handler
                0x000805b0        0xc arduino.ar(variant.cpp.o)
                0x000805b0                USART3_Handler
 .text.init     0x000805bc      0x128 arduino.ar(variant.cpp.o)
                0x000805bc                init
 .text.startup._GLOBAL__sub_I_g_APinDescription
                0x000806e4       0xd4 arduino.ar(variant.cpp.o)
 .text._Z14serialEventRunv
                0x000807b8       0x44 arduino.ar(variant.cpp.o)
                0x000807b8                serialEventRun()
 .text._ZN5Print5writeEPKhj
                0x000807fc       0x22 arduino.ar(Print.cpp.o)
                0x000807fc                Print::write(unsigned char const*, unsigned int)
 .text._ZN5Print5writeEPKc
                0x0008081e       0x1e arduino.ar(Print.cpp.o)
                0x0008081e                Print::write(char const*)
 .text._ZN5Print5printEPKc
                0x0008083c        0x8 arduino.ar(Print.cpp.o)
                0x0008083c                Print::print(char const*)
 .text._ZN5Print7printlnEv
                0x00080844       0x10 arduino.ar(Print.cpp.o)
                0x00080844                Print::println()
 .text._ZN5Print7printlnEPKc
                0x00080854       0x14 arduino.ar(Print.cpp.o)
                0x00080854                Print::println(char const*)
 .text._ZN5Print11printNumberEmh
                0x00080868       0x3e arduino.ar(Print.cpp.o)
                0x00080868                Print::printNumber(unsigned long, unsigned char)
 .text._ZN5Print5printEmi
                0x000808a6       0x18 arduino.ar(Print.cpp.o)
                0x000808a6                Print::print(unsigned long, int)
 .text._ZN5Print5printEji
                0x000808be        0x4 arduino.ar(Print.cpp.o)
                0x000808be                Print::print(unsigned int, int)
 .text._ZN5Print7printlnEji
                0x000808c2       0x14 arduino.ar(Print.cpp.o)
                0x000808c2                Print::println(unsigned int, int)
 .text._ZN10RingBufferC2Ev
                0x000808d6       0x1a arduino.ar(RingBuffer.cpp.o)
                0x000808d6                RingBuffer::RingBuffer()
                0x000808d6                RingBuffer::RingBuffer()
 .text._ZN10RingBuffer10store_charEh
                0x000808f0       0x1e arduino.ar(RingBuffer.cpp.o)
                0x000808f0                RingBuffer::store_char(unsigned char)
 .text._ZN9UARTClasscvbEv
                0x0008090e        0x4 arduino.ar(UARTClass.cpp.o)
                0x0008090e                UARTClass::operator bool()
 .text._ZN9UARTClass9availableEv
                0x00080912       0x12 arduino.ar(UARTClass.cpp.o)
                0x00080912                UARTClass::available()
 .text._ZN9UARTClass4peekEv
                0x00080924       0x1c arduino.ar(UARTClass.cpp.o)
                0x00080924                UARTClass::peek()
 .text._ZN9UARTClass4readEv
                0x00080940       0x2a arduino.ar(UARTClass.cpp.o)
                0x00080940                UARTClass::read()
 .text._ZN9UARTClass5flushEv
                0x0008096a       0x18 arduino.ar(UARTClass.cpp.o)
                0x0008096a                UARTClass::flush()
 *fill*         0x00080982        0x2 
 .text._ZN9UARTClass5writeEh
                0x00080984       0x54 arduino.ar(UARTClass.cpp.o)
                0x00080984                UARTClass::write(unsigned char)
 .text._ZN9UARTClass3endEv
                0x000809d8       0x3c arduino.ar(UARTClass.cpp.o)
                0x000809d8                UARTClass::end()
 .text._ZN9UARTClassC2EP4Uart4IRQnmP10RingBufferS4_
                0x00080a14       0x24 arduino.ar(UARTClass.cpp.o)
                0x00080a14                UARTClass::UARTClass(Uart*, IRQn, unsigned long, RingBuffer*, RingBuffer*)
                0x00080a14                UARTClass::UARTClass(Uart*, IRQn, unsigned long, RingBuffer*, RingBuffer*)
 .text._ZN9UARTClass4initEmm
                0x00080a38       0x70 arduino.ar(UARTClass.cpp.o)
                0x00080a38                UARTClass::init(unsigned long, unsigned long)
 .text._ZN9UARTClass5beginEm
                0x00080aa8        0x8 arduino.ar(UARTClass.cpp.o)
                0x00080aa8                UARTClass::begin(unsigned long)
 .text._ZN9UARTClass10IrqHandlerEv
                0x00080ab0       0x5a arduino.ar(UARTClass.cpp.o)
                0x00080ab0                UARTClass::IrqHandler()
 .text._ZN10USARTClass5beginEm
                0x00080b0a        0x8 arduino.ar(USARTClass.cpp.o)
                0x00080b0a                USARTClass::begin(unsigned long)
 *fill*         0x00080b12        0x2 
 .text._ZN10USARTClassC2EP5Usart4IRQnmP10RingBufferS4_
                0x00080b14       0x24 arduino.ar(USARTClass.cpp.o)
                0x00080b14                USARTClass::USARTClass(Usart*, IRQn, unsigned long, RingBuffer*, RingBuffer*)
                0x00080b14                USARTClass::USARTClass(Usart*, IRQn, unsigned long, RingBuffer*, RingBuffer*)
 .text._Z3maplllll
                0x00080b38       0x14 arduino.ar(WMath.cpp.o)
                0x00080b38                map(long, long, long, long, long)
 .text.initVariant
                0x00080b4c        0x2 arduino.ar(main.cpp.o)
                0x00080b4c                initVariant
 *fill*         0x00080b4e        0x2 
 .text.startup.main
                0x00080b50       0x38 arduino.ar(main.cpp.o)
                0x00080b50                main
 .text._ZdlPv   0x00080b88        0x4 arduino.ar(new.cpp.o)
                0x00080b88                operator delete(void*)
 .text._sbrk    0x00080b8c       0x1c arduino.ar(syscalls_sam3.c.o)
                0x00080b8c                _sbrk
 .text.link     0x00080ba8        0x6 arduino.ar(syscalls_sam3.c.o)
                0x00080ba8                link
 .text._close   0x00080bae        0x6 arduino.ar(syscalls_sam3.c.o)
                0x00080bae                _close
 .text._fstat   0x00080bb4        0xa arduino.ar(syscalls_sam3.c.o)
                0x00080bb4                _fstat
 .text._isatty  0x00080bbe        0x4 arduino.ar(syscalls_sam3.c.o)
                0x00080bbe                _isatty
 .text._lseek   0x00080bc2        0x4 arduino.ar(syscalls_sam3.c.o)
                0x00080bc2                _lseek
 .text._read    0x00080bc6        0x4 arduino.ar(syscalls_sam3.c.o)
                0x00080bc6                _read
 *fill*         0x00080bca        0x2 
 .text._write   0x00080bcc       0x24 arduino.ar(syscalls_sam3.c.o)
                0x00080bcc                _write
 .text._exit    0x00080bf0       0x10 arduino.ar(syscalls_sam3.c.o)
                0x00080bf0                _exit
 .text._kill    0x00080c00        0x2 arduino.ar(syscalls_sam3.c.o)
                0x00080c00                _kill
 .text._getpid  0x00080c02        0x6 arduino.ar(syscalls_sam3.c.o)
                0x00080c02                _getpid
 .text._watchdogDefaultSetup
                0x00080c08        0xc arduino.ar(watchdog.cpp.o)
                0x00080c08                _watchdogDefaultSetup
                0x00080c08                watchdogSetup()
 .text.millis   0x00080c14        0x4 arduino.ar(wiring.c.o)
                0x00080c14                millis
 .text.delay    0x00080c18       0x1c arduino.ar(wiring.c.o)
                0x00080c18                delay
 .text.mapResolution
                0x00080c34       0x12 arduino.ar(wiring_analog.c.o)
 *fill*         0x00080c46        0x2 
 .text.analogRead
                0x00080c48       0x9c arduino.ar(wiring_analog.c.o)
                0x00080c48                analogRead
 .text.analogOutputInit
                0x00080ce4        0x2 arduino.ar(wiring_analog.c.o)
                0x00080ce4                analogOutputInit
 *fill*         0x00080ce6        0x2 
 .text.pinMode  0x00080ce8      0x108 arduino.ar(wiring_digital.c.o)
                0x00080ce8                pinMode
 .text.digitalWrite
                0x00080df0       0x70 arduino.ar(wiring_digital.c.o)
                0x00080df0                digitalWrite
 .text.unlikely._ZL11USB_SendZlpv
                0x00080e60       0x20 arduino.ar(USBCore.cpp.o)
 .text._Z14USBD_Availablem
                0x00080e80       0x2c arduino.ar(USBCore.cpp.o)
                0x00080e80                USBD_Available(unsigned long)
 .text._Z9USBD_RecvmPvm
                0x00080eac       0x7c arduino.ar(USBCore.cpp.o)
                0x00080eac                USBD_Recv(unsigned long, void*, unsigned long)
 .text._Z9USBD_Recvm
                0x00080f28       0x22 arduino.ar(USBCore.cpp.o)
                0x00080f28                USBD_Recv(unsigned long)
 *fill*         0x00080f4a        0x2 
 .text._Z9USBD_SendmPKvm
                0x00080f4c       0x4c arduino.ar(USBCore.cpp.o)
                0x00080f4c                USBD_Send(unsigned long, void const*, unsigned long)
 .text._Z16USBD_SendControlhPKvm
                0x00080f98       0x40 arduino.ar(USBCore.cpp.o)
                0x00080f98                USBD_SendControl(unsigned char, void const*, unsigned long)
 .text.unlikely._ZL24USB_SendStringDescriptorPKhi
                0x00080fd8       0x64 arduino.ar(USBCore.cpp.o)
 .text._Z16USBD_RecvControlPvm
                0x0008103c       0x1c arduino.ar(USBCore.cpp.o)
                0x0008103c                USBD_RecvControl(void*, unsigned long)
 .text._Z26USBD_ClassInterfaceRequestR8USBSetup
                0x00081058       0x1e arduino.ar(USBCore.cpp.o)
                0x00081058                USBD_ClassInterfaceRequest(USBSetup&)
 .text._Z19USBD_SendInterfacesv
                0x00081076       0x22 arduino.ar(USBCore.cpp.o)
                0x00081076                USBD_SendInterfaces()
 .text._Z24USBD_SendOtherInterfacesv
                0x00081098       0x22 arduino.ar(USBCore.cpp.o)
                0x00081098                USBD_SendOtherInterfaces()
 .text._Z10USBD_Flushm
                0x000810ba       0x16 arduino.ar(USBCore.cpp.o)
                0x000810ba                USBD_Flush(unsigned long)
 .text._ZN10USBDevice_C2Ev
                0x000810d0       0x24 arduino.ar(USBCore.cpp.o)
                0x000810d0                USBDevice_::USBDevice_()
                0x000810d0                USBDevice_::USBDevice_()
 .text._ZN10USBDevice_6attachEv
                0x000810f4       0x20 arduino.ar(USBCore.cpp.o)
                0x000810f4                USBDevice_::attach()
 .text.startup._GLOBAL__sub_I_EndPoints
                0x00081114        0xc arduino.ar(USBCore.cpp.o)
 .text._ZL7USB_ISRv
                0x00081120      0x454 arduino.ar(USBCore.cpp.o)
 .text.__empty  0x00081574        0x2 arduino.ar(hooks.c.o)
                0x00081574                yield
 .text.__false  0x00081576        0x4 arduino.ar(hooks.c.o)
                0x00081576                sysTickHook
 .text.__halt   0x0008157a        0x2 arduino.ar(hooks.c.o)
                0x0008157a                svcHook
                0x0008157a                pendSVHook
 .text._ZN7Serial_9availableEv
                0x0008157c       0x18 arduino.ar(CDC.cpp.o)
                0x0008157c                Serial_::available()
 .text._ZN7Serial_4peekEv
                0x00081594       0x20 arduino.ar(CDC.cpp.o)
                0x00081594                Serial_::peek()
 .text._ZN7Serial_5writeEh
                0x000815b4       0x16 arduino.ar(CDC.cpp.o)
                0x000815b4                Serial_::write(unsigned char)
 *fill*         0x000815ca        0x2 
 .text._ZN7Serial_4readEv
                0x000815cc       0x44 arduino.ar(CDC.cpp.o)
                0x000815cc                Serial_::read()
 .text._ZN7Serial_5flushEv
                0x00081610        0x6 arduino.ar(CDC.cpp.o)
                0x00081610                Serial_::flush()
 *fill*         0x00081616        0x2 
 .text._ZN7Serial_6acceptEv
                0x00081618       0x70 arduino.ar(CDC.cpp.o)
                0x00081618                Serial_::accept()
 .text._ZN7Serial_5writeEPKhj
                0x00081688       0x2c arduino.ar(CDC.cpp.o)
                0x00081688                Serial_::write(unsigned char const*, unsigned int)
 .text._Z16CDC_GetInterfacePh
                0x000816b4       0x14 arduino.ar(CDC.cpp.o)
                0x000816b4                CDC_GetInterface(unsigned char*)
 .text._Z21CDC_GetOtherInterfacePh
                0x000816c8       0x14 arduino.ar(CDC.cpp.o)
                0x000816c8                CDC_GetOtherInterface(unsigned char*)
 .text._Z9CDC_SetupR8USBSetup
                0x000816dc       0x78 arduino.ar(CDC.cpp.o)
                0x000816dc                CDC_Setup(USBSetup&)
 .text.startup._GLOBAL__sub_I_cdc_rx_buffer
                0x00081754       0x1c arduino.ar(CDC.cpp.o)
 .text._ZN13PluggableUSB_12getInterfaceEPh
                0x00081770       0x28 arduino.ar(PluggableUSB.cpp.o)
                0x00081770                PluggableUSB_::getInterface(unsigned char*)
 .text._ZN13PluggableUSB_13getDescriptorER8USBSetup
                0x00081798       0x1c arduino.ar(PluggableUSB.cpp.o)
                0x00081798                PluggableUSB_::getDescriptor(USBSetup&)
 .text._ZN13PluggableUSB_12getShortNameEPc
                0x000817b4       0x1c arduino.ar(PluggableUSB.cpp.o)
                0x000817b4                PluggableUSB_::getShortName(char*)
 .text._ZN13PluggableUSB_5setupER8USBSetup
                0x000817d0       0x20 arduino.ar(PluggableUSB.cpp.o)
                0x000817d0                PluggableUSB_::setup(USBSetup&)
 .text._Z12PluggableUSBv
                0x000817f0       0x28 arduino.ar(PluggableUSB.cpp.o)
                0x000817f0                PluggableUSB()
 .text.initiateReset
                0x00081818        0xc arduino.ar(Reset.cpp.o)
                0x00081818                initiateReset
 .text.cancelReset
                0x00081824       0x10 arduino.ar(Reset.cpp.o)
                0x00081824                cancelReset
 .text.tickReset
                0x00081834       0x20 arduino.ar(Reset.cpp.o)
                0x00081834                tickReset
 .text.PIO_PullUp
                0x00081854        0xa C:/java/eclipseArduino/arduinoPlugin/packages/arduino/hardware/sam/1.6.8/variants/arduino_due_x/libsam_sam3x8e_gcc_rel.a(pio.o)
                0x00081854                PIO_PullUp
 .text.PIO_SetPeripheral
                0x0008185e       0x26 C:/java/eclipseArduino/arduinoPlugin/packages/arduino/hardware/sam/1.6.8/variants/arduino_due_x/libsam_sam3x8e_gcc_rel.a(pio.o)
                0x0008185e                PIO_SetPeripheral
 .text.PIO_SetInput
                0x00081884       0x26 C:/java/eclipseArduino/arduinoPlugin/packages/arduino/hardware/sam/1.6.8/variants/arduino_due_x/libsam_sam3x8e_gcc_rel.a(pio.o)
                0x00081884                PIO_SetInput
 .text.PIO_SetOutput
                0x000818aa       0x24 C:/java/eclipseArduino/arduinoPlugin/packages/arduino/hardware/sam/1.6.8/variants/arduino_due_x/libsam_sam3x8e_gcc_rel.a(pio.o)
                0x000818aa                PIO_SetOutput
 *fill*         0x000818ce        0x2 
 .text.PIO_Configure
                0x000818d0       0x64 C:/java/eclipseArduino/arduinoPlugin/packages/arduino/hardware/sam/1.6.8/variants/arduino_due_x/libsam_sam3x8e_gcc_rel.a(pio.o)
                0x000818d0                PIO_Configure
 .text.PIO_GetOutputDataStatus
                0x00081934       0x14 C:/java/eclipseArduino/arduinoPlugin/packages/arduino/hardware/sam/1.6.8/variants/arduino_due_x/libsam_sam3x8e_gcc_rel.a(pio.o)
                0x00081934                PIO_GetOutputDataStatus
 .text.pmc_enable_upll_clock
                0x00081948       0x14 C:/java/eclipseArduino/arduinoPlugin/packages/arduino/hardware/sam/1.6.8/variants/arduino_due_x/libsam_sam3x8e_gcc_rel.a(pmc.o)
                0x00081948                pmc_enable_upll_clock
 .text.pmc_enable_periph_clk
                0x0008195c       0x44 C:/java/eclipseArduino/arduinoPlugin/packages/arduino/hardware/sam/1.6.8/variants/arduino_due_x/libsam_sam3x8e_gcc_rel.a(pmc.o)
                0x0008195c                pmc_enable_periph_clk
 .text.pmc_disable_periph_clk
                0x000819a0       0x40 C:/java/eclipseArduino/arduinoPlugin/packages/arduino/hardware/sam/1.6.8/variants/arduino_due_x/libsam_sam3x8e_gcc_rel.a(pmc.o)
                0x000819a0                pmc_disable_periph_clk
 .text.pmc_switch_udpck_to_upllck
                0x000819e0       0x14 C:/java/eclipseArduino/arduinoPlugin/packages/arduino/hardware/sam/1.6.8/variants/arduino_due_x/libsam_sam3x8e_gcc_rel.a(pmc.o)
                0x000819e0                pmc_switch_udpck_to_upllck
 .text.pmc_enable_udpck
                0x000819f4        0xc C:/java/eclipseArduino/arduinoPlugin/packages/arduino/hardware/sam/1.6.8/variants/arduino_due_x/libsam_sam3x8e_gcc_rel.a(pmc.o)
                0x000819f4                pmc_enable_udpck
 .text.TimeTick_Increment
                0x00081a00       0x10 C:/java/eclipseArduino/arduinoPlugin/packages/arduino/hardware/sam/1.6.8/variants/arduino_due_x/libsam_sam3x8e_gcc_rel.a(timetick.o)
                0x00081a00                TimeTick_Increment
 .text.GetTickCount
                0x00081a10        0xc C:/java/eclipseArduino/arduinoPlugin/packages/arduino/hardware/sam/1.6.8/variants/arduino_due_x/libsam_sam3x8e_gcc_rel.a(timetick.o)
                0x00081a10                GetTickCount
 .text.WDT_Disable
                0x00081a1c        0x8 C:/java/eclipseArduino/arduinoPlugin/packages/arduino/hardware/sam/1.6.8/variants/arduino_due_x/libsam_sam3x8e_gcc_rel.a(wdt.o)
                0x00081a1c                WDT_Disable
 .text.SystemInit
                0x00081a24       0x88 C:/java/eclipseArduino/arduinoPlugin/packages/arduino/hardware/sam/1.6.8/variants/arduino_due_x/libsam_sam3x8e_gcc_rel.a(system_sam3xa.o)
                0x00081a24                SystemInit
 .text.Reset_Handler
                0x00081aac       0x78 C:/java/eclipseArduino/arduinoPlugin/packages/arduino/hardware/sam/1.6.8/variants/arduino_due_x/libsam_sam3x8e_gcc_rel.a(startup_sam3xa.o)
                0x00081aac                Reset_Handler
 .text.adc_init
                0x00081b24       0x98 C:/java/eclipseArduino/arduinoPlugin/packages/arduino/hardware/sam/1.6.8/variants/arduino_due_x/libsam_sam3x8e_gcc_rel.a(adc.o)
                0x00081b24                adc_init
 .text.adc_configure_trigger
                0x00081bbc        0xe C:/java/eclipseArduino/arduinoPlugin/packages/arduino/hardware/sam/1.6.8/variants/arduino_due_x/libsam_sam3x8e_gcc_rel.a(adc.o)
                0x00081bbc                adc_configure_trigger
 .text.adc_configure_timing
                0x00081bca       0x1a C:/java/eclipseArduino/arduinoPlugin/packages/arduino/hardware/sam/1.6.8/variants/arduino_due_x/libsam_sam3x8e_gcc_rel.a(adc.o)
                0x00081bca                adc_configure_timing
 .text.adc_start
                0x00081be4        0x6 C:/java/eclipseArduino/arduinoPlugin/packages/arduino/hardware/sam/1.6.8/variants/arduino_due_x/libsam_sam3x8e_gcc_rel.a(adc.o)
                0x00081be4                adc_start
 .text.adc_enable_channel
                0x00081bea        0xa C:/java/eclipseArduino/arduinoPlugin/packages/arduino/hardware/sam/1.6.8/variants/arduino_due_x/libsam_sam3x8e_gcc_rel.a(adc.o)
                0x00081bea                adc_enable_channel
 .text.adc_disable_channel
                0x00081bf4        0xa C:/java/eclipseArduino/arduinoPlugin/packages/arduino/hardware/sam/1.6.8/variants/arduino_due_x/libsam_sam3x8e_gcc_rel.a(adc.o)
                0x00081bf4                adc_disable_channel
 .text.adc_disable_all_channel
                0x00081bfe        0x8 C:/java/eclipseArduino/arduinoPlugin/packages/arduino/hardware/sam/1.6.8/variants/arduino_due_x/libsam_sam3x8e_gcc_rel.a(adc.o)
                0x00081bfe                adc_disable_all_channel
 .text.adc_get_channel_status
                0x00081c06        0xa C:/java/eclipseArduino/arduinoPlugin/packages/arduino/hardware/sam/1.6.8/variants/arduino_due_x/libsam_sam3x8e_gcc_rel.a(adc.o)
                0x00081c06                adc_get_channel_status
 .text.adc_get_latest_value
                0x00081c10        0x4 C:/java/eclipseArduino/arduinoPlugin/packages/arduino/hardware/sam/1.6.8/variants/arduino_due_x/libsam_sam3x8e_gcc_rel.a(adc.o)
                0x00081c10                adc_get_latest_value
 .text.adc_disable_interrupt
                0x00081c14        0x4 C:/java/eclipseArduino/arduinoPlugin/packages/arduino/hardware/sam/1.6.8/variants/arduino_due_x/libsam_sam3x8e_gcc_rel.a(adc.o)
                0x00081c14                adc_disable_interrupt
 .text.adc_get_status
                0x00081c18        0x4 C:/java/eclipseArduino/arduinoPlugin/packages/arduino/hardware/sam/1.6.8/variants/arduino_due_x/libsam_sam3x8e_gcc_rel.a(adc.o)
                0x00081c18                adc_get_status
 .text.UOTGHS_Handler
                0x00081c1c       0x10 C:/java/eclipseArduino/arduinoPlugin/packages/arduino/hardware/sam/1.6.8/variants/arduino_due_x/libsam_sam3x8e_gcc_rel.a(uotghs.o)
                0x00081c1c                UOTGHS_Handler
 .text.UDD_SetStack
                0x00081c2c        0xc C:/java/eclipseArduino/arduinoPlugin/packages/arduino/hardware/sam/1.6.8/variants/arduino_due_x/libsam_sam3x8e_gcc_rel.a(uotghs_device.o)
                0x00081c2c                UDD_SetStack
 .text.UDD_Init
                0x00081c38       0xd0 C:/java/eclipseArduino/arduinoPlugin/packages/arduino/hardware/sam/1.6.8/variants/arduino_due_x/libsam_sam3x8e_gcc_rel.a(uotghs_device.o)
                0x00081c38                UDD_Init
 .text.UDD_Attach
                0x00081d08       0x50 C:/java/eclipseArduino/arduinoPlugin/packages/arduino/hardware/sam/1.6.8/variants/arduino_due_x/libsam_sam3x8e_gcc_rel.a(uotghs_device.o)
                0x00081d08                UDD_Attach
 .text.UDD_InitEP
                0x00081d58       0x2c C:/java/eclipseArduino/arduinoPlugin/packages/arduino/hardware/sam/1.6.8/variants/arduino_due_x/libsam_sam3x8e_gcc_rel.a(uotghs_device.o)
                0x00081d58                UDD_InitEP
 .text.UDD_InitEndpoints
                0x00081d84       0x3c C:/java/eclipseArduino/arduinoPlugin/packages/arduino/hardware/sam/1.6.8/variants/arduino_due_x/libsam_sam3x8e_gcc_rel.a(uotghs_device.o)
                0x00081d84                UDD_InitEndpoints
 .text.UDD_WaitIN
                0x00081dc0       0x10 C:/java/eclipseArduino/arduinoPlugin/packages/arduino/hardware/sam/1.6.8/variants/arduino_due_x/libsam_sam3x8e_gcc_rel.a(uotghs_device.o)
                0x00081dc0                UDD_WaitIN
 .text.UDD_WaitOUT
                0x00081dd0       0x10 C:/java/eclipseArduino/arduinoPlugin/packages/arduino/hardware/sam/1.6.8/variants/arduino_due_x/libsam_sam3x8e_gcc_rel.a(uotghs_device.o)
                0x00081dd0                UDD_WaitOUT
 .text.UDD_ClearIN
                0x00081de0       0x18 C:/java/eclipseArduino/arduinoPlugin/packages/arduino/hardware/sam/1.6.8/variants/arduino_due_x/libsam_sam3x8e_gcc_rel.a(uotghs_device.o)
                0x00081de0                UDD_ClearIN
 .text.UDD_ClearOUT
                0x00081df8       0x18 C:/java/eclipseArduino/arduinoPlugin/packages/arduino/hardware/sam/1.6.8/variants/arduino_due_x/libsam_sam3x8e_gcc_rel.a(uotghs_device.o)
                0x00081df8                UDD_ClearOUT
 .text.UDD_ReceivedSetupInt
                0x00081e10       0x10 C:/java/eclipseArduino/arduinoPlugin/packages/arduino/hardware/sam/1.6.8/variants/arduino_due_x/libsam_sam3x8e_gcc_rel.a(uotghs_device.o)
                0x00081e10                UDD_ReceivedSetupInt
 .text.UDD_ClearSetupInt
                0x00081e20       0x10 C:/java/eclipseArduino/arduinoPlugin/packages/arduino/hardware/sam/1.6.8/variants/arduino_due_x/libsam_sam3x8e_gcc_rel.a(uotghs_device.o)
                0x00081e20                UDD_ClearSetupInt
 .text.UDD_Send
                0x00081e30       0x88 C:/java/eclipseArduino/arduinoPlugin/packages/arduino/hardware/sam/1.6.8/variants/arduino_due_x/libsam_sam3x8e_gcc_rel.a(uotghs_device.o)
                0x00081e30                UDD_Send
 .text.UDD_Send8
                0x00081eb8       0x24 C:/java/eclipseArduino/arduinoPlugin/packages/arduino/hardware/sam/1.6.8/variants/arduino_due_x/libsam_sam3x8e_gcc_rel.a(uotghs_device.o)
                0x00081eb8                UDD_Send8
 .text.UDD_Recv8
                0x00081edc       0x28 C:/java/eclipseArduino/arduinoPlugin/packages/arduino/hardware/sam/1.6.8/variants/arduino_due_x/libsam_sam3x8e_gcc_rel.a(uotghs_device.o)
                0x00081edc                UDD_Recv8
 .text.UDD_Recv
                0x00081f04       0x34 C:/java/eclipseArduino/arduinoPlugin/packages/arduino/hardware/sam/1.6.8/variants/arduino_due_x/libsam_sam3x8e_gcc_rel.a(uotghs_device.o)
                0x00081f04                UDD_Recv
 .text.UDD_Stall
                0x00081f38       0x14 C:/java/eclipseArduino/arduinoPlugin/packages/arduino/hardware/sam/1.6.8/variants/arduino_due_x/libsam_sam3x8e_gcc_rel.a(uotghs_device.o)
                0x00081f38                UDD_Stall
 .text.UDD_FifoByteCount
                0x00081f4c       0x14 C:/java/eclipseArduino/arduinoPlugin/packages/arduino/hardware/sam/1.6.8/variants/arduino_due_x/libsam_sam3x8e_gcc_rel.a(uotghs_device.o)
                0x00081f4c                UDD_FifoByteCount
 .text.UDD_ReleaseRX
                0x00081f60       0x28 C:/java/eclipseArduino/arduinoPlugin/packages/arduino/hardware/sam/1.6.8/variants/arduino_due_x/libsam_sam3x8e_gcc_rel.a(uotghs_device.o)
                0x00081f60                UDD_ReleaseRX
 .text.UDD_ReleaseTX
                0x00081f88       0x28 C:/java/eclipseArduino/arduinoPlugin/packages/arduino/hardware/sam/1.6.8/variants/arduino_due_x/libsam_sam3x8e_gcc_rel.a(uotghs_device.o)
                0x00081f88                UDD_ReleaseTX
 .text.UDD_SetAddress
                0x00081fb0       0x20 C:/java/eclipseArduino/arduinoPlugin/packages/arduino/hardware/sam/1.6.8/variants/arduino_due_x/libsam_sam3x8e_gcc_rel.a(uotghs_device.o)
                0x00081fb0                UDD_SetAddress
 .text.PIOA_Handler
                0x00081fd0       0x38 arduino.ar(WInterrupts.c.o)
                0x00081fd0                PIOA_Handler
 .text.PIOB_Handler
                0x00082008       0x38 arduino.ar(WInterrupts.c.o)
                0x00082008                PIOB_Handler
 .text.PIOC_Handler
                0x00082040       0x38 arduino.ar(WInterrupts.c.o)
                0x00082040                PIOC_Handler
 .text.PIOD_Handler
                0x00082078       0x38 arduino.ar(WInterrupts.c.o)
                0x00082078                PIOD_Handler
 .text.__halt   0x000820b0        0x2 arduino.ar(cortex_handlers.c.o)
                0x000820b0                DACC_Handler
                0x000820b0                DebugMon_Handler
                0x000820b0                DMAC_Handler
                0x000820b0                TRNG_Handler
                0x000820b0                HardFault_Handler
                0x000820b0                TC2_Handler
                0x000820b0                TWI1_Handler
                0x000820b0                NMI_Handler
                0x000820b0                TC7_Handler
                0x000820b0                ADC_Handler
                0x000820b0                SMC_Handler
                0x000820b0                RTT_Handler
                0x000820b0                EFC1_Handler
                0x000820b0                RTC_Handler
                0x000820b0                UsageFault_Handler
                0x000820b0                TC6_Handler
                0x000820b0                WDT_Handler
                0x000820b0                CAN0_Handler
                0x000820b0                TC4_Handler
                0x000820b0                TC1_Handler
                0x000820b0                HSMCI_Handler
                0x000820b0                TC3_Handler
                0x000820b0                TWI0_Handler
                0x000820b0                SSC_Handler
                0x000820b0                EFC0_Handler
                0x000820b0                PMC_Handler
                0x000820b0                PWM_Handler
                0x000820b0                CAN1_Handler
                0x000820b0                MemManage_Handler
                0x000820b0                SUPC_Handler
                0x000820b0                TC8_Handler
                0x000820b0                USART2_Handler
                0x000820b0                EMAC_Handler
                0x000820b0                BusFault_Handler
                0x000820b0                RSTC_Handler
                0x000820b0                TC0_Handler
                0x000820b0                TC5_Handler
                0x000820b0                SPI0_Handler
 .text.SVC_Handler
                0x000820b2        0x4 arduino.ar(cortex_handlers.c.o)
                0x000820b2                SVC_Handler
 .text.PendSV_Handler
                0x000820b6        0x4 arduino.ar(cortex_handlers.c.o)
                0x000820b6                PendSV_Handler
 .text.SysTick_Handler
                0x000820ba       0x16 arduino.ar(cortex_handlers.c.o)
                0x000820ba                SysTick_Handler
 .text.__aeabi_atexit
                0x000820d0        0xc c:/java/eclipsearduino/arduinoplugin/tools/arduino/arm-none-eabi-gcc/4.8.3-2014q1/bin/../lib/gcc/arm-none-eabi/4.8.3/../../../../arm-none-eabi/lib/armv7-m\libg.a(lib_a-aeabi_atexit.o)
                0x000820d0                __aeabi_atexit
 .text.__cxa_atexit
                0x000820dc       0x14 c:/java/eclipsearduino/arduinoplugin/tools/arduino/arm-none-eabi-gcc/4.8.3-2014q1/bin/../lib/gcc/arm-none-eabi/4.8.3/../../../../arm-none-eabi/lib/armv7-m\libg.a(lib_a-cxa_atexit.o)
                0x000820dc                __cxa_atexit
 .text.__libc_init_array
                0x000820f0       0x50 c:/java/eclipsearduino/arduinoplugin/tools/arduino/arm-none-eabi-gcc/4.8.3-2014q1/bin/../lib/gcc/arm-none-eabi/4.8.3/../../../../arm-none-eabi/lib/armv7-m\libg.a(lib_a-init.o)
                0x000820f0                __libc_init_array
 .text.iprintf  0x00082140       0x28 c:/java/eclipsearduino/arduinoplugin/tools/arduino/arm-none-eabi-gcc/4.8.3-2014q1/bin/../lib/gcc/arm-none-eabi/4.8.3/../../../../arm-none-eabi/lib/armv7-m\libg.a(lib_a-iprintf.o)
                0x00082140                iprintf
 .text.malloc   0x00082168       0x10 c:/java/eclipsearduino/arduinoplugin/tools/arduino/arm-none-eabi-gcc/4.8.3-2014q1/bin/../lib/gcc/arm-none-eabi/4.8.3/../../../../arm-none-eabi/lib/armv7-m\libg.a(lib_a-malloc.o)
                0x00082168                malloc
 .text.free     0x00082178       0x10 c:/java/eclipsearduino/arduinoplugin/tools/arduino/arm-none-eabi-gcc/4.8.3-2014q1/bin/../lib/gcc/arm-none-eabi/4.8.3/../../../../arm-none-eabi/lib/armv7-m\libg.a(lib_a-malloc.o)
                0x00082178                free
 .text._malloc_r
                0x00082188      0x538 c:/java/eclipsearduino/arduinoplugin/tools/arduino/arm-none-eabi-gcc/4.8.3-2014q1/bin/../lib/gcc/arm-none-eabi/4.8.3/../../../../arm-none-eabi/lib/armv7-m\libg.a(lib_a-mallocr.o)
                0x00082188                _malloc_r
 .text.memset   0x000826c0       0x94 c:/java/eclipsearduino/arduinoplugin/tools/arduino/arm-none-eabi-gcc/4.8.3-2014q1/bin/../lib/gcc/arm-none-eabi/4.8.3/../../../../arm-none-eabi/lib/armv7-m\libg.a(lib_a-memset.o)
                0x000826c0                memset
 .text.__malloc_lock
                0x00082754        0x4 c:/java/eclipsearduino/arduinoplugin/tools/arduino/arm-none-eabi-gcc/4.8.3-2014q1/bin/../lib/gcc/arm-none-eabi/4.8.3/../../../../arm-none-eabi/lib/armv7-m\libg.a(lib_a-mlock.o)
                0x00082754                __malloc_lock
 .text.__malloc_unlock
                0x00082758        0x4 c:/java/eclipsearduino/arduinoplugin/tools/arduino/arm-none-eabi-gcc/4.8.3-2014q1/bin/../lib/gcc/arm-none-eabi/4.8.3/../../../../arm-none-eabi/lib/armv7-m\libg.a(lib_a-mlock.o)
                0x00082758                __malloc_unlock
 .text._sbrk_r  0x0008275c       0x24 c:/java/eclipsearduino/arduinoplugin/tools/arduino/arm-none-eabi-gcc/4.8.3-2014q1/bin/../lib/gcc/arm-none-eabi/4.8.3/../../../../arm-none-eabi/lib/armv7-m\libg.a(lib_a-sbrkr.o)
                0x0008275c                _sbrk_r
 .text.strlen   0x00082780       0x60 c:/java/eclipsearduino/arduinoplugin/tools/arduino/arm-none-eabi-gcc/4.8.3-2014q1/bin/../lib/gcc/arm-none-eabi/4.8.3/../../../../arm-none-eabi/lib/armv7-m\libg.a(lib_a-strlen.o)
                0x00082780                strlen
 .text.kill     0x000827e0       0x10 c:/java/eclipsearduino/arduinoplugin/tools/arduino/arm-none-eabi-gcc/4.8.3-2014q1/bin/../lib/gcc/arm-none-eabi/4.8.3/../../../../arm-none-eabi/lib/armv7-m\libg.a(lib_a-syskill.o)
                0x000827e0                kill
 .text.__sprint_r.part.0
                0x000827f0       0x78 c:/java/eclipsearduino/arduinoplugin/tools/arduino/arm-none-eabi-gcc/4.8.3-2014q1/bin/../lib/gcc/arm-none-eabi/4.8.3/../../../../arm-none-eabi/lib/armv7-m\libg.a(lib_a-vfiprintf.o)
 .text._vfiprintf_r
                0x00082868      0xc54 c:/java/eclipsearduino/arduinoplugin/tools/arduino/arm-none-eabi-gcc/4.8.3-2014q1/bin/../lib/gcc/arm-none-eabi/4.8.3/../../../../arm-none-eabi/lib/armv7-m\libg.a(lib_a-vfiprintf.o)
                0x00082868                _vfiprintf_r
 .text.__sbprintf
                0x000834bc       0x7c c:/java/eclipsearduino/arduinoplugin/tools/arduino/arm-none-eabi-gcc/4.8.3-2014q1/bin/../lib/gcc/arm-none-eabi/4.8.3/../../../../arm-none-eabi/lib/armv7-m\libg.a(lib_a-vfiprintf.o)
 .text.__swsetup_r
                0x00083538       0xc4 c:/java/eclipsearduino/arduinoplugin/tools/arduino/arm-none-eabi-gcc/4.8.3-2014q1/bin/../lib/gcc/arm-none-eabi/4.8.3/../../../../arm-none-eabi/lib/armv7-m\libg.a(lib_a-wsetup.o)
                0x00083538                __swsetup_r
 .text.__register_exitproc
                0x000835fc       0xa8 c:/java/eclipsearduino/arduinoplugin/tools/arduino/arm-none-eabi-gcc/4.8.3-2014q1/bin/../lib/gcc/arm-none-eabi/4.8.3/../../../../arm-none-eabi/lib/armv7-m\libg.a(lib_a-__atexit.o)
                0x000835fc                __register_exitproc
 .text.startup.register_fini
                0x000836a4       0x14 c:/java/eclipsearduino/arduinoplugin/tools/arduino/arm-none-eabi-gcc/4.8.3-2014q1/bin/../lib/gcc/arm-none-eabi/4.8.3/../../../../arm-none-eabi/lib/armv7-m\libg.a(lib_a-__call_atexit.o)
 .text.atexit   0x000836b8        0xc c:/java/eclipsearduino/arduinoplugin/tools/arduino/arm-none-eabi-gcc/4.8.3-2014q1/bin/../lib/gcc/arm-none-eabi/4.8.3/../../../../arm-none-eabi/lib/armv7-m\libg.a(lib_a-atexit.o)
                0x000836b8                atexit
 .text.__sflush_r
                0x000836c4      0x148 c:/java/eclipsearduino/arduinoplugin/tools/arduino/arm-none-eabi-gcc/4.8.3-2014q1/bin/../lib/gcc/arm-none-eabi/4.8.3/../../../../arm-none-eabi/lib/armv7-m\libg.a(lib_a-fflush.o)
                0x000836c4                __sflush_r
 .text._fflush_r
                0x0008380c       0x2c c:/java/eclipsearduino/arduinoplugin/tools/arduino/arm-none-eabi-gcc/4.8.3-2014q1/bin/../lib/gcc/arm-none-eabi/4.8.3/../../../../arm-none-eabi/lib/armv7-m\libg.a(lib_a-fflush.o)
                0x0008380c                _fflush_r
 .text._cleanup_r
                0x00083838        0xc c:/java/eclipsearduino/arduinoplugin/tools/arduino/arm-none-eabi-gcc/4.8.3-2014q1/bin/../lib/gcc/arm-none-eabi/4.8.3/../../../../arm-none-eabi/lib/armv7-m\libg.a(lib_a-findfp.o)
                0x00083838                _cleanup_r
 .text.__sinit  0x00083844       0xf4 c:/java/eclipsearduino/arduinoplugin/tools/arduino/arm-none-eabi-gcc/4.8.3-2014q1/bin/../lib/gcc/arm-none-eabi/4.8.3/../../../../arm-none-eabi/lib/armv7-m\libg.a(lib_a-findfp.o)
                0x00083844                __sinit
 .text.__sfp_lock_acquire
                0x00083938        0x4 c:/java/eclipsearduino/arduinoplugin/tools/arduino/arm-none-eabi-gcc/4.8.3-2014q1/bin/../lib/gcc/arm-none-eabi/4.8.3/../../../../arm-none-eabi/lib/armv7-m\libg.a(lib_a-findfp.o)
                0x00083938                __sfp_lock_acquire
 .text.__sfp_lock_release
                0x0008393c        0x4 c:/java/eclipsearduino/arduinoplugin/tools/arduino/arm-none-eabi-gcc/4.8.3-2014q1/bin/../lib/gcc/arm-none-eabi/4.8.3/../../../../arm-none-eabi/lib/armv7-m\libg.a(lib_a-findfp.o)
                0x0008393c                __sfp_lock_release
 .text.__libc_fini_array
                0x00083940       0x30 c:/java/eclipsearduino/arduinoplugin/tools/arduino/arm-none-eabi-gcc/4.8.3-2014q1/bin/../lib/gcc/arm-none-eabi/4.8.3/../../../../arm-none-eabi/lib/armv7-m\libg.a(lib_a-fini.o)
                0x00083940                __libc_fini_array
 .text._fputwc_r
                0x00083970       0xc0 c:/java/eclipsearduino/arduinoplugin/tools/arduino/arm-none-eabi-gcc/4.8.3-2014q1/bin/../lib/gcc/arm-none-eabi/4.8.3/../../../../arm-none-eabi/lib/armv7-m\libg.a(lib_a-fputwc.o)
                0x00083970                _fputwc_r
 .text._malloc_trim_r
                0x00083a30       0x9c c:/java/eclipsearduino/arduinoplugin/tools/arduino/arm-none-eabi-gcc/4.8.3-2014q1/bin/../lib/gcc/arm-none-eabi/4.8.3/../../../../arm-none-eabi/lib/armv7-m\libg.a(lib_a-freer.o)
                0x00083a30                _malloc_trim_r
 .text._free_r  0x00083acc      0x198 c:/java/eclipsearduino/arduinoplugin/tools/arduino/arm-none-eabi-gcc/4.8.3-2014q1/bin/../lib/gcc/arm-none-eabi/4.8.3/../../../../arm-none-eabi/lib/armv7-m\libg.a(lib_a-freer.o)
                0x00083acc                _free_r
 .text.__sfvwrite_r
                0x00083c64      0x314 c:/java/eclipsearduino/arduinoplugin/tools/arduino/arm-none-eabi-gcc/4.8.3-2014q1/bin/../lib/gcc/arm-none-eabi/4.8.3/../../../../arm-none-eabi/lib/armv7-m\libg.a(lib_a-fvwrite.o)
                0x00083c64                __sfvwrite_r
 .text._fwalk   0x00083f78       0x48 c:/java/eclipsearduino/arduinoplugin/tools/arduino/arm-none-eabi-gcc/4.8.3-2014q1/bin/../lib/gcc/arm-none-eabi/4.8.3/../../../../arm-none-eabi/lib/armv7-m\libg.a(lib_a-fwalk.o)
                0x00083f78                _fwalk
 .text.__locale_charset
                0x00083fc0        0x8 c:/java/eclipsearduino/arduinoplugin/tools/arduino/arm-none-eabi-gcc/4.8.3-2014q1/bin/../lib/gcc/arm-none-eabi/4.8.3/../../../../arm-none-eabi/lib/armv7-m\libg.a(lib_a-locale.o)
                0x00083fc0                __locale_charset
 .text.__locale_mb_cur_max
                0x00083fc8        0xc c:/java/eclipsearduino/arduinoplugin/tools/arduino/arm-none-eabi-gcc/4.8.3-2014q1/bin/../lib/gcc/arm-none-eabi/4.8.3/../../../../arm-none-eabi/lib/armv7-m\libg.a(lib_a-locale.o)
                0x00083fc8                __locale_mb_cur_max
 .text.__smakebuf_r
                0x00083fd4       0xe0 c:/java/eclipsearduino/arduinoplugin/tools/arduino/arm-none-eabi-gcc/4.8.3-2014q1/bin/../lib/gcc/arm-none-eabi/4.8.3/../../../../arm-none-eabi/lib/armv7-m\libg.a(lib_a-makebuf.o)
                0x00083fd4                __smakebuf_r
 .text.memchr   0x000840b4       0x94 c:/java/eclipsearduino/arduinoplugin/tools/arduino/arm-none-eabi-gcc/4.8.3-2014q1/bin/../lib/gcc/arm-none-eabi/4.8.3/../../../../arm-none-eabi/lib/armv7-m\libg.a(lib_a-memchr-stub.o)
                0x000840b4                memchr
 .text          0x00084148       0xec c:/java/eclipsearduino/arduinoplugin/tools/arduino/arm-none-eabi-gcc/4.8.3-2014q1/bin/../lib/gcc/arm-none-eabi/4.8.3/../../../../arm-none-eabi/lib/armv7-m\libg.a(lib_a-memcpy.o)
                0x00084148                memcpy
 .text.memmove  0x00084234       0xcc c:/java/eclipsearduino/arduinoplugin/tools/arduino/arm-none-eabi-gcc/4.8.3-2014q1/bin/../lib/gcc/arm-none-eabi/4.8.3/../../../../arm-none-eabi/lib/armv7-m\libg.a(lib_a-memmove.o)
                0x00084234                memmove
 .text._realloc_r
                0x00084300      0x3c0 c:/java/eclipsearduino/arduinoplugin/tools/arduino/arm-none-eabi-gcc/4.8.3-2014q1/bin/../lib/gcc/arm-none-eabi/4.8.3/../../../../arm-none-eabi/lib/armv7-m\libg.a(lib_a-reallocr.o)
                0x00084300                _realloc_r
 .text._kill_r  0x000846c0       0x28 c:/java/eclipsearduino/arduinoplugin/tools/arduino/arm-none-eabi-gcc/4.8.3-2014q1/bin/../lib/gcc/arm-none-eabi/4.8.3/../../../../arm-none-eabi/lib/armv7-m\libg.a(lib_a-signalr.o)
                0x000846c0                _kill_r
 .text.__sread  0x000846e8       0x24 c:/java/eclipsearduino/arduinoplugin/tools/arduino/arm-none-eabi-gcc/4.8.3-2014q1/bin/../lib/gcc/arm-none-eabi/4.8.3/../../../../arm-none-eabi/lib/armv7-m\libg.a(lib_a-stdio.o)
                0x000846e8                __sread
 .text.__swrite
                0x0008470c       0x38 c:/java/eclipsearduino/arduinoplugin/tools/arduino/arm-none-eabi-gcc/4.8.3-2014q1/bin/../lib/gcc/arm-none-eabi/4.8.3/../../../../arm-none-eabi/lib/armv7-m\libg.a(lib_a-stdio.o)
                0x0008470c                __swrite
 .text.__sseek  0x00084744       0x20 c:/java/eclipsearduino/arduinoplugin/tools/arduino/arm-none-eabi-gcc/4.8.3-2014q1/bin/../lib/gcc/arm-none-eabi/4.8.3/../../../../arm-none-eabi/lib/armv7-m\libg.a(lib_a-stdio.o)
                0x00084744                __sseek
 .text.__sclose
                0x00084764        0x8 c:/java/eclipsearduino/arduinoplugin/tools/arduino/arm-none-eabi-gcc/4.8.3-2014q1/bin/../lib/gcc/arm-none-eabi/4.8.3/../../../../arm-none-eabi/lib/armv7-m\libg.a(lib_a-stdio.o)
                0x00084764                __sclose
 .text.__swbuf_r
                0x0008476c       0xa8 c:/java/eclipsearduino/arduinoplugin/tools/arduino/arm-none-eabi-gcc/4.8.3-2014q1/bin/../lib/gcc/arm-none-eabi/4.8.3/../../../../arm-none-eabi/lib/armv7-m\libg.a(lib_a-wbuf.o)
                0x0008476c                __swbuf_r
 .text._wcrtomb_r
                0x00084814       0x50 c:/java/eclipsearduino/arduinoplugin/tools/arduino/arm-none-eabi-gcc/4.8.3-2014q1/bin/../lib/gcc/arm-none-eabi/4.8.3/../../../../arm-none-eabi/lib/armv7-m\libg.a(lib_a-wcrtomb.o)
                0x00084814                _wcrtomb_r
 .text.__ascii_wctomb
                0x00084864       0x1c c:/java/eclipsearduino/arduinoplugin/tools/arduino/arm-none-eabi-gcc/4.8.3-2014q1/bin/../lib/gcc/arm-none-eabi/4.8.3/../../../../arm-none-eabi/lib/armv7-m\libg.a(lib_a-wctomb_r.o)
                0x00084864                __ascii_wctomb
 .text._write_r
                0x00084880       0x28 c:/java/eclipsearduino/arduinoplugin/tools/arduino/arm-none-eabi-gcc/4.8.3-2014q1/bin/../lib/gcc/arm-none-eabi/4.8.3/../../../../arm-none-eabi/lib/armv7-m\libg.a(lib_a-writer.o)
                0x00084880                _write_r
 .text._close_r
                0x000848a8       0x24 c:/java/eclipsearduino/arduinoplugin/tools/arduino/arm-none-eabi-gcc/4.8.3-2014q1/bin/../lib/gcc/arm-none-eabi/4.8.3/../../../../arm-none-eabi/lib/armv7-m\libg.a(lib_a-closer.o)
                0x000848a8                _close_r
 .text._fclose_r
                0x000848cc       0x80 c:/java/eclipsearduino/arduinoplugin/tools/arduino/arm-none-eabi-gcc/4.8.3-2014q1/bin/../lib/gcc/arm-none-eabi/4.8.3/../../../../arm-none-eabi/lib/armv7-m\libg.a(lib_a-fclose.o)
                0x000848cc                _fclose_r
 .text.fclose   0x0008494c       0x10 c:/java/eclipsearduino/arduinoplugin/tools/arduino/arm-none-eabi-gcc/4.8.3-2014q1/bin/../lib/gcc/arm-none-eabi/4.8.3/../../../../arm-none-eabi/lib/armv7-m\libg.a(lib_a-fclose.o)
                0x0008494c                fclose
 .text._fstat_r
                0x0008495c       0x28 c:/java/eclipsearduino/arduinoplugin/tools/arduino/arm-none-eabi-gcc/4.8.3-2014q1/bin/../lib/gcc/arm-none-eabi/4.8.3/../../../../arm-none-eabi/lib/armv7-m\libg.a(lib_a-fstatr.o)
                0x0008495c                _fstat_r
 .text._isatty_r
                0x00084984       0x24 c:/java/eclipsearduino/arduinoplugin/tools/arduino/arm-none-eabi-gcc/4.8.3-2014q1/bin/../lib/gcc/arm-none-eabi/4.8.3/../../../../arm-none-eabi/lib/armv7-m\libg.a(lib_a-isattyr.o)
                0x00084984                _isatty_r
 .text._lseek_r
                0x000849a8       0x28 c:/java/eclipsearduino/arduinoplugin/tools/arduino/arm-none-eabi-gcc/4.8.3-2014q1/bin/../lib/gcc/arm-none-eabi/4.8.3/../../../../arm-none-eabi/lib/armv7-m\libg.a(lib_a-lseekr.o)
                0x000849a8                _lseek_r
 .text._read_r  0x000849d0       0x28 c:/java/eclipsearduino/arduinoplugin/tools/arduino/arm-none-eabi-gcc/4.8.3-2014q1/bin/../lib/gcc/arm-none-eabi/4.8.3/../../../../arm-none-eabi/lib/armv7-m\libg.a(lib_a-readr.o)
                0x000849d0                _read_r
 .text          0x000849f8       0x2c c:/java/eclipsearduino/arduinoplugin/tools/arduino/arm-none-eabi-gcc/4.8.3-2014q1/bin/../lib/gcc/arm-none-eabi/4.8.3/armv7-m\libgcc.a(_aeabi_uldivmod.o)
                0x000849f8                __aeabi_uldivmod
 .text          0x00084a24       0x60 c:/java/eclipsearduino/arduinoplugin/tools/arduino/arm-none-eabi-gcc/4.8.3-2014q1/bin/../lib/gcc/arm-none-eabi/4.8.3/armv7-m\libgcc.a(bpabi.o)
                0x00084a24                __gnu_ldivmod_helper
                0x00084a54                __gnu_uldivmod_helper
 .text          0x00084a84        0x4 c:/java/eclipsearduino/arduinoplugin/tools/arduino/arm-none-eabi-gcc/4.8.3-2014q1/bin/../lib/gcc/arm-none-eabi/4.8.3/armv7-m\libgcc.a(_dvmd_tls.o)
                0x00084a84                __aeabi_idiv0
                0x00084a84                __aeabi_ldiv0
 .text          0x00084a88      0x2a0 c:/java/eclipsearduino/arduinoplugin/tools/arduino/arm-none-eabi-gcc/4.8.3-2014q1/bin/../lib/gcc/arm-none-eabi/4.8.3/armv7-m\libgcc.a(_divdi3.o)
                0x00084a88                __divdi3
 .text          0x00084d28      0x290 c:/java/eclipsearduino/arduinoplugin/tools/arduino/arm-none-eabi-gcc/4.8.3-2014q1/bin/../lib/gcc/arm-none-eabi/4.8.3/armv7-m\libgcc.a(_udivdi3.o)
                0x00084d28                __udivdi3
 *(.glue_7t)
 .glue_7t       0x00000000        0x0 linker stubs
 *(.glue_7)
 .glue_7        0x00000000        0x0 linker stubs
 *(.rodata .rodata* .gnu.linkonce.r.*)
 .rodata.str1.1
                0x00084fb8       0x1b ./src/GaterminatorApp.cpp.o
 *fill*         0x00084fd3        0x5 
 .rodata._ZTV15GaterminatorApp
                0x00084fd8       0x10 ./src/GaterminatorApp.cpp.o
                0x00084fd8                vtable for GaterminatorApp
 .rodata._ZTV12NoiseChecker
                0x00084fe8       0x10 ./src/NoiseChecker.cpp.o
                0x00084fe8                vtable for NoiseChecker
 .rodata.str1.1
                0x00084ff8       0x2a ./src/NoiseChecker.cpp.o
 *fill*         0x00085022        0x6 
 .rodata._ZTV12RangeLearner
                0x00085028       0x10 ./src/RangeLearner.cpp.o
                0x00085028                vtable for RangeLearner
 .rodata.str1.1
                0x00085038       0x63 ./src/RangeLearner.cpp.o
 *fill*         0x0008509b        0x5 
 .rodata._ZTV13SecondCounter
                0x000850a0       0x10 ./src/SecondCounter.cpp.o
                0x000850a0                vtable for SecondCounter
 .rodata.g_APinDescription
                0x000850b0      0xa2c arduino.ar(variant.cpp.o)
                0x000850b0                g_APinDescription
 .rodata.str1.1
                0x00085adc       0x11 arduino.ar(Print.cpp.o)
 *fill*         0x00085aed        0x3 
 .rodata._ZTV9UARTClass
                0x00085af0       0x30 arduino.ar(UARTClass.cpp.o)
                0x00085af0                vtable for UARTClass
 .rodata._ZTV10USARTClass
                0x00085b20       0x30 arduino.ar(USARTClass.cpp.o)
                0x00085b20                vtable for USARTClass
 .rodata.str1.1
                0x00085b50       0x19 arduino.ar(syscalls_sam3.c.o)
 .rodata.STRING_PRODUCT
                0x00085b69        0xc arduino.ar(USBCore.cpp.o)
                0x00085b69                STRING_PRODUCT
 .rodata.USB_DeviceDescriptor
                0x00085b75       0x12 arduino.ar(USBCore.cpp.o)
                0x00085b75                USB_DeviceDescriptor
 *fill*         0x00085b87        0x1 
 .rodata.STRING_LANGUAGE
                0x00085b88        0x4 arduino.ar(USBCore.cpp.o)
                0x00085b88                STRING_LANGUAGE
 .rodata._ZL18test_packet_buffer
                0x00085b8c       0x35 arduino.ar(USBCore.cpp.o)
 .rodata.STRING_MANUFACTURER
                0x00085bc1        0xc arduino.ar(USBCore.cpp.o)
                0x00085bc1                STRING_MANUFACTURER
 .rodata.USB_DeviceDescriptorA
                0x00085bcd       0x12 arduino.ar(USBCore.cpp.o)
                0x00085bcd                USB_DeviceDescriptorA
 .rodata._ZL19USB_DeviceQualifier
                0x00085bdf        0x9 arduino.ar(USBCore.cpp.o)
 .rodata._ZTV7Serial_
                0x00085be8       0x28 arduino.ar(CDC.cpp.o)
                0x00085be8                vtable for Serial_
 .rodata._ZL18_cdcOtherInterface
                0x00085c10       0x42 arduino.ar(CDC.cpp.o)
 .rodata._ZL13_cdcInterface
                0x00085c52       0x42 arduino.ar(CDC.cpp.o)
 .rodata        0x00085c94       0x40 C:/java/eclipseArduino/arduinoPlugin/packages/arduino/hardware/sam/1.6.8/variants/arduino_due_x/libsam_sam3x8e_gcc_rel.a(adc.o)
 .rodata.str1.4
                0x00085cd4        0x2 c:/java/eclipsearduino/arduinoplugin/tools/arduino/arm-none-eabi-gcc/4.8.3-2014q1/bin/../lib/gcc/arm-none-eabi/4.8.3/../../../../arm-none-eabi/lib/armv7-m\libg.a(lib_a-impure.o)
                                  0x4 (size before relaxing)
 *fill*         0x00085cd6        0x2 
 .rodata._global_impure_ptr
                0x00085cd8        0x4 c:/java/eclipsearduino/arduinoplugin/tools/arduino/arm-none-eabi-gcc/4.8.3-2014q1/bin/../lib/gcc/arm-none-eabi/4.8.3/../../../../arm-none-eabi/lib/armv7-m\libg.a(lib_a-impure.o)
                0x00085cd8                _global_impure_ptr
 .rodata.blanks.6717
                0x00085cdc       0x10 c:/java/eclipsearduino/arduinoplugin/tools/arduino/arm-none-eabi-gcc/4.8.3-2014q1/bin/../lib/gcc/arm-none-eabi/4.8.3/../../../../arm-none-eabi/lib/armv7-m\libg.a(lib_a-vfiprintf.o)
 .rodata.str1.4
                0x00085cec       0x30 c:/java/eclipsearduino/arduinoplugin/tools/arduino/arm-none-eabi-gcc/4.8.3-2014q1/bin/../lib/gcc/arm-none-eabi/4.8.3/../../../../arm-none-eabi/lib/armv7-m\libg.a(lib_a-vfiprintf.o)
 .rodata.zeroes.6718
                0x00085d1c       0x10 c:/java/eclipsearduino/arduinoplugin/tools/arduino/arm-none-eabi-gcc/4.8.3-2014q1/bin/../lib/gcc/arm-none-eabi/4.8.3/../../../../arm-none-eabi/lib/armv7-m\libg.a(lib_a-vfiprintf.o)
 *(.ARM.extab* .gnu.linkonce.armextab.*)
                0x00085d2c                . = ALIGN (0x4)
 *(.init)
 .init          0x00085d2c        0x4 c:/java/eclipsearduino/arduinoplugin/tools/arduino/arm-none-eabi-gcc/4.8.3-2014q1/bin/../lib/gcc/arm-none-eabi/4.8.3/armv7-m/crti.o
                0x00085d2c                _init
 .init          0x00085d30        0x8 c:/java/eclipsearduino/arduinoplugin/tools/arduino/arm-none-eabi-gcc/4.8.3-2014q1/bin/../lib/gcc/arm-none-eabi/4.8.3/armv7-m/crtn.o
                0x00085d38                . = ALIGN (0x4)
                0x00085d38                __preinit_array_start = .
 *(.preinit_array)
                0x00085d38                __preinit_array_end = .
                0x00085d38                . = ALIGN (0x4)
                0x00085d38                __init_array_start = .
 *(SORT(.init_array.*))
 .init_array.00000
                0x00085d38        0x4 c:/java/eclipsearduino/arduinoplugin/tools/arduino/arm-none-eabi-gcc/4.8.3-2014q1/bin/../lib/gcc/arm-none-eabi/4.8.3/../../../../arm-none-eabi/lib/armv7-m\libg.a(lib_a-__call_atexit.o)
 *(.init_array)
 .init_array    0x00085d3c        0x4 c:/java/eclipsearduino/arduinoplugin/tools/arduino/arm-none-eabi-gcc/4.8.3-2014q1/bin/../lib/gcc/arm-none-eabi/4.8.3/armv7-m/crtbegin.o
 .init_array    0x00085d40        0x4 ./src/gaterminator.cpp.o
 .init_array    0x00085d44        0x4 arduino.ar(variant.cpp.o)
 .init_array    0x00085d48        0x4 arduino.ar(USBCore.cpp.o)
 .init_array    0x00085d4c        0x4 arduino.ar(CDC.cpp.o)
                0x00085d50                __init_array_end = .
                0x00085d50                . = ALIGN (0x4)
 *crtbegin.o(.ctors)
 *(EXCLUDE_FILE(*crtend.o) .ctors)
 *(SORT(.ctors.*))
 *crtend.o(.ctors)
                0x00085d50                . = ALIGN (0x4)
 *(.fini)
 .fini          0x00085d50        0x4 c:/java/eclipsearduino/arduinoplugin/tools/arduino/arm-none-eabi-gcc/4.8.3-2014q1/bin/../lib/gcc/arm-none-eabi/4.8.3/armv7-m/crti.o
                0x00085d50                _fini
 .fini          0x00085d54        0x8 c:/java/eclipsearduino/arduinoplugin/tools/arduino/arm-none-eabi-gcc/4.8.3-2014q1/bin/../lib/gcc/arm-none-eabi/4.8.3/armv7-m/crtn.o
                0x00085d5c                . = ALIGN (0x4)
                0x00085d5c                __fini_array_start = .
 *(.fini_array)
 .fini_array    0x00085d5c        0x4 c:/java/eclipsearduino/arduinoplugin/tools/arduino/arm-none-eabi-gcc/4.8.3-2014q1/bin/../lib/gcc/arm-none-eabi/4.8.3/armv7-m/crtbegin.o
 *(SORT(.fini_array.*))
                0x00085d60                __fini_array_end = .
 *crtbegin.o(.dtors)
 *(EXCLUDE_FILE(*crtend.o) .dtors)
 *(SORT(.dtors.*))
 *crtend.o(.dtors)
                0x00085d60                . = ALIGN (0x4)
                0x00085d60                _efixed = .
                0x00085d60                PROVIDE (__exidx_start, .)

.vfp11_veneer   0x00085d60        0x0
 .vfp11_veneer  0x00000000        0x0 linker stubs

.v4_bx          0x00085d60        0x0
 .v4_bx         0x00000000        0x0 linker stubs

.iplt           0x00085d60        0x0
 .iplt          0x00000000        0x0 c:/java/eclipsearduino/arduinoplugin/tools/arduino/arm-none-eabi-gcc/4.8.3-2014q1/bin/../lib/gcc/arm-none-eabi/4.8.3/armv7-m/crtbegin.o

.ARM.exidx      0x00085d60        0x8
 *(.ARM.exidx* .gnu.linkonce.armexidx.*)
 .ARM.exidx     0x00085d60        0x8 c:/java/eclipsearduino/arduinoplugin/tools/arduino/arm-none-eabi-gcc/4.8.3-2014q1/bin/../lib/gcc/arm-none-eabi/4.8.3/armv7-m\libgcc.a(_divdi3.o)
 .ARM.exidx     0x00085d68        0x0 c:/java/eclipsearduino/arduinoplugin/tools/arduino/arm-none-eabi-gcc/4.8.3-2014q1/bin/../lib/gcc/arm-none-eabi/4.8.3/armv7-m\libgcc.a(_udivdi3.o)
                                  0x8 (size before relaxing)
                0x00085d68                PROVIDE (__exidx_end, .)

.eh_frame       0x00085d68        0x0
 .eh_frame      0x00085d68        0x0 c:/java/eclipsearduino/arduinoplugin/tools/arduino/arm-none-eabi-gcc/4.8.3-2014q1/bin/../lib/gcc/arm-none-eabi/4.8.3/armv7-m/crtbegin.o

.rel.dyn        0x00085d68        0x0
 .rel.iplt      0x00000000        0x0 c:/java/eclipsearduino/arduinoplugin/tools/arduino/arm-none-eabi-gcc/4.8.3-2014q1/bin/../lib/gcc/arm-none-eabi/4.8.3/armv7-m/crtbegin.o

.jcr            0x00085d68        0x0
 .jcr           0x00085d68        0x0 c:/java/eclipsearduino/arduinoplugin/tools/arduino/arm-none-eabi-gcc/4.8.3-2014q1/bin/../lib/gcc/arm-none-eabi/4.8.3/armv7-m/crtbegin.o

.igot.plt       0x00085d68        0x0
 .igot.plt      0x00000000        0x0 c:/java/eclipsearduino/arduinoplugin/tools/arduino/arm-none-eabi-gcc/4.8.3-2014q1/bin/../lib/gcc/arm-none-eabi/4.8.3/armv7-m/crtbegin.o
                0x00085d68                . = ALIGN (0x4)
                0x00085d68                _etext = .

.relocate       0x20070000      0x8dc load address 0x00085d68
                0x20070000                . = ALIGN (0x4)
                0x20070000                _srelocate = .
 *(.ramfunc .ramfunc.*)
 .ramfunc       0x20070000       0x2c arduino.ar(Reset.cpp.o)
                0x20070000                banzai
 *(.data .data.*)
 .data          0x2007002c        0x4 c:/java/eclipsearduino/arduinoplugin/tools/arduino/arm-none-eabi-gcc/4.8.3-2014q1/bin/../lib/gcc/arm-none-eabi/4.8.3/armv7-m/crtbegin.o
                0x2007002c                __dso_handle
 .data.latestSelectedChannel.9380
                0x20070030        0x4 arduino.ar(wiring_analog.c.o)
 .data._readResolution
                0x20070034        0x4 arduino.ar(wiring_analog.c.o)
 .data.EndPoints
                0x20070038       0x28 arduino.ar(USBCore.cpp.o)
                0x20070038                EndPoints
 .data._ZL10breakValue
                0x20070060        0x4 arduino.ar(CDC.cpp.o)
 .data._ZL12_usbLineInfo
                0x20070064        0x8 arduino.ar(CDC.cpp.o)
 .data._ZL5ticks
                0x2007006c        0x4 arduino.ar(Reset.cpp.o)
 .data.SystemCoreClock
                0x20070070        0x4 C:/java/eclipseArduino/arduinoPlugin/packages/arduino/hardware/sam/1.6.8/variants/arduino_due_x/libsam_sam3x8e_gcc_rel.a(system_sam3xa.o)
                0x20070070                SystemCoreClock
 .data.g_interrupt_enabled
                0x20070074        0x4 C:/java/eclipseArduino/arduinoPlugin/packages/arduino/hardware/sam/1.6.8/variants/arduino_due_x/libsam_sam3x8e_gcc_rel.a(interrupt_sam_nvic.o)
                0x20070074                g_interrupt_enabled
 .data.impure_data
                0x20070078      0x428 c:/java/eclipsearduino/arduinoplugin/tools/arduino/arm-none-eabi-gcc/4.8.3-2014q1/bin/../lib/gcc/arm-none-eabi/4.8.3/../../../../arm-none-eabi/lib/armv7-m\libg.a(lib_a-impure.o)
 .data._impure_ptr
                0x200704a0        0x4 c:/java/eclipsearduino/arduinoplugin/tools/arduino/arm-none-eabi-gcc/4.8.3-2014q1/bin/../lib/gcc/arm-none-eabi/4.8.3/../../../../arm-none-eabi/lib/armv7-m\libg.a(lib_a-impure.o)
                0x200704a0                _impure_ptr
 .data.__malloc_av_
                0x200704a4      0x408 c:/java/eclipsearduino/arduinoplugin/tools/arduino/arm-none-eabi-gcc/4.8.3-2014q1/bin/../lib/gcc/arm-none-eabi/4.8.3/../../../../arm-none-eabi/lib/armv7-m\libg.a(lib_a-mallocr.o)
                0x200704a4                __malloc_av_
 .data.__malloc_trim_threshold
                0x200708ac        0x4 c:/java/eclipsearduino/arduinoplugin/tools/arduino/arm-none-eabi-gcc/4.8.3-2014q1/bin/../lib/gcc/arm-none-eabi/4.8.3/../../../../arm-none-eabi/lib/armv7-m\libg.a(lib_a-mallocr.o)
                0x200708ac                __malloc_trim_threshold
 .data.__malloc_sbrk_base
                0x200708b0        0x4 c:/java/eclipsearduino/arduinoplugin/tools/arduino/arm-none-eabi-gcc/4.8.3-2014q1/bin/../lib/gcc/arm-none-eabi/4.8.3/../../../../arm-none-eabi/lib/armv7-m\libg.a(lib_a-mallocr.o)
                0x200708b0                __malloc_sbrk_base
 .data.lc_ctype_charset
                0x200708b4       0x20 c:/java/eclipsearduino/arduinoplugin/tools/arduino/arm-none-eabi-gcc/4.8.3-2014q1/bin/../lib/gcc/arm-none-eabi/4.8.3/../../../../arm-none-eabi/lib/armv7-m\libg.a(lib_a-locale.o)
 .data.__mb_cur_max
                0x200708d4        0x4 c:/java/eclipsearduino/arduinoplugin/tools/arduino/arm-none-eabi-gcc/4.8.3-2014q1/bin/../lib/gcc/arm-none-eabi/4.8.3/../../../../arm-none-eabi/lib/armv7-m\libg.a(lib_a-locale.o)
                0x200708d4                __mb_cur_max
 .data.__wctomb
                0x200708d8        0x4 c:/java/eclipsearduino/arduinoplugin/tools/arduino/arm-none-eabi-gcc/4.8.3-2014q1/bin/../lib/gcc/arm-none-eabi/4.8.3/../../../../arm-none-eabi/lib/armv7-m\libg.a(lib_a-wctomb_r.o)
                0x200708d8                __wctomb
                0x200708dc                . = ALIGN (0x4)
                0x200708dc                _erelocate = .

.bss            0x200708dc      0xab0 load address 0x00086644
                0x200708dc                . = ALIGN (0x4)
                0x200708dc                _sbss = .
                0x200708dc                _szero = .
 *(.bss .bss.*)
 .bss           0x200708dc       0x1c c:/java/eclipsearduino/arduinoplugin/tools/arduino/arm-none-eabi-gcc/4.8.3-2014q1/bin/../lib/gcc/arm-none-eabi/4.8.3/armv7-m/crtbegin.o
 .bss.m_app     0x200708f8       0x88 ./src/gaterminator.cpp.o
                0x200708f8                m_app
 .bss.tx_buffer2
                0x20070980       0x88 arduino.ar(variant.cpp.o)
                0x20070980                tx_buffer2
 .bss.tx_buffer1
                0x20070a08       0x88 arduino.ar(variant.cpp.o)
                0x20070a08                tx_buffer1
 .bss.Serial    0x20070a90       0x24 arduino.ar(variant.cpp.o)
                0x20070a90                Serial
 .bss.rx_buffer1
                0x20070ab4       0x88 arduino.ar(variant.cpp.o)
                0x20070ab4                rx_buffer1
 .bss.Serial1   0x20070b3c       0x28 arduino.ar(variant.cpp.o)
                0x20070b3c                Serial1
 .bss.Serial2   0x20070b64       0x28 arduino.ar(variant.cpp.o)
                0x20070b64                Serial2
 .bss.Serial3   0x20070b8c       0x28 arduino.ar(variant.cpp.o)
                0x20070b8c                Serial3
 .bss.tx_buffer3
                0x20070bb4       0x88 arduino.ar(variant.cpp.o)
                0x20070bb4                tx_buffer3
 .bss.tx_buffer4
                0x20070c3c       0x88 arduino.ar(variant.cpp.o)
                0x20070c3c                tx_buffer4
 .bss.g_pinStatus
                0x20070cc4       0x4f arduino.ar(variant.cpp.o)
                0x20070cc4                g_pinStatus
 *fill*         0x20070d13        0x1 
 .bss.rx_buffer2
                0x20070d14       0x88 arduino.ar(variant.cpp.o)
                0x20070d14                rx_buffer2
 .bss.rx_buffer3
                0x20070d9c       0x88 arduino.ar(variant.cpp.o)
                0x20070d9c                rx_buffer3
 .bss.rx_buffer4
                0x20070e24       0x88 arduino.ar(variant.cpp.o)
                0x20070e24                rx_buffer4
 .bss.heap.6420
                0x20070eac        0x4 arduino.ar(syscalls_sam3.c.o)
 .bss._cmark    0x20070eb0        0x2 arduino.ar(USBCore.cpp.o)
                0x20070eb0                _cmark
 .bss._ZL14isEndpointHalt
                0x20070eb2        0x1 arduino.ar(USBCore.cpp.o)
 *fill*         0x20070eb3        0x1 
 .bss._cdcComposite
                0x20070eb4        0x4 arduino.ar(USBCore.cpp.o)
                0x20070eb4                _cdcComposite
 .bss._ZL21isRemoteWakeUpEnabled
                0x20070eb8        0x1 arduino.ar(USBCore.cpp.o)
 *fill*         0x20070eb9        0x3 
 .bss._usbInitialized
                0x20070ebc        0x4 arduino.ar(USBCore.cpp.o)
                0x20070ebc                _usbInitialized
 .bss.USBDevice
                0x20070ec0        0x1 arduino.ar(USBCore.cpp.o)
                0x20070ec0                USBDevice
 *fill*         0x20070ec1        0x3 
 .bss._usbSetInterface
                0x20070ec4        0x4 arduino.ar(USBCore.cpp.o)
                0x20070ec4                _usbSetInterface
 .bss._cend     0x20070ec8        0x2 arduino.ar(USBCore.cpp.o)
                0x20070ec8                _cend
 *fill*         0x20070eca        0x2 
 .bss._usbConfiguration
                0x20070ecc        0x4 arduino.ar(USBCore.cpp.o)
                0x20070ecc                _usbConfiguration
 .bss.cdc_rx_buffer
                0x20070ed0      0x208 arduino.ar(CDC.cpp.o)
                0x20070ed0                cdc_rx_buffer
 .bss._ZZN7Serial_6acceptEvE5guard
                0x200710d8        0x4 arduino.ar(CDC.cpp.o)
 .bss.SerialUSB
                0x200710dc       0x14 arduino.ar(CDC.cpp.o)
                0x200710dc                SerialUSB
 .bss._ZZ12PluggableUSBvE3obj
                0x200710f0        0x8 arduino.ar(PluggableUSB.cpp.o)
 .bss._ZGVZ12PluggableUSBvE3obj
                0x200710f8        0x4 arduino.ar(PluggableUSB.cpp.o)
 .bss._dwTickCount
                0x200710fc        0x4 C:/java/eclipseArduino/arduinoPlugin/packages/arduino/hardware/sam/1.6.8/variants/arduino_due_x/libsam_sam3x8e_gcc_rel.a(timetick.o)
 .bss.gpf_isr   0x20071100        0x4 C:/java/eclipseArduino/arduinoPlugin/packages/arduino/hardware/sam/1.6.8/variants/arduino_due_x/libsam_sam3x8e_gcc_rel.a(uotghs.o)
                0x20071100                gpf_isr
 .bss.ul_recv_fifo_ptr
                0x20071104       0x28 C:/java/eclipseArduino/arduinoPlugin/packages/arduino/hardware/sam/1.6.8/variants/arduino_due_x/libsam_sam3x8e_gcc_rel.a(uotghs_device.o)
 .bss.ul_send_fifo_ptr
                0x2007112c       0x28 C:/java/eclipseArduino/arduinoPlugin/packages/arduino/hardware/sam/1.6.8/variants/arduino_due_x/libsam_sam3x8e_gcc_rel.a(uotghs_device.o)
 .bss.callbacksPioA
                0x20071154       0x80 arduino.ar(WInterrupts.c.o)
 .bss.callbacksPioB
                0x200711d4       0x80 arduino.ar(WInterrupts.c.o)
 .bss.callbacksPioC
                0x20071254       0x80 arduino.ar(WInterrupts.c.o)
 .bss.callbacksPioD
                0x200712d4       0x80 arduino.ar(WInterrupts.c.o)
 .bss.__malloc_max_total_mem
                0x20071354        0x4 c:/java/eclipsearduino/arduinoplugin/tools/arduino/arm-none-eabi-gcc/4.8.3-2014q1/bin/../lib/gcc/arm-none-eabi/4.8.3/../../../../arm-none-eabi/lib/armv7-m\libg.a(lib_a-mallocr.o)
                0x20071354                __malloc_max_total_mem
 .bss.__malloc_max_sbrked_mem
                0x20071358        0x4 c:/java/eclipsearduino/arduinoplugin/tools/arduino/arm-none-eabi-gcc/4.8.3-2014q1/bin/../lib/gcc/arm-none-eabi/4.8.3/../../../../arm-none-eabi/lib/armv7-m\libg.a(lib_a-mallocr.o)
                0x20071358                __malloc_max_sbrked_mem
 .bss.__malloc_top_pad
                0x2007135c        0x4 c:/java/eclipsearduino/arduinoplugin/tools/arduino/arm-none-eabi-gcc/4.8.3-2014q1/bin/../lib/gcc/arm-none-eabi/4.8.3/../../../../arm-none-eabi/lib/armv7-m\libg.a(lib_a-mallocr.o)
                0x2007135c                __malloc_top_pad
 .bss.__malloc_current_mallinfo
                0x20071360       0x28 c:/java/eclipsearduino/arduinoplugin/tools/arduino/arm-none-eabi-gcc/4.8.3-2014q1/bin/../lib/gcc/arm-none-eabi/4.8.3/../../../../arm-none-eabi/lib/armv7-m\libg.a(lib_a-mallocr.o)
                0x20071360                __malloc_current_mallinfo
 *(COMMON)
 COMMON         0x20071388        0x4 c:/java/eclipsearduino/arduinoplugin/tools/arduino/arm-none-eabi-gcc/4.8.3-2014q1/bin/../lib/gcc/arm-none-eabi/4.8.3/../../../../arm-none-eabi/lib/armv7-m\libg.a(lib_a-reent.o)
                0x20071388                errno
                0x2007138c                . = ALIGN (0x4)
                0x2007138c                _ebss = .
                0x2007138c                _ezero = .
                0x2007138c                . = ALIGN (0x4)
                0x2007138c                _end = .

.stack_dummy    0x2007138c        0x0
 *(.stack*)
                0x20088000                __StackTop = (ORIGIN (ram) + 0x18000)
                0x20088000                __StackLimit = (__StackTop - SIZEOF (.stack_dummy))
                0x20088000                PROVIDE (_sstack, __StackLimit)
                0x20088000                PROVIDE (_estack, __StackTop)
OUTPUT(C:/devel/java/arduino_wksp/gaterminator/Release/gaterminator.elf elf32-littlearm)

.ARM.attributes
                0x00000000       0x29
 .ARM.attributes
                0x00000000       0x1d c:/java/eclipsearduino/arduinoplugin/tools/arduino/arm-none-eabi-gcc/4.8.3-2014q1/bin/../lib/gcc/arm-none-eabi/4.8.3/armv7-m/crti.o
 .ARM.attributes
                0x0000001d       0x2d c:/java/eclipsearduino/arduinoplugin/tools/arduino/arm-none-eabi-gcc/4.8.3-2014q1/bin/../lib/gcc/arm-none-eabi/4.8.3/armv7-m/crtbegin.o
 .ARM.attributes
                0x0000004a       0x33 ./src/GaterminatorApp.cpp.o
 .ARM.attributes
                0x0000007d       0x33 ./src/NoiseChecker.cpp.o
 .ARM.attributes
                0x000000b0       0x33 ./src/RangeLearner.cpp.o
 .ARM.attributes
                0x000000e3       0x33 ./src/SecondCounter.cpp.o
 .ARM.attributes
                0x00000116       0x33 ./src/gaterminator.cpp.o
 .ARM.attributes
                0x00000149       0x33 arduino.ar(variant.cpp.o)
 .ARM.attributes
                0x0000017c       0x33 arduino.ar(Print.cpp.o)
 .ARM.attributes
                0x000001af       0x33 arduino.ar(RingBuffer.cpp.o)
 .ARM.attributes
                0x000001e2       0x33 arduino.ar(UARTClass.cpp.o)
 .ARM.attributes
                0x00000215       0x33 arduino.ar(USARTClass.cpp.o)
 .ARM.attributes
                0x00000248       0x33 arduino.ar(WMath.cpp.o)
 .ARM.attributes
                0x0000027b       0x33 arduino.ar(main.cpp.o)
 .ARM.attributes
                0x000002ae       0x33 arduino.ar(new.cpp.o)
 .ARM.attributes
                0x000002e1       0x33 arduino.ar(syscalls_sam3.c.o)
 .ARM.attributes
                0x00000314       0x33 arduino.ar(watchdog.cpp.o)
 .ARM.attributes
                0x00000347       0x33 arduino.ar(wiring.c.o)
 .ARM.attributes
                0x0000037a       0x33 arduino.ar(wiring_analog.c.o)
 .ARM.attributes
                0x000003ad       0x33 arduino.ar(wiring_digital.c.o)
 .ARM.attributes
                0x000003e0       0x33 arduino.ar(USBCore.cpp.o)
 .ARM.attributes
                0x00000413       0x33 arduino.ar(hooks.c.o)
 .ARM.attributes
                0x00000446       0x33 arduino.ar(CDC.cpp.o)
 .ARM.attributes
                0x00000479       0x33 arduino.ar(PluggableUSB.cpp.o)
 .ARM.attributes
                0x000004ac       0x33 arduino.ar(Reset.cpp.o)
 .ARM.attributes
                0x000004df       0x33 C:/java/eclipseArduino/arduinoPlugin/packages/arduino/hardware/sam/1.6.8/variants/arduino_due_x/libsam_sam3x8e_gcc_rel.a(pio.o)
 .ARM.attributes
                0x00000512       0x33 C:/java/eclipseArduino/arduinoPlugin/packages/arduino/hardware/sam/1.6.8/variants/arduino_due_x/libsam_sam3x8e_gcc_rel.a(pmc.o)
 .ARM.attributes
                0x00000545       0x33 C:/java/eclipseArduino/arduinoPlugin/packages/arduino/hardware/sam/1.6.8/variants/arduino_due_x/libsam_sam3x8e_gcc_rel.a(timetick.o)
 .ARM.attributes
                0x00000578       0x33 C:/java/eclipseArduino/arduinoPlugin/packages/arduino/hardware/sam/1.6.8/variants/arduino_due_x/libsam_sam3x8e_gcc_rel.a(wdt.o)
 .ARM.attributes
                0x000005ab       0x33 C:/java/eclipseArduino/arduinoPlugin/packages/arduino/hardware/sam/1.6.8/variants/arduino_due_x/libsam_sam3x8e_gcc_rel.a(system_sam3xa.o)
 .ARM.attributes
                0x000005de       0x33 C:/java/eclipseArduino/arduinoPlugin/packages/arduino/hardware/sam/1.6.8/variants/arduino_due_x/libsam_sam3x8e_gcc_rel.a(startup_sam3xa.o)
 .ARM.attributes
                0x00000611       0x33 C:/java/eclipseArduino/arduinoPlugin/packages/arduino/hardware/sam/1.6.8/variants/arduino_due_x/libsam_sam3x8e_gcc_rel.a(adc.o)
 .ARM.attributes
                0x00000644       0x33 C:/java/eclipseArduino/arduinoPlugin/packages/arduino/hardware/sam/1.6.8/variants/arduino_due_x/libsam_sam3x8e_gcc_rel.a(uotghs.o)
 .ARM.attributes
                0x00000677       0x33 C:/java/eclipseArduino/arduinoPlugin/packages/arduino/hardware/sam/1.6.8/variants/arduino_due_x/libsam_sam3x8e_gcc_rel.a(interrupt_sam_nvic.o)
 .ARM.attributes
                0x000006aa       0x33 C:/java/eclipseArduino/arduinoPlugin/packages/arduino/hardware/sam/1.6.8/variants/arduino_due_x/libsam_sam3x8e_gcc_rel.a(uotghs_device.o)
 .ARM.attributes
                0x000006dd       0x33 arduino.ar(WInterrupts.c.o)
 .ARM.attributes
                0x00000710       0x33 arduino.ar(cortex_handlers.c.o)
 .ARM.attributes
                0x00000743       0x2d c:/java/eclipsearduino/arduinoplugin/tools/arduino/arm-none-eabi-gcc/4.8.3-2014q1/bin/../lib/gcc/arm-none-eabi/4.8.3/../../../../arm-none-eabi/lib/armv7-m\libg.a(lib_a-aeabi_atexit.o)
 .ARM.attributes
                0x00000770       0x2d c:/java/eclipsearduino/arduinoplugin/tools/arduino/arm-none-eabi-gcc/4.8.3-2014q1/bin/../lib/gcc/arm-none-eabi/4.8.3/../../../../arm-none-eabi/lib/armv7-m\libg.a(lib_a-cxa_atexit.o)
 .ARM.attributes
                0x0000079d       0x2d c:/java/eclipsearduino/arduinoplugin/tools/arduino/arm-none-eabi-gcc/4.8.3-2014q1/bin/../lib/gcc/arm-none-eabi/4.8.3/../../../../arm-none-eabi/lib/armv7-m\libg.a(lib_a-impure.o)
 .ARM.attributes
                0x000007ca       0x2d c:/java/eclipsearduino/arduinoplugin/tools/arduino/arm-none-eabi-gcc/4.8.3-2014q1/bin/../lib/gcc/arm-none-eabi/4.8.3/../../../../arm-none-eabi/lib/armv7-m\libg.a(lib_a-init.o)
 .ARM.attributes
                0x000007f7       0x2d c:/java/eclipsearduino/arduinoplugin/tools/arduino/arm-none-eabi-gcc/4.8.3-2014q1/bin/../lib/gcc/arm-none-eabi/4.8.3/../../../../arm-none-eabi/lib/armv7-m\libg.a(lib_a-iprintf.o)
 .ARM.attributes
                0x00000824       0x2d c:/java/eclipsearduino/arduinoplugin/tools/arduino/arm-none-eabi-gcc/4.8.3-2014q1/bin/../lib/gcc/arm-none-eabi/4.8.3/../../../../arm-none-eabi/lib/armv7-m\libg.a(lib_a-malloc.o)
 .ARM.attributes
                0x00000851       0x2d c:/java/eclipsearduino/arduinoplugin/tools/arduino/arm-none-eabi-gcc/4.8.3-2014q1/bin/../lib/gcc/arm-none-eabi/4.8.3/../../../../arm-none-eabi/lib/armv7-m\libg.a(lib_a-mallocr.o)
 .ARM.attributes
                0x0000087e       0x2d c:/java/eclipsearduino/arduinoplugin/tools/arduino/arm-none-eabi-gcc/4.8.3-2014q1/bin/../lib/gcc/arm-none-eabi/4.8.3/../../../../arm-none-eabi/lib/armv7-m\libg.a(lib_a-memset.o)
 .ARM.attributes
                0x000008ab       0x2d c:/java/eclipsearduino/arduinoplugin/tools/arduino/arm-none-eabi-gcc/4.8.3-2014q1/bin/../lib/gcc/arm-none-eabi/4.8.3/../../../../arm-none-eabi/lib/armv7-m\libg.a(lib_a-mlock.o)
 .ARM.attributes
                0x000008d8       0x2d c:/java/eclipsearduino/arduinoplugin/tools/arduino/arm-none-eabi-gcc/4.8.3-2014q1/bin/../lib/gcc/arm-none-eabi/4.8.3/../../../../arm-none-eabi/lib/armv7-m\libg.a(lib_a-sbrkr.o)
 .ARM.attributes
                0x00000905       0x2d c:/java/eclipsearduino/arduinoplugin/tools/arduino/arm-none-eabi-gcc/4.8.3-2014q1/bin/../lib/gcc/arm-none-eabi/4.8.3/../../../../arm-none-eabi/lib/armv7-m\libg.a(lib_a-strlen.o)
 .ARM.attributes
                0x00000932       0x2d c:/java/eclipsearduino/arduinoplugin/tools/arduino/arm-none-eabi-gcc/4.8.3-2014q1/bin/../lib/gcc/arm-none-eabi/4.8.3/../../../../arm-none-eabi/lib/armv7-m\libg.a(lib_a-syskill.o)
 .ARM.attributes
                0x0000095f       0x2d c:/java/eclipsearduino/arduinoplugin/tools/arduino/arm-none-eabi-gcc/4.8.3-2014q1/bin/../lib/gcc/arm-none-eabi/4.8.3/../../../../arm-none-eabi/lib/armv7-m\libg.a(lib_a-vfiprintf.o)
 .ARM.attributes
                0x0000098c       0x2d c:/java/eclipsearduino/arduinoplugin/tools/arduino/arm-none-eabi-gcc/4.8.3-2014q1/bin/../lib/gcc/arm-none-eabi/4.8.3/../../../../arm-none-eabi/lib/armv7-m\libg.a(lib_a-wsetup.o)
 .ARM.attributes
                0x000009b9       0x2d c:/java/eclipsearduino/arduinoplugin/tools/arduino/arm-none-eabi-gcc/4.8.3-2014q1/bin/../lib/gcc/arm-none-eabi/4.8.3/../../../../arm-none-eabi/lib/armv7-m\libg.a(lib_a-__atexit.o)
 .ARM.attributes
                0x000009e6       0x2d c:/java/eclipsearduino/arduinoplugin/tools/arduino/arm-none-eabi-gcc/4.8.3-2014q1/bin/../lib/gcc/arm-none-eabi/4.8.3/../../../../arm-none-eabi/lib/armv7-m\libg.a(lib_a-__call_atexit.o)
 .ARM.attributes
                0x00000a13       0x2d c:/java/eclipsearduino/arduinoplugin/tools/arduino/arm-none-eabi-gcc/4.8.3-2014q1/bin/../lib/gcc/arm-none-eabi/4.8.3/../../../../arm-none-eabi/lib/armv7-m\libg.a(lib_a-atexit.o)
 .ARM.attributes
                0x00000a40       0x2d c:/java/eclipsearduino/arduinoplugin/tools/arduino/arm-none-eabi-gcc/4.8.3-2014q1/bin/../lib/gcc/arm-none-eabi/4.8.3/../../../../arm-none-eabi/lib/armv7-m\libg.a(lib_a-fflush.o)
 .ARM.attributes
                0x00000a6d       0x2d c:/java/eclipsearduino/arduinoplugin/tools/arduino/arm-none-eabi-gcc/4.8.3-2014q1/bin/../lib/gcc/arm-none-eabi/4.8.3/../../../../arm-none-eabi/lib/armv7-m\libg.a(lib_a-findfp.o)
 .ARM.attributes
                0x00000a9a       0x2d c:/java/eclipsearduino/arduinoplugin/tools/arduino/arm-none-eabi-gcc/4.8.3-2014q1/bin/../lib/gcc/arm-none-eabi/4.8.3/../../../../arm-none-eabi/lib/armv7-m\libg.a(lib_a-fini.o)
 .ARM.attributes
                0x00000ac7       0x2d c:/java/eclipsearduino/arduinoplugin/tools/arduino/arm-none-eabi-gcc/4.8.3-2014q1/bin/../lib/gcc/arm-none-eabi/4.8.3/../../../../arm-none-eabi/lib/armv7-m\libg.a(lib_a-fputwc.o)
 .ARM.attributes
                0x00000af4       0x2d c:/java/eclipsearduino/arduinoplugin/tools/arduino/arm-none-eabi-gcc/4.8.3-2014q1/bin/../lib/gcc/arm-none-eabi/4.8.3/../../../../arm-none-eabi/lib/armv7-m\libg.a(lib_a-freer.o)
 .ARM.attributes
                0x00000b21       0x2d c:/java/eclipsearduino/arduinoplugin/tools/arduino/arm-none-eabi-gcc/4.8.3-2014q1/bin/../lib/gcc/arm-none-eabi/4.8.3/../../../../arm-none-eabi/lib/armv7-m\libg.a(lib_a-fvwrite.o)
 .ARM.attributes
                0x00000b4e       0x2d c:/java/eclipsearduino/arduinoplugin/tools/arduino/arm-none-eabi-gcc/4.8.3-2014q1/bin/../lib/gcc/arm-none-eabi/4.8.3/../../../../arm-none-eabi/lib/armv7-m\libg.a(lib_a-fwalk.o)
 .ARM.attributes
                0x00000b7b       0x2d c:/java/eclipsearduino/arduinoplugin/tools/arduino/arm-none-eabi-gcc/4.8.3-2014q1/bin/../lib/gcc/arm-none-eabi/4.8.3/../../../../arm-none-eabi/lib/armv7-m\libg.a(lib_a-locale.o)
 .ARM.attributes
                0x00000ba8       0x2d c:/java/eclipsearduino/arduinoplugin/tools/arduino/arm-none-eabi-gcc/4.8.3-2014q1/bin/../lib/gcc/arm-none-eabi/4.8.3/../../../../arm-none-eabi/lib/armv7-m\libg.a(lib_a-makebuf.o)
 .ARM.attributes
                0x00000bd5       0x2d c:/java/eclipsearduino/arduinoplugin/tools/arduino/arm-none-eabi-gcc/4.8.3-2014q1/bin/../lib/gcc/arm-none-eabi/4.8.3/../../../../arm-none-eabi/lib/armv7-m\libg.a(lib_a-memchr-stub.o)
 .ARM.attributes
                0x00000c02       0x1b c:/java/eclipsearduino/arduinoplugin/tools/arduino/arm-none-eabi-gcc/4.8.3-2014q1/bin/../lib/gcc/arm-none-eabi/4.8.3/../../../../arm-none-eabi/lib/armv7-m\libg.a(lib_a-memcpy.o)
 .ARM.attributes
                0x00000c1d       0x2d c:/java/eclipsearduino/arduinoplugin/tools/arduino/arm-none-eabi-gcc/4.8.3-2014q1/bin/../lib/gcc/arm-none-eabi/4.8.3/../../../../arm-none-eabi/lib/armv7-m\libg.a(lib_a-memmove.o)
 .ARM.attributes
                0x00000c4a       0x2d c:/java/eclipsearduino/arduinoplugin/tools/arduino/arm-none-eabi-gcc/4.8.3-2014q1/bin/../lib/gcc/arm-none-eabi/4.8.3/../../../../arm-none-eabi/lib/armv7-m\libg.a(lib_a-reallocr.o)
 .ARM.attributes
                0x00000c77       0x2d c:/java/eclipsearduino/arduinoplugin/tools/arduino/arm-none-eabi-gcc/4.8.3-2014q1/bin/../lib/gcc/arm-none-eabi/4.8.3/../../../../arm-none-eabi/lib/armv7-m\libg.a(lib_a-reent.o)
 .ARM.attributes
                0x00000ca4       0x2d c:/java/eclipsearduino/arduinoplugin/tools/arduino/arm-none-eabi-gcc/4.8.3-2014q1/bin/../lib/gcc/arm-none-eabi/4.8.3/../../../../arm-none-eabi/lib/armv7-m\libg.a(lib_a-signalr.o)
 .ARM.attributes
                0x00000cd1       0x2d c:/java/eclipsearduino/arduinoplugin/tools/arduino/arm-none-eabi-gcc/4.8.3-2014q1/bin/../lib/gcc/arm-none-eabi/4.8.3/../../../../arm-none-eabi/lib/armv7-m\libg.a(lib_a-stdio.o)
 .ARM.attributes
                0x00000cfe       0x2d c:/java/eclipsearduino/arduinoplugin/tools/arduino/arm-none-eabi-gcc/4.8.3-2014q1/bin/../lib/gcc/arm-none-eabi/4.8.3/../../../../arm-none-eabi/lib/armv7-m\libg.a(lib_a-wbuf.o)
 .ARM.attributes
                0x00000d2b       0x2d c:/java/eclipsearduino/arduinoplugin/tools/arduino/arm-none-eabi-gcc/4.8.3-2014q1/bin/../lib/gcc/arm-none-eabi/4.8.3/../../../../arm-none-eabi/lib/armv7-m\libg.a(lib_a-wcrtomb.o)
 .ARM.attributes
                0x00000d58       0x2d c:/java/eclipsearduino/arduinoplugin/tools/arduino/arm-none-eabi-gcc/4.8.3-2014q1/bin/../lib/gcc/arm-none-eabi/4.8.3/../../../../arm-none-eabi/lib/armv7-m\libg.a(lib_a-wctomb_r.o)
 .ARM.attributes
                0x00000d85       0x2d c:/java/eclipsearduino/arduinoplugin/tools/arduino/arm-none-eabi-gcc/4.8.3-2014q1/bin/../lib/gcc/arm-none-eabi/4.8.3/../../../../arm-none-eabi/lib/armv7-m\libg.a(lib_a-writer.o)
 .ARM.attributes
                0x00000db2       0x2d c:/java/eclipsearduino/arduinoplugin/tools/arduino/arm-none-eabi-gcc/4.8.3-2014q1/bin/../lib/gcc/arm-none-eabi/4.8.3/../../../../arm-none-eabi/lib/armv7-m\libg.a(lib_a-closer.o)
 .ARM.attributes
                0x00000ddf       0x2d c:/java/eclipsearduino/arduinoplugin/tools/arduino/arm-none-eabi-gcc/4.8.3-2014q1/bin/../lib/gcc/arm-none-eabi/4.8.3/../../../../arm-none-eabi/lib/armv7-m\libg.a(lib_a-fclose.o)
 .ARM.attributes
                0x00000e0c       0x2d c:/java/eclipsearduino/arduinoplugin/tools/arduino/arm-none-eabi-gcc/4.8.3-2014q1/bin/../lib/gcc/arm-none-eabi/4.8.3/../../../../arm-none-eabi/lib/armv7-m\libg.a(lib_a-fstatr.o)
 .ARM.attributes
                0x00000e39       0x2d c:/java/eclipsearduino/arduinoplugin/tools/arduino/arm-none-eabi-gcc/4.8.3-2014q1/bin/../lib/gcc/arm-none-eabi/4.8.3/../../../../arm-none-eabi/lib/armv7-m\libg.a(lib_a-isattyr.o)
 .ARM.attributes
                0x00000e66       0x2d c:/java/eclipsearduino/arduinoplugin/tools/arduino/arm-none-eabi-gcc/4.8.3-2014q1/bin/../lib/gcc/arm-none-eabi/4.8.3/../../../../arm-none-eabi/lib/armv7-m\libg.a(lib_a-lseekr.o)
 .ARM.attributes
                0x00000e93       0x2d c:/java/eclipsearduino/arduinoplugin/tools/arduino/arm-none-eabi-gcc/4.8.3-2014q1/bin/../lib/gcc/arm-none-eabi/4.8.3/../../../../arm-none-eabi/lib/armv7-m\libg.a(lib_a-readr.o)
 .ARM.attributes
                0x00000ec0       0x1d c:/java/eclipsearduino/arduinoplugin/tools/arduino/arm-none-eabi-gcc/4.8.3-2014q1/bin/../lib/gcc/arm-none-eabi/4.8.3/armv7-m\libgcc.a(_aeabi_uldivmod.o)
 .ARM.attributes
                0x00000edd       0x2d c:/java/eclipsearduino/arduinoplugin/tools/arduino/arm-none-eabi-gcc/4.8.3-2014q1/bin/../lib/gcc/arm-none-eabi/4.8.3/armv7-m\libgcc.a(bpabi.o)
 .ARM.attributes
                0x00000f0a       0x1d c:/java/eclipsearduino/arduinoplugin/tools/arduino/arm-none-eabi-gcc/4.8.3-2014q1/bin/../lib/gcc/arm-none-eabi/4.8.3/armv7-m\libgcc.a(_dvmd_tls.o)
 .ARM.attributes
                0x00000f27       0x2d c:/java/eclipsearduino/arduinoplugin/tools/arduino/arm-none-eabi-gcc/4.8.3-2014q1/bin/../lib/gcc/arm-none-eabi/4.8.3/armv7-m\libgcc.a(_divdi3.o)
 .ARM.attributes
                0x00000f54       0x2d c:/java/eclipsearduino/arduinoplugin/tools/arduino/arm-none-eabi-gcc/4.8.3-2014q1/bin/../lib/gcc/arm-none-eabi/4.8.3/armv7-m\libgcc.a(_udivdi3.o)
 .ARM.attributes
                0x00000f81       0x1d c:/java/eclipsearduino/arduinoplugin/tools/arduino/arm-none-eabi-gcc/4.8.3-2014q1/bin/../lib/gcc/arm-none-eabi/4.8.3/armv7-m/crtn.o

.comment        0x00000000       0x70
 .comment       0x00000000       0x70 ./src/GaterminatorApp.cpp.o
                                 0x71 (size before relaxing)
 .comment       0x00000000       0x71 ./src/NoiseChecker.cpp.o
 .comment       0x00000000       0x71 ./src/RangeLearner.cpp.o
 .comment       0x00000000       0x71 ./src/SecondCounter.cpp.o
 .comment       0x00000000       0x71 ./src/gaterminator.cpp.o
 .comment       0x00000000       0x71 arduino.ar(variant.cpp.o)
 .comment       0x00000000       0x71 arduino.ar(Print.cpp.o)
 .comment       0x00000000       0x71 arduino.ar(RingBuffer.cpp.o)
 .comment       0x00000000       0x71 arduino.ar(UARTClass.cpp.o)
 .comment       0x00000000       0x71 arduino.ar(USARTClass.cpp.o)
 .comment       0x00000000       0x71 arduino.ar(WMath.cpp.o)
 .comment       0x00000000       0x71 arduino.ar(main.cpp.o)
 .comment       0x00000000       0x71 arduino.ar(new.cpp.o)
 .comment       0x00000000       0x71 arduino.ar(syscalls_sam3.c.o)
 .comment       0x00000000       0x71 arduino.ar(watchdog.cpp.o)
 .comment       0x00000000       0x71 arduino.ar(wiring.c.o)
 .comment       0x00000000       0x71 arduino.ar(wiring_analog.c.o)
 .comment       0x00000000       0x71 arduino.ar(wiring_digital.c.o)
 .comment       0x00000000       0x71 arduino.ar(USBCore.cpp.o)
 .comment       0x00000000       0x71 arduino.ar(hooks.c.o)
 .comment       0x00000000       0x71 arduino.ar(CDC.cpp.o)
 .comment       0x00000000       0x71 arduino.ar(PluggableUSB.cpp.o)
 .comment       0x00000000       0x71 arduino.ar(Reset.cpp.o)
 .comment       0x00000000       0x71 C:/java/eclipseArduino/arduinoPlugin/packages/arduino/hardware/sam/1.6.8/variants/arduino_due_x/libsam_sam3x8e_gcc_rel.a(pio.o)
 .comment       0x00000000       0x71 C:/java/eclipseArduino/arduinoPlugin/packages/arduino/hardware/sam/1.6.8/variants/arduino_due_x/libsam_sam3x8e_gcc_rel.a(pmc.o)
 .comment       0x00000000       0x71 C:/java/eclipseArduino/arduinoPlugin/packages/arduino/hardware/sam/1.6.8/variants/arduino_due_x/libsam_sam3x8e_gcc_rel.a(timetick.o)
 .comment       0x00000000       0x71 C:/java/eclipseArduino/arduinoPlugin/packages/arduino/hardware/sam/1.6.8/variants/arduino_due_x/libsam_sam3x8e_gcc_rel.a(wdt.o)