Archive member included because of file (symbol)

arduino.ar(variant.cpp.o)     ./src/GaterminatorApp.cpp.o (Serial)
arduino.ar(Print.cpp.o)       ./src/NoiseChecker.cpp.o (Print::print(char const*))
arduino.ar(RingBuffer.cpp.o)  arduino.ar(variant.cpp.o) (RingBuffer::RingBuffer())
arduino.ar(UARTClass.cpp.o)   arduino.ar(variant.cpp.o) (UARTClass::available())
arduino.ar(USARTClass.cpp.o)  arduino.ar(variant.cpp.o) (USARTClass::USARTClass(Usart*, IRQn, unsigned long, RingBuffer*, RingBuffer*))
arduino.ar(WMath.cpp.o)       ./src/NoiseChecker.cpp.o (map(long, long, long, long, long))
arduino.ar(abi.cpp.o)         arduino.ar(Print.cpp.o) (__cxa_pure_virtual)
arduino.ar(main.cpp.o)        c:/java/eclipsearduino/arduinoplugin/tools/arduino/arm-none-eabi-gcc/4.8.3-2014q1/bin/../lib/gcc/arm-none-eabi/4.8.3/../../../../arm-none-eabi/lib/armv7-m/crt0.o (main)
arduino.ar(new.cpp.o)         ./src/DigitalController.cpp.o (operator delete(void*))
arduino.ar(syscalls_sam3.c.o)
                              (_sbrk)
arduino.ar(watchdog.cpp.o)    arduino.ar(main.cpp.o) (watchdogSetup())
arduino.ar(wiring.c.o)        ./src/SecondCounter.cpp.o (millis)
arduino.ar(wiring_analog.c.o)
                              ./src/NoiseChecker.cpp.o (analogRead)
arduino.ar(wiring_digital.c.o)
                              ./src/DigitalController.cpp.o (pinMode)
arduino.ar(USBCore.cpp.o)     arduino.ar(main.cpp.o) (USBDevice_::attach())
arduino.ar(hooks.c.o)         arduino.ar(wiring.c.o) (yield)
arduino.ar(CDC.cpp.o)         arduino.ar(USBCore.cpp.o) (Serial_::accept())
arduino.ar(PluggableUSB.cpp.o)
                              arduino.ar(USBCore.cpp.o) (PluggableUSB_::getInterface(unsigned char*))
arduino.ar(Reset.cpp.o)       arduino.ar(CDC.cpp.o) (initiateReset)
C:/java/eclipseArduino/arduinoPlugin/packages/arduino/hardware/sam/1.6.8/variants/arduino_due_x/libsam_sam3x8e_gcc_rel.a(pio.o)
                              arduino.ar(wiring_digital.c.o) (PIO_PullUp)
C:/java/eclipseArduino/arduinoPlugin/packages/arduino/hardware/sam/1.6.8/variants/arduino_due_x/libsam_sam3x8e_gcc_rel.a(pmc.o)
                              arduino.ar(variant.cpp.o) (pmc_enable_periph_clk)
C:/java/eclipseArduino/arduinoPlugin/packages/arduino/hardware/sam/1.6.8/variants/arduino_due_x/libsam_sam3x8e_gcc_rel.a(pwmc.o)
                              arduino.ar(wiring_analog.c.o) (PWMC_ConfigureChannel)
C:/java/eclipseArduino/arduinoPlugin/packages/arduino/hardware/sam/1.6.8/variants/arduino_due_x/libsam_sam3x8e_gcc_rel.a(tc.o)
                              arduino.ar(wiring_analog.c.o) (TC_Configure)
C:/java/eclipseArduino/arduinoPlugin/packages/arduino/hardware/sam/1.6.8/variants/arduino_due_x/libsam_sam3x8e_gcc_rel.a(timetick.o)
                              arduino.ar(wiring.c.o) (GetTickCount)
C:/java/eclipseArduino/arduinoPlugin/packages/arduino/hardware/sam/1.6.8/variants/arduino_due_x/libsam_sam3x8e_gcc_rel.a(wdt.o)
                              arduino.ar(watchdog.cpp.o) (WDT_Enable)
C:/java/eclipseArduino/arduinoPlugin/packages/arduino/hardware/sam/1.6.8/variants/arduino_due_x/libsam_sam3x8e_gcc_rel.a(system_sam3xa.o)
                              arduino.ar(variant.cpp.o) (SystemInit)
C:/java/eclipseArduino/arduinoPlugin/packages/arduino/hardware/sam/1.6.8/variants/arduino_due_x/libsam_sam3x8e_gcc_rel.a(startup_sam3xa.o)
                              (Reset_Handler)
C:/java/eclipseArduino/arduinoPlugin/packages/arduino/hardware/sam/1.6.8/variants/arduino_due_x/libsam_sam3x8e_gcc_rel.a(adc.o)
                              arduino.ar(variant.cpp.o) (adc_init)
C:/java/eclipseArduino/arduinoPlugin/packages/arduino/hardware/sam/1.6.8/variants/arduino_due_x/libsam_sam3x8e_gcc_rel.a(uotghs.o)
                              C:/java/eclipseArduino/arduinoPlugin/packages/arduino/hardware/sam/1.6.8/variants/arduino_due_x/libsam_sam3x8e_gcc_rel.a(startup_sam3xa.o) (UOTGHS_Handler)
C:/java/eclipseArduino/arduinoPlugin/packages/arduino/hardware/sam/1.6.8/variants/arduino_due_x/libsam_sam3x8e_gcc_rel.a(interrupt_sam_nvic.o)
                              arduino.ar(USBCore.cpp.o) (g_interrupt_enabled)
C:/java/eclipseArduino/arduinoPlugin/packages/arduino/hardware/sam/1.6.8/variants/arduino_due_x/libsam_sam3x8e_gcc_rel.a(uotghs_device.o)
                              arduino.ar(USBCore.cpp.o) (UDD_SetStack)
C:/java/eclipseArduino/arduinoPlugin/packages/arduino/hardware/sam/1.6.8/variants/arduino_due_x/libsam_sam3x8e_gcc_rel.a(dacc.o)
                              arduino.ar(wiring_analog.c.o) (dacc_reset)
arduino.ar(WInterrupts.c.o)   C:/java/eclipseArduino/arduinoPlugin/packages/arduino/hardware/sam/1.6.8/variants/arduino_due_x/libsam_sam3x8e_gcc_rel.a(startup_sam3xa.o) (PIOA_Handler)
arduino.ar(cortex_handlers.c.o)
                              C:/java/eclipseArduino/arduinoPlugin/packages/arduino/hardware/sam/1.6.8/variants/arduino_due_x/libsam_sam3x8e_gcc_rel.a(startup_sam3xa.o) (NMI_Handler)
[...]
Memory Configuration

Name             Origin             Length             Attributes
rom              0x00080000         0x00080000         xr
sram0            0x20000000         0x00010000         xrw
sram1            0x20080000         0x00008000         xrw
ram              0x20070000         0x00018000         xrw
*default*        0x00000000         0xffffffff

Linker script and memory map

LOAD c:/java/eclipsearduino/arduinoplugin/tools/arduino/arm-none-eabi-gcc/4.8.3-2014q1/bin/../lib/gcc/arm-none-eabi/4.8.3/armv7-m/crti.o
LOAD c:/java/eclipsearduino/arduinoplugin/tools/arduino/arm-none-eabi-gcc/4.8.3-2014q1/bin/../lib/gcc/arm-none-eabi/4.8.3/armv7-m/crtbegin.o
LOAD c:/java/eclipsearduino/arduinoplugin/tools/arduino/arm-none-eabi-gcc/4.8.3-2014q1/bin/../lib/gcc/arm-none-eabi/4.8.3/../../../../arm-none-eabi/lib/armv7-m/crt0.o
START GROUP
LOAD ./src/DigitalController.cpp.o
LOAD ./src/GaterminatorApp.cpp.o
LOAD ./src/NoiseChecker.cpp.o
LOAD ./src/RangeLearner.cpp.o
LOAD ./src/SecondCounter.cpp.o
LOAD ./src/gaterminator.cpp.o
LOAD arduino.ar
LOAD C:/java/eclipseArduino/arduinoPlugin/packages/arduino/hardware/sam/1.6.8/variants/arduino_due_x/libsam_sam3x8e_gcc_rel.a
END GROUP
LOAD c:/java/eclipsearduino/arduinoplugin/tools/arduino/arm-none-eabi-gcc/4.8.3-2014q1/bin/../lib/gcc/arm-none-eabi/4.8.3/../../../../arm-none-eabi/lib/armv7-m\libm.a
START GROUP
LOAD c:/java/eclipsearduino/arduinoplugin/tools/arduino/arm-none-eabi-gcc/4.8.3-2014q1/bin/../lib/gcc/arm-none-eabi/4.8.3/armv7-m\libgcc.a
LOAD c:/java/eclipsearduino/arduinoplugin/tools/arduino/arm-none-eabi-gcc/4.8.3-2014q1/bin/../lib/gcc/arm-none-eabi/4.8.3/../../../../arm-none-eabi/lib/armv7-m\libg.a
LOAD c:/java/eclipsearduino/arduinoplugin/tools/arduino/arm-none-eabi-gcc/4.8.3-2014q1/bin/../lib/gcc/arm-none-eabi/4.8.3/../../../../arm-none-eabi/lib/armv7-m\libc.a
END GROUP
LOAD c:/java/eclipsearduino/arduinoplugin/tools/arduino/arm-none-eabi-gcc/4.8.3-2014q1/bin/../lib/gcc/arm-none-eabi/4.8.3/armv7-m/crtend.o
LOAD c:/java/eclipsearduino/arduinoplugin/tools/arduino/arm-none-eabi-gcc/4.8.3-2014q1/bin/../lib/gcc/arm-none-eabi/4.8.3/armv7-m/crtn.o

.text           0x00080000     0x5f40
                0x00080000                . = ALIGN (0x4)
                0x00080000                _sfixed = .
 *(.vectors .vectors.*)
 .vectors       0x00080000       0xf4 C:/java/eclipseArduino/arduinoPlugin/packages/arduino/hardware/sam/1.6.8/variants/arduino_due_x/libsam_sam3x8e_gcc_rel.a(startup_sam3xa.o)
                0x00080000                exception_table
 *(.text .text.* .gnu.linkonce.t.*)
 .text          0x000800f4       0x54 c:/java/eclipsearduino/arduinoplugin/tools/arduino/arm-none-eabi-gcc/4.8.3-2014q1/bin/../lib/gcc/arm-none-eabi/4.8.3/armv7-m/crtbegin.o
 .text._ZN17DigitalControllerD2Ev
                0x00080148        0xc ./src/DigitalController.cpp.o
                0x00080148                DigitalController::~DigitalController()
                0x00080148                DigitalController::~DigitalController()
 .text._ZN17DigitalControllerD0Ev
                0x00080154       0x14 ./src/DigitalController.cpp.o
                0x00080154                DigitalController::~DigitalController()
 .text._ZN17DigitalControllerC2Ev
                0x00080168       0x10 ./src/DigitalController.cpp.o
                0x00080168                DigitalController::DigitalController()
                0x00080168                DigitalController::DigitalController()
 .text._ZN17DigitalController5setupEjj
                0x00080178        0xa ./src/DigitalController.cpp.o
                0x00080178                DigitalController::setup(unsigned int, unsigned int)
 .text._ZN17DigitalController2onEv
                0x00080182        0x8 ./src/DigitalController.cpp.o
                0x00080182                DigitalController::on()
 .text._ZN17DigitalController3offEv
                0x0008018a        0x8 ./src/DigitalController.cpp.o
                0x0008018a                DigitalController::off()
 *fill*         0x00080192        0x2 
 .text._ZN15GaterminatorAppC2Ev
                0x00080194       0x2c ./src/GaterminatorApp.cpp.o
                0x00080194                GaterminatorApp::GaterminatorApp()
                0x00080194                GaterminatorApp::GaterminatorApp()
 .text._ZN15GaterminatorApp4loopEv
                0x000801c0       0x8c ./src/GaterminatorApp.cpp.o
                0x000801c0                GaterminatorApp::loop()
 .text._ZN15GaterminatorAppD2Ev
                0x0008024c       0x28 ./src/GaterminatorApp.cpp.o
                0x0008024c                GaterminatorApp::~GaterminatorApp()
                0x0008024c                GaterminatorApp::~GaterminatorApp()
 .text._ZN15GaterminatorAppD0Ev
                0x00080274       0x12 ./src/GaterminatorApp.cpp.o
                0x00080274                GaterminatorApp::~GaterminatorApp()
 *fill*         0x00080286        0x2 
 .text._ZN15GaterminatorApp5setupEv
                0x00080288       0x40 ./src/GaterminatorApp.cpp.o
                0x00080288                GaterminatorApp::setup()
 .text._ZN12NoiseCheckerC2Ev
                0x000802c8       0x40 ./src/NoiseChecker.cpp.o
                0x000802c8                NoiseChecker::NoiseChecker()
                0x000802c8                NoiseChecker::NoiseChecker()
 .text._ZN12NoiseChecker7isNoisyEv
                0x00080308        0x4 ./src/NoiseChecker.cpp.o
                0x00080308                NoiseChecker::isNoisy()
 .text._ZN12NoiseChecker5resetEv
                0x0008030c       0x22 ./src/NoiseChecker.cpp.o
                0x0008030c                NoiseChecker::reset()
 *fill*         0x0008032e        0x2 
 .text._ZN12NoiseChecker10checkNoisyEv
                0x00080330       0xe8 ./src/NoiseChecker.cpp.o
                0x00080330                NoiseChecker::checkNoisy()
 .text._ZN12NoiseChecker3hitEv
                0x00080418       0x3c ./src/NoiseChecker.cpp.o
                0x00080418                NoiseChecker::hit()
 .text._ZN12NoiseChecker5setupEv
                0x00080454       0x44 ./src/NoiseChecker.cpp.o
                0x00080454                NoiseChecker::setup()
 .text._ZN12NoiseCheckerD2Ev
                0x00080498       0x38 ./src/NoiseChecker.cpp.o
                0x00080498                NoiseChecker::~NoiseChecker()
                0x00080498                NoiseChecker::~NoiseChecker()
 .text._ZN12NoiseCheckerD0Ev
                0x000804d0       0x12 ./src/NoiseChecker.cpp.o
                0x000804d0                NoiseChecker::~NoiseChecker()
 *fill*         0x000804e2        0x2 
 .text._ZN12RangeLearnerC2Ev
                0x000804e4       0x28 ./src/RangeLearner.cpp.o
                0x000804e4                RangeLearner::RangeLearner()
                0x000804e4                RangeLearner::RangeLearner()
 .text._ZNK12RangeLearner6getMaxEv
                0x0008050c        0x4 ./src/RangeLearner.cpp.o
                0x0008050c                RangeLearner::getMax() const
 .text._ZNK12RangeLearner6getMinEv
                0x00080510        0x4 ./src/RangeLearner.cpp.o
                0x00080510                RangeLearner::getMin() const
 .text._ZN12RangeLearner17setSecondsToLearnEt
                0x00080514       0x1a ./src/RangeLearner.cpp.o
                0x00080514                RangeLearner::setSecondsToLearn(unsigned short)
 .text._ZNK12RangeLearner9isLearnedEv
                0x0008052e        0x4 ./src/RangeLearner.cpp.o
                0x0008052e                RangeLearner::isLearned() const
 *fill*         0x00080532        0x2 
 .text._ZN12RangeLearner10learnValueEj
                0x00080534       0xcc ./src/RangeLearner.cpp.o
                0x00080534                RangeLearner::learnValue(unsigned int)
 .text._ZN12RangeLearnerD2Ev
                0x00080600       0x18 ./src/RangeLearner.cpp.o
                0x00080600                RangeLearner::~RangeLearner()
                0x00080600                RangeLearner::~RangeLearner()
 .text._ZN12RangeLearnerD0Ev
                0x00080618       0x12 ./src/RangeLearner.cpp.o
                0x00080618                RangeLearner::~RangeLearner()
 *fill*         0x0008062a        0x2 
 .text._ZN13SecondCounterD2Ev
                0x0008062c        0xc ./src/SecondCounter.cpp.o
                0x0008062c                SecondCounter::~SecondCounter()
                0x0008062c                SecondCounter::~SecondCounter()
 .text._ZN13SecondCounterD0Ev
                0x00080638       0x14 ./src/SecondCounter.cpp.o
                0x00080638                SecondCounter::~SecondCounter()
 .text._ZN13SecondCounterC2Ev
                0x0008064c       0x18 ./src/SecondCounter.cpp.o
                0x0008064c                SecondCounter::SecondCounter()
                0x0008064c                SecondCounter::SecondCounter()
 .text._ZNK13SecondCounter10getSecondsEv
                0x00080664        0x4 ./src/SecondCounter.cpp.o
                0x00080664                SecondCounter::getSeconds() const
 .text._ZN13SecondCounter5resetEv
                0x00080668       0x10 ./src/SecondCounter.cpp.o
                0x00080668                SecondCounter::reset()
 .text._ZN13SecondCounter13setMaxSecondsEi
                0x00080678        0x4 ./src/SecondCounter.cpp.o
                0x00080678                SecondCounter::setMaxSeconds(int)
 .text._ZN13SecondCounter3hitEv
                0x0008067c       0x28 ./src/SecondCounter.cpp.o
                0x0008067c                SecondCounter::hit()
 .text._ZN13SecondCounter10setWorkingEb
                0x000806a4        0x4 ./src/SecondCounter.cpp.o
                0x000806a4                SecondCounter::setWorking(bool)
 .text.setup    0x000806a8        0xc ./src/gaterminator.cpp.o
                0x000806a8                setup
 .text.loop     0x000806b4       0x18 ./src/gaterminator.cpp.o
                0x000806b4                loop
 .text.startup._GLOBAL__sub_I_m_app
                0x000806cc       0x24 ./src/gaterminator.cpp.o
 .text._Z11serialEventv
                0x000806f0        0x2 arduino.ar(variant.cpp.o)
                0x000806f0                serialEvent()
 *fill*         0x000806f2        0x2 
 .text.UART_Handler
                0x000806f4        0xc arduino.ar(variant.cpp.o)
                0x000806f4                UART_Handler
 .text._Z12serialEvent1v
                0x00080700        0x2 arduino.ar(variant.cpp.o)
                0x00080700                serialEvent1()
 .text._Z12serialEvent2v
                0x00080702        0x2 arduino.ar(variant.cpp.o)
                0x00080702                serialEvent2()
 .text._Z12serialEvent3v
                0x00080704        0x2 arduino.ar(variant.cpp.o)
                0x00080704                serialEvent3()
 *fill*         0x00080706        0x2 
 .text.USART0_Handler
                0x00080708        0xc arduino.ar(variant.cpp.o)
                0x00080708                USART0_Handler
 .text.USART1_Handler
                0x00080714        0xc arduino.ar(variant.cpp.o)
                0x00080714                USART1_Handler
 .text.USART3_Handler
                0x00080720        0xc arduino.ar(variant.cpp.o)
                0x00080720                USART3_Handler
 .text.init     0x0008072c      0x128 arduino.ar(variant.cpp.o)
                0x0008072c                init
 .text.startup._GLOBAL__sub_I_g_APinDescription
                0x00080854       0xd4 arduino.ar(variant.cpp.o)
 .text._Z14serialEventRunv
                0x00080928       0x44 arduino.ar(variant.cpp.o)
                0x00080928                serialEventRun()
 .text._ZN5Print5writeEPKhj
                0x0008096c       0x22 arduino.ar(Print.cpp.o)
                0x0008096c                Print::write(unsigned char const*, unsigned int)
 .text._ZN5Print5writeEPKc
                0x0008098e       0x1e arduino.ar(Print.cpp.o)
                0x0008098e                Print::write(char const*)
 .text._ZN5Print5printEPKc
                0x000809ac        0x8 arduino.ar(Print.cpp.o)
                0x000809ac                Print::print(char const*)
 .text._ZN5Print5printEc
                0x000809b4        0xa arduino.ar(Print.cpp.o)
                0x000809b4                Print::print(char)
 *fill*         0x000809be        0x2 
 .text._ZN5Print7printlnEv
                0x000809c0       0x10 arduino.ar(Print.cpp.o)
                0x000809c0                Print::println()
 .text._ZN5Print7printlnEPKc
                0x000809d0       0x14 arduino.ar(Print.cpp.o)
                0x000809d0                Print::println(char const*)
 .text._ZN5Print11printNumberEmh
                0x000809e4       0x3e arduino.ar(Print.cpp.o)
                0x000809e4                Print::printNumber(unsigned long, unsigned char)
 .text._ZN5Print5printEli
                0x00080a22       0x3c arduino.ar(Print.cpp.o)
                0x00080a22                Print::print(long, int)
 .text._ZN5Print5printEii
                0x00080a5e        0x4 arduino.ar(Print.cpp.o)
                0x00080a5e                Print::print(int, int)
 .text._ZN5Print7printlnEii
                0x00080a62       0x14 arduino.ar(Print.cpp.o)
                0x00080a62                Print::println(int, int)
 .text._ZN5Print5printEmi
                0x00080a76       0x18 arduino.ar(Print.cpp.o)
                0x00080a76                Print::print(unsigned long, int)
 .text._ZN5Print5printEji
                0x00080a8e        0x4 arduino.ar(Print.cpp.o)
                0x00080a8e                Print::print(unsigned int, int)
 .text._ZN5Print7printlnEji
                0x00080a92       0x14 arduino.ar(Print.cpp.o)
                0x00080a92                Print::println(unsigned int, int)
 .text._ZN10RingBufferC2Ev
                0x00080aa6       0x1a arduino.ar(RingBuffer.cpp.o)
                0x00080aa6                RingBuffer::RingBuffer()
                0x00080aa6                RingBuffer::RingBuffer()
 .text._ZN10RingBuffer10store_charEh
                0x00080ac0       0x1e arduino.ar(RingBuffer.cpp.o)
                0x00080ac0                RingBuffer::store_char(unsigned char)
 .text._ZN9UARTClasscvbEv
                0x00080ade        0x4 arduino.ar(UARTClass.cpp.o)
                0x00080ade                UARTClass::operator bool()
 .text._ZN9UARTClass9availableEv
                0x00080ae2       0x12 arduino.ar(UARTClass.cpp.o)
                0x00080ae2                UARTClass::available()
 .text._ZN9UARTClass4peekEv
                0x00080af4       0x1c arduino.ar(UARTClass.cpp.o)
                0x00080af4                UARTClass::peek()
 .text._ZN9UARTClass4readEv
                0x00080b10       0x2a arduino.ar(UARTClass.cpp.o)
                0x00080b10                UARTClass::read()
 .text._ZN9UARTClass5flushEv
                0x00080b3a       0x18 arduino.ar(UARTClass.cpp.o)
                0x00080b3a                UARTClass::flush()
 *fill*         0x00080b52        0x2 
 .text._ZN9UARTClass5writeEh
                0x00080b54       0x54 arduino.ar(UARTClass.cpp.o)
                0x00080b54                UARTClass::write(unsigned char)
 .text._ZN9UARTClass3endEv
                0x00080ba8       0x3c arduino.ar(UARTClass.cpp.o)
                0x00080ba8                UARTClass::end()
 .text._ZN9UARTClassC2EP4Uart4IRQnmP10RingBufferS4_
                0x00080be4       0x24 arduino.ar(UARTClass.cpp.o)
                0x00080be4                UARTClass::UARTClass(Uart*, IRQn, unsigned long, RingBuffer*, RingBuffer*)
                0x00080be4                UARTClass::UARTClass(Uart*, IRQn, unsigned long, RingBuffer*, RingBuffer*)
 .text._ZN9UARTClass4initEmm
                0x00080c08       0x70 arduino.ar(UARTClass.cpp.o)
                0x00080c08                UARTClass::init(unsigned long, unsigned long)
 .text._ZN9UARTClass5beginEm
                0x00080c78        0x8 arduino.ar(UARTClass.cpp.o)
                0x00080c78                UARTClass::begin(unsigned long)
 .text._ZN9UARTClass10IrqHandlerEv
                0x00080c80       0x5a arduino.ar(UARTClass.cpp.o)
                0x00080c80                UARTClass::IrqHandler()
 .text._ZN10USARTClass5beginEm
                0x00080cda        0x8 arduino.ar(USARTClass.cpp.o)
                0x00080cda                USARTClass::begin(unsigned long)
 *fill*         0x00080ce2        0x2 
 .text._ZN10USARTClassC2EP5Usart4IRQnmP10RingBufferS4_
                0x00080ce4       0x24 arduino.ar(USARTClass.cpp.o)
                0x00080ce4                USARTClass::USARTClass(Usart*, IRQn, unsigned long, RingBuffer*, RingBuffer*)
                0x00080ce4                USARTClass::USARTClass(Usart*, IRQn, unsigned long, RingBuffer*, RingBuffer*)
 .text._Z3maplllll
                0x00080d08       0x14 arduino.ar(WMath.cpp.o)
                0x00080d08                map(long, long, long, long, long)
 .text.initVariant
                0x00080d1c        0x2 arduino.ar(main.cpp.o)
                0x00080d1c                initVariant
 *fill*         0x00080d1e        0x2 
 .text.startup.main
                0x00080d20       0x38 arduino.ar(main.cpp.o)
                0x00080d20                main
 .text._ZdlPv   0x00080d58        0x4 arduino.ar(new.cpp.o)
                0x00080d58                operator delete(void*)
 .text._sbrk    0x00080d5c       0x1c arduino.ar(syscalls_sam3.c.o)
                0x00080d5c                _sbrk
 .text.link     0x00080d78        0x6 arduino.ar(syscalls_sam3.c.o)
                0x00080d78                link
 .text._close   0x00080d7e        0x6 arduino.ar(syscalls_sam3.c.o)
                0x00080d7e                _close
 .text._fstat   0x00080d84        0xa arduino.ar(syscalls_sam3.c.o)
                0x00080d84                _fstat
 .text._isatty  0x00080d8e        0x4 arduino.ar(syscalls_sam3.c.o)
                0x00080d8e                _isatty
 .text._lseek   0x00080d92        0x4 arduino.ar(syscalls_sam3.c.o)
                0x00080d92                _lseek
 .text._read    0x00080d96        0x4 arduino.ar(syscalls_sam3.c.o)
                0x00080d96                _read
 *fill*         0x00080d9a        0x2 
 .text._write   0x00080d9c       0x24 arduino.ar(syscalls_sam3.c.o)
                0x00080d9c                _write
 .text._exit    0x00080dc0       0x10 arduino.ar(syscalls_sam3.c.o)
                0x00080dc0                _exit
 .text._kill    0x00080dd0        0x2 arduino.ar(syscalls_sam3.c.o)
                0x00080dd0                _kill
 .text._getpid  0x00080dd2        0x6 arduino.ar(syscalls_sam3.c.o)
                0x00080dd2                _getpid
 .text._watchdogDefaultSetup
                0x00080dd8        0xc arduino.ar(watchdog.cpp.o)
                0x00080dd8                _watchdogDefaultSetup
                0x00080dd8                watchdogSetup()
 .text.millis   0x00080de4        0x4 arduino.ar(wiring.c.o)
                0x00080de4                millis
 .text.delay    0x00080de8       0x1c arduino.ar(wiring.c.o)
                0x00080de8                delay
 .text.mapResolution
                0x00080e04       0x12 arduino.ar(wiring_analog.c.o)
 *fill*         0x00080e16        0x2 
 .text.analogRead
                0x00080e18       0x9c arduino.ar(wiring_analog.c.o)
                0x00080e18                analogRead
 .text.analogOutputInit
                0x00080eb4        0x2 arduino.ar(wiring_analog.c.o)
                0x00080eb4                analogOutputInit
 *fill*         0x00080eb6        0x2 
 .text.pinMode  0x00080eb8      0x108 arduino.ar(wiring_digital.c.o)
                0x00080eb8                pinMode
 .text.digitalWrite
                0x00080fc0       0x70 arduino.ar(wiring_digital.c.o)
                0x00080fc0                digitalWrite
 .text.unlikely._ZL11USB_SendZlpv
                0x00081030       0x20 arduino.ar(USBCore.cpp.o)
 .text._Z14USBD_Availablem
                0x00081050       0x2c arduino.ar(USBCore.cpp.o)
                0x00081050                USBD_Available(unsigned long)
 .text._Z9USBD_RecvmPvm
                0x0008107c       0x7c arduino.ar(USBCore.cpp.o)
                0x0008107c                USBD_Recv(unsigned long, void*, unsigned long)
 .text._Z9USBD_Recvm
                0x000810f8       0x22 arduino.ar(USBCore.cpp.o)
                0x000810f8                USBD_Recv(unsigned long)
 *fill*         0x0008111a        0x2 
 .text._Z9USBD_SendmPKvm
                0x0008111c       0x4c arduino.ar(USBCore.cpp.o)
                0x0008111c                USBD_Send(unsigned long, void const*, unsigned long)
 .text._Z16USBD_SendControlhPKvm
                0x00081168       0x40 arduino.ar(USBCore.cpp.o)
                0x00081168                USBD_SendControl(unsigned char, void const*, unsigned long)
 .text.unlikely._ZL24USB_SendStringDescriptorPKhi
                0x000811a8       0x64 arduino.ar(USBCore.cpp.o)
 .text._Z16USBD_RecvControlPvm
                0x0008120c       0x1c arduino.ar(USBCore.cpp.o)
                0x0008120c                USBD_RecvControl(void*, unsigned long)
 .text._Z26USBD_ClassInterfaceRequestR8USBSetup
                0x00081228       0x1e arduino.ar(USBCore.cpp.o)
                0x00081228                USBD_ClassInterfaceRequest(USBSetup&)
 .text._Z19USBD_SendInterfacesv
                0x00081246       0x22 arduino.ar(USBCore.cpp.o)
                0x00081246                USBD_SendInterfaces()
 .text._Z24USBD_SendOtherInterfacesv
                0x00081268       0x22 arduino.ar(USBCore.cpp.o)
                0x00081268                USBD_SendOtherInterfaces()
 .text._Z10USBD_Flushm
                0x0008128a       0x16 arduino.ar(USBCore.cpp.o)
                0x0008128a                USBD_Flush(unsigned long)
 .text._ZN10USBDevice_C2Ev
                0x000812a0       0x24 arduino.ar(USBCore.cpp.o)
                0x000812a0                USBDevice_::USBDevice_()
                0x000812a0                USBDevice_::USBDevice_()
 .text._ZN10USBDevice_6attachEv
                0x000812c4       0x20 arduino.ar(USBCore.cpp.o)
                0x000812c4                USBDevice_::attach()
 .text.startup._GLOBAL__sub_I_EndPoints
                0x000812e4        0xc arduino.ar(USBCore.cpp.o)
 .text._ZL7USB_ISRv
                0x000812f0      0x454 arduino.ar(USBCore.cpp.o)
 .text.__empty  0x00081744        0x2 arduino.ar(hooks.c.o)
                0x00081744                yield
 .text.__false  0x00081746        0x4 arduino.ar(hooks.c.o)
                0x00081746                sysTickHook
 .text.__halt   0x0008174a        0x2 arduino.ar(hooks.c.o)
                0x0008174a                svcHook
                0x0008174a                pendSVHook
 .text._ZN7Serial_9availableEv
                0x0008174c       0x18 arduino.ar(CDC.cpp.o)
                0x0008174c                Serial_::available()
 .text._ZN7Serial_4peekEv
                0x00081764       0x20 arduino.ar(CDC.cpp.o)
                0x00081764                Serial_::peek()
 .text._ZN7Serial_5writeEh
                0x00081784       0x16 arduino.ar(CDC.cpp.o)
                0x00081784                Serial_::write(unsigned char)
 *fill*         0x0008179a        0x2 
 .text._ZN7Serial_4readEv
                0x0008179c       0x44 arduino.ar(CDC.cpp.o)
                0x0008179c                Serial_::read()
 .text._ZN7Serial_5flushEv
                0x000817e0        0x6 arduino.ar(CDC.cpp.o)
                0x000817e0                Serial_::flush()
 *fill*         0x000817e6        0x2 
 .text._ZN7Serial_6acceptEv
                0x000817e8       0x70 arduino.ar(CDC.cpp.o)
                0x000817e8                Serial_::accept()
 .text._ZN7Serial_5writeEPKhj
                0x00081858       0x2c arduino.ar(CDC.cpp.o)
                0x00081858                Serial_::write(unsigned char const*, unsigned int)
 .text._Z16CDC_GetInterfacePh
                0x00081884       0x14 arduino.ar(CDC.cpp.o)
                0x00081884                CDC_GetInterface(unsigned char*)
 .text._Z21CDC_GetOtherInterfacePh
                0x00081898       0x14 arduino.ar(CDC.cpp.o)
                0x00081898                CDC_GetOtherInterface(unsigned char*)
 .text._Z9CDC_SetupR8USBSetup
                0x000818ac       0x78 arduino.ar(CDC.cpp.o)
                0x000818ac                CDC_Setup(USBSetup&)
 .text.startup._GLOBAL__sub_I_cdc_rx_buffer
                0x00081924       0x1c arduino.ar(CDC.cpp.o)
 .text._ZN13PluggableUSB_12getInterfaceEPh
                0x00081940       0x28 arduino.ar(PluggableUSB.cpp.o)
                0x00081940                PluggableUSB_::getInterface(unsigned char*)
 .text._ZN13PluggableUSB_13getDescriptorER8USBSetup
                0x00081968       0x1c arduino.ar(PluggableUSB.cpp.o)
                0x00081968                PluggableUSB_::getDescriptor(USBSetup&)
 .text._ZN13PluggableUSB_12getShortNameEPc
                0x00081984       0x1c arduino.ar(PluggableUSB.cpp.o)
                0x00081984                PluggableUSB_::getShortName(char*)
 .text._ZN13PluggableUSB_5setupER8USBSetup
                0x000819a0       0x20 arduino.ar(PluggableUSB.cpp.o)
                0x000819a0                PluggableUSB_::setup(USBSetup&)
 .text._Z12PluggableUSBv
                0x000819c0       0x28 arduino.ar(PluggableUSB.cpp.o)
                0x000819c0                PluggableUSB()
 .text.initiateReset
                0x000819e8        0xc arduino.ar(Reset.cpp.o)
                0x000819e8                initiateReset
 .text.cancelReset
                0x000819f4       0x10 arduino.ar(Reset.cpp.o)
                0x000819f4                cancelReset
 .text.tickReset
                0x00081a04       0x20 arduino.ar(Reset.cpp.o)
                0x00081a04                tickReset
 .text.PIO_PullUp
                0x00081a24        0xa C:/java/eclipseArduino/arduinoPlugin/packages/arduino/hardware/sam/1.6.8/variants/arduino_due_x/libsam_sam3x8e_gcc_rel.a(pio.o)
                0x00081a24                PIO_PullUp
 .text.PIO_SetPeripheral
                0x00081a2e       0x26 C:/java/eclipseArduino/arduinoPlugin/packages/arduino/hardware/sam/1.6.8/variants/arduino_due_x/libsam_sam3x8e_gcc_rel.a(pio.o)
                0x00081a2e                PIO_SetPeripheral
 .text.PIO_SetInput
                0x00081a54       0x26 C:/java/eclipseArduino/arduinoPlugin/packages/arduino/hardware/sam/1.6.8/variants/arduino_due_x/libsam_sam3x8e_gcc_rel.a(pio.o)
                0x00081a54                PIO_SetInput
 .text.PIO_SetOutput
                0x00081a7a       0x24 C:/java/eclipseArduino/arduinoPlugin/packages/arduino/hardware/sam/1.6.8/variants/arduino_due_x/libsam_sam3x8e_gcc_rel.a(pio.o)
                0x00081a7a                PIO_SetOutput
 *fill*         0x00081a9e        0x2 
 .text.PIO_Configure
                0x00081aa0       0x64 C:/java/eclipseArduino/arduinoPlugin/packages/arduino/hardware/sam/1.6.8/variants/arduino_due_x/libsam_sam3x8e_gcc_rel.a(pio.o)
                0x00081aa0                PIO_Configure
 .text.PIO_GetOutputDataStatus
                0x00081b04       0x14 C:/java/eclipseArduino/arduinoPlugin/packages/arduino/hardware/sam/1.6.8/variants/arduino_due_x/libsam_sam3x8e_gcc_rel.a(pio.o)
                0x00081b04                PIO_GetOutputDataStatus
 .text.pmc_enable_upll_clock
                0x00081b18       0x14 C:/java/eclipseArduino/arduinoPlugin/packages/arduino/hardware/sam/1.6.8/variants/arduino_due_x/libsam_sam3x8e_gcc_rel.a(pmc.o)
                0x00081b18                pmc_enable_upll_clock
 .text.pmc_enable_periph_clk
                0x00081b2c       0x44 C:/java/eclipseArduino/arduinoPlugin/packages/arduino/hardware/sam/1.6.8/variants/arduino_due_x/libsam_sam3x8e_gcc_rel.a(pmc.o)
                0x00081b2c                pmc_enable_periph_clk
 .text.pmc_disable_periph_clk
                0x00081b70       0x40 C:/java/eclipseArduino/arduinoPlugin/packages/arduino/hardware/sam/1.6.8/variants/arduino_due_x/libsam_sam3x8e_gcc_rel.a(pmc.o)
                0x00081b70                pmc_disable_periph_clk
 .text.pmc_switch_udpck_to_upllck
                0x00081bb0       0x14 C:/java/eclipseArduino/arduinoPlugin/packages/arduino/hardware/sam/1.6.8/variants/arduino_due_x/libsam_sam3x8e_gcc_rel.a(pmc.o)
                0x00081bb0                pmc_switch_udpck_to_upllck
 .text.pmc_enable_udpck
                0x00081bc4        0xc C:/java/eclipseArduino/arduinoPlugin/packages/arduino/hardware/sam/1.6.8/variants/arduino_due_x/libsam_sam3x8e_gcc_rel.a(pmc.o)
                0x00081bc4                pmc_enable_udpck
 .text.TimeTick_Increment
                0x00081bd0       0x10 C:/java/eclipseArduino/arduinoPlugin/packages/arduino/hardware/sam/1.6.8/variants/arduino_due_x/libsam_sam3x8e_gcc_rel.a(timetick.o)
                0x00081bd0                TimeTick_Increment
 .text.GetTickCount
                0x00081be0        0xc C:/java/eclipseArduino/arduinoPlugin/packages/arduino/hardware/sam/1.6.8/variants/arduino_due_x/libsam_sam3x8e_gcc_rel.a(timetick.o)
                0x00081be0                GetTickCount
 .text.WDT_Disable
                0x00081bec        0x8 C:/java/eclipseArduino/arduinoPlugin/packages/arduino/hardware/sam/1.6.8/variants/arduino_due_x/libsam_sam3x8e_gcc_rel.a(wdt.o)
                0x00081bec                WDT_Disable
 .text.SystemInit
                0x00081bf4       0x88 C:/java/eclipseArduino/arduinoPlugin/packages/arduino/hardware/sam/1.6.8/variants/arduino_due_x/libsam_sam3x8e_gcc_rel.a(system_sam3xa.o)
                0x00081bf4                SystemInit
 .text.Reset_Handler
                0x00081c7c       0x78 C:/java/eclipseArduino/arduinoPlugin/packages/arduino/hardware/sam/1.6.8/variants/arduino_due_x/libsam_sam3x8e_gcc_rel.a(startup_sam3xa.o)
                0x00081c7c                Reset_Handler
 .text.adc_init
                0x00081cf4       0x98 C:/java/eclipseArduino/arduinoPlugin/packages/arduino/hardware/sam/1.6.8/variants/arduino_due_x/libsam_sam3x8e_gcc_rel.a(adc.o)
                0x00081cf4                adc_init
 .text.adc_configure_trigger
                0x00081d8c        0xe C:/java/eclipseArduino/arduinoPlugin/packages/arduino/hardware/sam/1.6.8/variants/arduino_due_x/libsam_sam3x8e_gcc_rel.a(adc.o)
                0x00081d8c                adc_configure_trigger
 .text.adc_configure_timing
                0x00081d9a       0x1a C:/java/eclipseArduino/arduinoPlugin/packages/arduino/hardware/sam/1.6.8/variants/arduino_due_x/libsam_sam3x8e_gcc_rel.a(adc.o)
                0x00081d9a                adc_configure_timing
 .text.adc_start
                0x00081db4        0x6 C:/java/eclipseArduino/arduinoPlugin/packages/arduino/hardware/sam/1.6.8/variants/arduino_due_x/libsam_sam3x8e_gcc_rel.a(adc.o)
                0x00081db4                adc_start
 .text.adc_enable_channel
                0x00081dba        0xa C:/java/eclipseArduino/arduinoPlugin/packages/arduino/hardware/sam/1.6.8/variants/arduino_due_x/libsam_sam3x8e_gcc_rel.a(adc.o)
                0x00081dba                adc_enable_channel
 .text.adc_disable_channel
                0x00081dc4        0xa C:/java/eclipseArduino/arduinoPlugin/packages/arduino/hardware/sam/1.6.8/variants/arduino_due_x/libsam_sam3x8e_gcc_rel.a(adc.o)
                0x00081dc4                adc_disable_channel
 .text.adc_disable_all_channel
                0x00081dce        0x8 C:/java/eclipseArduino/arduinoPlugin/packages/arduino/hardware/sam/1.6.8/variants/arduino_due_x/libsam_sam3x8e_gcc_rel.a(adc.o)
                0x00081dce                adc_disable_all_channel
 .text.adc_get_channel_status
                0x00081dd6        0xa C:/java/eclipseArduino/arduinoPlugin/packages/arduino/hardware/sam/1.6.8/variants/arduino_due_x/libsam_sam3x8e_gcc_rel.a(adc.o)
                0x00081dd6                adc_get_channel_status
 .text.adc_get_latest_value
                0x00081de0        0x4 C:/java/eclipseArduino/arduinoPlugin/packages/arduino/hardware/sam/1.6.8/variants/arduino_due_x/libsam_sam3x8e_gcc_rel.a(adc.o)
                0x00081de0                adc_get_latest_value
 .text.adc_disable_interrupt
                0x00081de4        0x4 C:/java/eclipseArduino/arduinoPlugin/packages/arduino/hardware/sam/1.6.8/variants/arduino_due_x/libsam_sam3x8e_gcc_rel.a(adc.o)
                0x00081de4                adc_disable_interrupt
 .text.adc_get_status
                0x00081de8        0x4 C:/java/eclipseArduino/arduinoPlugin/packages/arduino/hardware/sam/1.6.8/variants/arduino_due_x/libsam_sam3x8e_gcc_rel.a(adc.o)
                0x00081de8                adc_get_status
 .text.UOTGHS_Handler
                0x00081dec       0x10 C:/java/eclipseArduino/arduinoPlugin/packages/arduino/hardware/sam/1.6.8/variants/arduino_due_x/libsam_sam3x8e_gcc_rel.a(uotghs.o)
                0x00081dec                UOTGHS_Handler
 .text.UDD_SetStack
                0x00081dfc        0xc C:/java/eclipseArduino/arduinoPlugin/packages/arduino/hardware/sam/1.6.8/variants/arduino_due_x/libsam_sam3x8e_gcc_rel.a(uotghs_device.o)
                0x00081dfc                UDD_SetStack
 .text.UDD_Init
                0x00081e08       0xd0 C:/java/eclipseArduino/arduinoPlugin/packages/arduino/hardware/sam/1.6.8/variants/arduino_due_x/libsam_sam3x8e_gcc_rel.a(uotghs_device.o)
                0x00081e08                UDD_Init
 .text.UDD_Attach
                0x00081ed8       0x50 C:/java/eclipseArduino/arduinoPlugin/packages/arduino/hardware/sam/1.6.8/variants/arduino_due_x/libsam_sam3x8e_gcc_rel.a(uotghs_device.o)
                0x00081ed8                UDD_Attach
 .text.UDD_InitEP
                0x00081f28       0x2c C:/java/eclipseArduino/arduinoPlugin/packages/arduino/hardware/sam/1.6.8/variants/arduino_due_x/libsam_sam3x8e_gcc_rel.a(uotghs_device.o)
                0x00081f28                UDD_InitEP
 .text.UDD_InitEndpoints
                0x00081f54       0x3c C:/java/eclipseArduino/arduinoPlugin/packages/arduino/hardware/sam/1.6.8/variants/arduino_due_x/libsam_sam3x8e_gcc_rel.a(uotghs_device.o)
                0x00081f54                UDD_InitEndpoints
 .text.UDD_WaitIN
                0x00081f90       0x10 C:/java/eclipseArduino/arduinoPlugin/packages/arduino/hardware/sam/1.6.8/variants/arduino_due_x/libsam_sam3x8e_gcc_rel.a(uotghs_device.o)
                0x00081f90                UDD_WaitIN
 .text.UDD_WaitOUT
                0x00081fa0       0x10 C:/java/eclipseArduino/arduinoPlugin/packages/arduino/hardware/sam/1.6.8/variants/arduino_due_x/libsam_sam3x8e_gcc_rel.a(uotghs_device.o)
                0x00081fa0                UDD_WaitOUT
 .text.UDD_ClearIN
                0x00081fb0       0x18 C:/java/eclipseArduino/arduinoPlugin/packages/arduino/hardware/sam/1.6.8/variants/arduino_due_x/libsam_sam3x8e_gcc_rel.a(uotghs_device.o)
                0x00081fb0                UDD_ClearIN
 .text.UDD_ClearOUT
                0x00081fc8       0x18 C:/java/eclipseArduino/arduinoPlugin/packages/arduino/hardware/sam/1.6.8/variants/arduino_due_x/libsam_sam3x8e_gcc_rel.a(uotghs_device.o)
                0x00081fc8                UDD_ClearOUT
 .text.UDD_ReceivedSetupInt
                0x00081fe0       0x10 C:/java/eclipseArduino/arduinoPlugin/packages/arduino/hardware/sam/1.6.8/variants/arduino_due_x/libsam_sam3x8e_gcc_rel.a(uotghs_device.o)
                0x00081fe0                UDD_ReceivedSetupInt
 .text.UDD_ClearSetupInt
                0x00081ff0       0x10 C:/java/eclipseArduino/arduinoPlugin/packages/arduino/hardware/sam/1.6.8/variants/arduino_due_x/libsam_sam3x8e_gcc_rel.a(uotghs_device.o)
                0x00081ff0                UDD_ClearSetupInt
 .text.UDD_Send
                0x00082000       0x88 C:/java/eclipseArduino/arduinoPlugin/packages/arduino/hardware/sam/1.6.8/variants/arduino_due_x/libsam_sam3x8e_gcc_rel.a(uotghs_device.o)
                0x00082000                UDD_Send
 .text.UDD_Send8
                0x00082088       0x24 C:/java/eclipseArduino/arduinoPlugin/packages/arduino/hardware/sam/1.6.8/variants/arduino_due_x/libsam_sam3x8e_gcc_rel.a(uotghs_device.o)
                0x00082088                UDD_Send8
 .text.UDD_Recv8
                0x000820ac       0x28 C:/java/eclipseArduino/arduinoPlugin/packages/arduino/hardware/sam/1.6.8/variants/arduino_due_x/libsam_sam3x8e_gcc_rel.a(uotghs_device.o)
                0x000820ac                UDD_Recv8
 .text.UDD_Recv
                0x000820d4       0x34 C:/java/eclipseArduino/arduinoPlugin/packages/arduino/hardware/sam/1.6.8/variants/arduino_due_x/libsam_sam3x8e_gcc_rel.a(uotghs_device.o)
                0x000820d4                UDD_Recv
 .text.UDD_Stall
                0x00082108       0x14 C:/java/eclipseArduino/arduinoPlugin/packages/arduino/hardware/sam/1.6.8/variants/arduino_due_x/libsam_sam3x8e_gcc_rel.a(uotghs_device.o)
                0x00082108                UDD_Stall
 .text.UDD_FifoByteCount
                0x0008211c       0x14 C:/java/eclipseArduino/arduinoPlugin/packages/arduino/hardware/sam/1.6.8/variants/arduino_due_x/libsam_sam3x8e_gcc_rel.a(uotghs_device.o)
                0x0008211c                UDD_FifoByteCount
 .text.UDD_ReleaseRX
                0x00082130       0x28 C:/java/eclipseArduino/arduinoPlugin/packages/arduino/hardware/sam/1.6.8/variants/arduino_due_x/libsam_sam3x8e_gcc_rel.a(uotghs_device.o)
                0x00082130                UDD_ReleaseRX
 .text.UDD_ReleaseTX
                0x00082158       0x28 C:/java/eclipseArduino/arduinoPlugin/packages/arduino/hardware/sam/1.6.8/variants/arduino_due_x/libsam_sam3x8e_gcc_rel.a(uotghs_device.o)
                0x00082158                UDD_ReleaseTX
 .text.UDD_SetAddress
                0x00082180       0x20 C:/java/eclipseArduino/arduinoPlugin/packages/arduino/hardware/sam/1.6.8/variants/arduino_due_x/libsam_sam3x8e_gcc_rel.a(uotghs_device.o)
                0x00082180                UDD_SetAddress
 .text.PIOA_Handler
                0x000821a0       0x38 arduino.ar(WInterrupts.c.o)
                0x000821a0                PIOA_Handler
 .text.PIOB_Handler
                0x000821d8       0x38 arduino.ar(WInterrupts.c.o)
                0x000821d8                PIOB_Handler
 .text.PIOC_Handler
                0x00082210       0x38 arduino.ar(WInterrupts.c.o)
                0x00082210                PIOC_Handler
 .text.PIOD_Handler
                0x00082248       0x38 arduino.ar(WInterrupts.c.o)
                0x00082248                PIOD_Handler
 .text.__halt   0x00082280        0x2 arduino.ar(cortex_handlers.c.o)
                0x00082280                DACC_Handler
                0x00082280                DebugMon_Handler
                0x00082280                DMAC_Handler
                0x00082280                TRNG_Handler
                0x00082280                HardFault_Handler
                0x00082280                TC2_Handler
                0x00082280                TWI1_Handler
                0x00082280                NMI_Handler
                0x00082280                TC7_Handler
                0x00082280                ADC_Handler
                0x00082280                SMC_Handler
                0x00082280                RTT_Handler
                0x00082280                EFC1_Handler
                0x00082280                RTC_Handler
                0x00082280                UsageFault_Handler
                0x00082280                TC6_Handler
                0x00082280                WDT_Handler
                0x00082280                CAN0_Handler
                0x00082280                TC4_Handler
                0x00082280                TC1_Handler
                0x00082280                HSMCI_Handler
                0x00082280                TC3_Handler
                0x00082280                TWI0_Handler
                0x00082280                SSC_Handler
                0x00082280                EFC0_Handler
                0x00082280                PMC_Handler
                0x00082280                PWM_Handler
                0x00082280                CAN1_Handler
                0x00082280                MemManage_Handler
                0x00082280                SUPC_Handler
                0x00082280                TC8_Handler
                0x00082280                USART2_Handler
                0x00082280                EMAC_Handler
                0x00082280                BusFault_Handler
                0x00082280                RSTC_Handler
                0x00082280                TC0_Handler
                0x00082280                TC5_Handler
                0x00082280                SPI0_Handler
 .text.SVC_Handler
                0x00082282        0x4 arduino.ar(cortex_handlers.c.o)
                0x00082282                SVC_Handler
 .text.PendSV_Handler
                0x00082286        0x4 arduino.ar(cortex_handlers.c.o)
                0x00082286                PendSV_Handler
 .text.SysTick_Handler
                0x0008228a       0x16 arduino.ar(cortex_handlers.c.o)
                0x0008228a                SysTick_Handler
 .text.__aeabi_atexit
                0x000822a0        0xc c:/java/eclipsearduino/arduinoplugin/tools/arduino/arm-none-eabi-gcc/4.8.3-2014q1/bin/../lib/gcc/arm-none-eabi/4.8.3/../../../../arm-none-eabi/lib/armv7-m\libg.a(lib_a-aeabi_atexit.o)
                0x000822a0                __aeabi_atexit
 .text.__cxa_atexit
                0x000822ac       0x14 c:/java/eclipsearduino/arduinoplugin/tools/arduino/arm-none-eabi-gcc/4.8.3-2014q1/bin/../lib/gcc/arm-none-eabi/4.8.3/../../../../arm-none-eabi/lib/armv7-m\libg.a(lib_a-cxa_atexit.o)
                0x000822ac                __cxa_atexit
 .text.__libc_init_array
                0x000822c0       0x50 c:/java/eclipsearduino/arduinoplugin/tools/arduino/arm-none-eabi-gcc/4.8.3-2014q1/bin/../lib/gcc/arm-none-eabi/4.8.3/../../../../arm-none-eabi/lib/armv7-m\libg.a(lib_a-init.o)
                0x000822c0                __libc_init_array
 .text.iprintf  0x00082310       0x28 c:/java/eclipsearduino/arduinoplugin/tools/arduino/arm-none-eabi-gcc/4.8.3-2014q1/bin/../lib/gcc/arm-none-eabi/4.8.3/../../../../arm-none-eabi/lib/armv7-m\libg.a(lib_a-iprintf.o)
                0x00082310                iprintf
 .text.malloc   0x00082338       0x10 c:/java/eclipsearduino/arduinoplugin/tools/arduino/arm-none-eabi-gcc/4.8.3-2014q1/bin/../lib/gcc/arm-none-eabi/4.8.3/../../../../arm-none-eabi/lib/armv7-m\libg.a(lib_a-malloc.o)
                0x00082338                malloc
 .text.free     0x00082348       0x10 c:/java/eclipsearduino/arduinoplugin/tools/arduino/arm-none-eabi-gcc/4.8.3-2014q1/bin/../lib/gcc/arm-none-eabi/4.8.3/../../../../arm-none-eabi/lib/armv7-m\libg.a(lib_a-malloc.o)
                0x00082348                free
 .text._malloc_r
                0x00082358      0x538 c:/java/eclipsearduino/arduinoplugin/tools/arduino/arm-none-eabi-gcc/4.8.3-2014q1/bin/../lib/gcc/arm-none-eabi/4.8.3/../../../../arm-none-eabi/lib/armv7-m\libg.a(lib_a-mallocr.o)
                0x00082358                _malloc_r
 .text.memset   0x00082890       0x94 c:/java/eclipsearduino/arduinoplugin/tools/arduino/arm-none-eabi-gcc/4.8.3-2014q1/bin/../lib/gcc/arm-none-eabi/4.8.3/../../../../arm-none-eabi/lib/armv7-m\libg.a(lib_a-memset.o)
                0x00082890                memset
 .text.__malloc_lock
                0x00082924        0x4 c:/java/eclipsearduino/arduinoplugin/tools/arduino/arm-none-eabi-gcc/4.8.3-2014q1/bin/../lib/gcc/arm-none-eabi/4.8.3/../../../../arm-none-eabi/lib/armv7-m\libg.a(lib_a-mlock.o)
                0x00082924                __malloc_lock
 .text.__malloc_unlock
                0x00082928        0x4 c:/java/eclipsearduino/arduinoplugin/tools/arduino/arm-none-eabi-gcc/4.8.3-2014q1/bin/../lib/gcc/arm-none-eabi/4.8.3/../../../../arm-none-eabi/lib/armv7-m\libg.a(lib_a-mlock.o)
                0x00082928                __malloc_unlock
 .text._sbrk_r  0x0008292c       0x24 c:/java/eclipsearduino/arduinoplugin/tools/arduino/arm-none-eabi-gcc/4.8.3-2014q1/bin/../lib/gcc/arm-none-eabi/4.8.3/../../../../arm-none-eabi/lib/armv7-m\libg.a(lib_a-sbrkr.o)
                0x0008292c                _sbrk_r
 .text.strlen   0x00082950       0x60 c:/java/eclipsearduino/arduinoplugin/tools/arduino/arm-none-eabi-gcc/4.8.3-2014q1/bin/../lib/gcc/arm-none-eabi/4.8.3/../../../../arm-none-eabi/lib/armv7-m\libg.a(lib_a-strlen.o)
                0x00082950                strlen
 .text.kill     0x000829b0       0x10 c:/java/eclipsearduino/arduinoplugin/tools/arduino/arm-none-eabi-gcc/4.8.3-2014q1/bin/../lib/gcc/arm-none-eabi/4.8.3/../../../../arm-none-eabi/lib/armv7-m\libg.a(lib_a-syskill.o)
                0x000829b0                kill
 .text.__sprint_r.part.0
                0x000829c0       0x78 c:/java/eclipsearduino/arduinoplugin/tools/arduino/arm-none-eabi-gcc/4.8.3-2014q1/bin/../lib/gcc/arm-none-eabi/4.8.3/../../../../arm-none-eabi/lib/armv7-m\libg.a(lib_a-vfiprintf.o)
 .text._vfiprintf_r
                0x00082a38      0xc54 c:/java/eclipsearduino/arduinoplugin/tools/arduino/arm-none-eabi-gcc/4.8.3-2014q1/bin/../lib/gcc/arm-none-eabi/4.8.3/../../../../arm-none-eabi/lib/armv7-m\libg.a(lib_a-vfiprintf.o)
                0x00082a38                _vfiprintf_r
 .text.__sbprintf
                0x0008368c       0x7c c:/java/eclipsearduino/arduinoplugin/tools/arduino/arm-none-eabi-gcc/4.8.3-2014q1/bin/../lib/gcc/arm-none-eabi/4.8.3/../../../../arm-none-eabi/lib/armv7-m\libg.a(lib_a-vfiprintf.o)
 .text.__swsetup_r
                0x00083708       0xc4 c:/java/eclipsearduino/arduinoplugin/tools/arduino/arm-none-eabi-gcc/4.8.3-2014q1/bin/../lib/gcc/arm-none-eabi/4.8.3/../../../../arm-none-eabi/lib/armv7-m\libg.a(lib_a-wsetup.o)
                0x00083708                __swsetup_r
 .text.__register_exitproc
                0x000837cc       0xa8 c:/java/eclipsearduino/arduinoplugin/tools/arduino/arm-none-eabi-gcc/4.8.3-2014q1/bin/../lib/gcc/arm-none-eabi/4.8.3/../../../../arm-none-eabi/lib/armv7-m\libg.a(lib_a-__atexit.o)
                0x000837cc                __register_exitproc
 .text.startup.register_fini
                0x00083874       0x14 c:/java/eclipsearduino/arduinoplugin/tools/arduino/arm-none-eabi-gcc/4.8.3-2014q1/bin/../lib/gcc/arm-none-eabi/4.8.3/../../../../arm-none-eabi/lib/armv7-m\libg.a(lib_a-__call_atexit.o)
 .text.atexit   0x00083888        0xc c:/java/eclipsearduino/arduinoplugin/tools/arduino/arm-none-eabi-gcc/4.8.3-2014q1/bin/../lib/gcc/arm-none-eabi/4.8.3/../../../../arm-none-eabi/lib/armv7-m\libg.a(lib_a-atexit.o)
                0x00083888                atexit
 .text.__sflush_r
                0x00083894      0x148 c:/java/eclipsearduino/arduinoplugin/tools/arduino/arm-none-eabi-gcc/4.8.3-2014q1/bin/../lib/gcc/arm-none-eabi/4.8.3/../../../../arm-none-eabi/lib/armv7-m\libg.a(lib_a-fflush.o)
                0x00083894                __sflush_r
 .text._fflush_r
                0x000839dc       0x2c c:/java/eclipsearduino/arduinoplugin/tools/arduino/arm-none-eabi-gcc/4.8.3-2014q1/bin/../lib/gcc/arm-none-eabi/4.8.3/../../../../arm-none-eabi/lib/armv7-m\libg.a(lib_a-fflush.o)
                0x000839dc                _fflush_r
 .text._cleanup_r
                0x00083a08        0xc c:/java/eclipsearduino/arduinoplugin/tools/arduino/arm-none-eabi-gcc/4.8.3-2014q1/bin/../lib/gcc/arm-none-eabi/4.8.3/../../../../arm-none-eabi/lib/armv7-m\libg.a(lib_a-findfp.o)
                0x00083a08                _cleanup_r
 .text.__sinit  0x00083a14       0xf4 c:/java/eclipsearduino/arduinoplugin/tools/arduino/arm-none-eabi-gcc/4.8.3-2014q1/bin/../lib/gcc/arm-none-eabi/4.8.3/../../../../arm-none-eabi/lib/armv7-m\libg.a(lib_a-findfp.o)
                0x00083a14                __sinit
 .text.__sfp_lock_acquire
                0x00083b08        0x4 c:/java/eclipsearduino/arduinoplugin/tools/arduino/arm-none-eabi-gcc/4.8.3-2014q1/bin/../lib/gcc/arm-none-eabi/4.8.3/../../../../arm-none-eabi/lib/armv7-m\libg.a(lib_a-findfp.o)
                0x00083b08                __sfp_lock_acquire
 .text.__sfp_lock_release
                0x00083b0c        0x4 c:/java/eclipsearduino/arduinoplugin/tools/arduino/arm-none-eabi-gcc/4.8.3-2014q1/bin/../lib/gcc/arm-none-eabi/4.8.3/../../../../arm-none-eabi/lib/armv7-m\libg.a(lib_a-findfp.o)
                0x00083b0c                __sfp_lock_release
 .text.__libc_fini_array
                0x00083b10       0x30 c:/java/eclipsearduino/arduinoplugin/tools/arduino/arm-none-eabi-gcc/4.8.3-2014q1/bin/../lib/gcc/arm-none-eabi/4.8.3/../../../../arm-none-eabi/lib/armv7-m\libg.a(lib_a-fini.o)
                0x00083b10                __libc_fini_array
 .text._fputwc_r
                0x00083b40       0xc0 c:/java/eclipsearduino/arduinoplugin/tools/arduino/arm-none-eabi-gcc/4.8.3-2014q1/bin/../lib/gcc/arm-none-eabi/4.8.3/../../../../arm-none-eabi/lib/armv7-m\libg.a(lib_a-fputwc.o)
                0x00083b40                _fputwc_r
 .text._malloc_trim_r
                0x00083c00       0x9c c:/java/eclipsearduino/arduinoplugin/tools/arduino/arm-none-eabi-gcc/4.8.3-2014q1/bin/../lib/gcc/arm-none-eabi/4.8.3/../../../../arm-none-eabi/lib/armv7-m\libg.a(lib_a-freer.o)
                0x00083c00                _malloc_trim_r
 .text._free_r  0x00083c9c      0x198 c:/java/eclipsearduino/arduinoplugin/tools/arduino/arm-none-eabi-gcc/4.8.3-2014q1/bin/../lib/gcc/arm-none-eabi/4.8.3/../../../../arm-none-eabi/lib/armv7-m\libg.a(lib_a-freer.o)
                0x00083c9c                _free_r
 .text.__sfvwrite_r
                0x00083e34      0x314 c:/java/eclipsearduino/arduinoplugin/tools/arduino/arm-none-eabi-gcc/4.8.3-2014q1/bin/../lib/gcc/arm-none-eabi/4.8.3/../../../../arm-none-eabi/lib/armv7-m\libg.a(lib_a-fvwrite.o)
                0x00083e34                __sfvwrite_r
 .text._fwalk   0x00084148       0x48 c:/java/eclipsearduino/arduinoplugin/tools/arduino/arm-none-eabi-gcc/4.8.3-2014q1/bin/../lib/gcc/arm-none-eabi/4.8.3/../../../../arm-none-eabi/lib/armv7-m\libg.a(lib_a-fwalk.o)
                0x00084148                _fwalk
 .text.__locale_charset
                0x00084190        0x8 c:/java/eclipsearduino/arduinoplugin/tools/arduino/arm-none-eabi-gcc/4.8.3-2014q1/bin/../lib/gcc/arm-none-eabi/4.8.3/../../../../arm-none-eabi/lib/armv7-m\libg.a(lib_a-locale.o)
                0x00084190                __locale_charset
 .text.__locale_mb_cur_max
                0x00084198        0xc c:/java/eclipsearduino/arduinoplugin/tools/arduino/arm-none-eabi-gcc/4.8.3-2014q1/bin/../lib/gcc/arm-none-eabi/4.8.3/../../../../arm-none-eabi/lib/armv7-m\libg.a(lib_a-locale.o)
                0x00084198                __locale_mb_cur_max
 .text.__smakebuf_r
                0x000841a4       0xe0 c:/java/eclipsearduino/arduinoplugin/tools/arduino/arm-none-eabi-gcc/4.8.3-2014q1/bin/../lib/gcc/arm-none-eabi/4.8.3/../../../../arm-none-eabi/lib/armv7-m\libg.a(lib_a-makebuf.o)
                0x000841a4                __smakebuf_r
 .text.memchr   0x00084284       0x94 c:/java/eclipsearduino/arduinoplugin/tools/arduino/arm-none-eabi-gcc/4.8.3-2014q1/bin/../lib/gcc/arm-none-eabi/4.8.3/../../../../arm-none-eabi/lib/armv7-m\libg.a(lib_a-memchr-stub.o)
                0x00084284                memchr
 .text          0x00084318       0xec c:/java/eclipsearduino/arduinoplugin/tools/arduino/arm-none-eabi-gcc/4.8.3-2014q1/bin/../lib/gcc/arm-none-eabi/4.8.3/../../../../arm-none-eabi/lib/armv7-m\libg.a(lib_a-memcpy.o)
                0x00084318                memcpy
 .text.memmove  0x00084404       0xcc c:/java/eclipsearduino/arduinoplugin/tools/arduino/arm-none-eabi-gcc/4.8.3-2014q1/bin/../lib/gcc/arm-none-eabi/4.8.3/../../../../arm-none-eabi/lib/armv7-m\libg.a(lib_a-memmove.o)
                0x00084404                memmove
 .text._realloc_r
                0x000844d0      0x3c0 c:/java/eclipsearduino/arduinoplugin/tools/arduino/arm-none-eabi-gcc/4.8.3-2014q1/bin/../lib/gcc/arm-none-eabi/4.8.3/../../../../arm-none-eabi/lib/armv7-m\libg.a(lib_a-reallocr.o)
                0x000844d0                _realloc_r
 .text._kill_r  0x00084890       0x28 c:/java/eclipsearduino/arduinoplugin/tools/arduino/arm-none-eabi-gcc/4.8.3-2014q1/bin/../lib/gcc/arm-none-eabi/4.8.3/../../../../arm-none-eabi/lib/armv7-m\libg.a(lib_a-signalr.o)
                0x00084890                _kill_r
 .text.__sread  0x000848b8       0x24 c:/java/eclipsearduino/arduinoplugin/tools/arduino/arm-none-eabi-gcc/4.8.3-2014q1/bin/../lib/gcc/arm-none-eabi/4.8.3/../../../../arm-none-eabi/lib/armv7-m\libg.a(lib_a-stdio.o)
                0x000848b8                __sread
 .text.__swrite
                0x000848dc       0x38 c:/java/eclipsearduino/arduinoplugin/tools/arduino/arm-none-eabi-gcc/4.8.3-2014q1/bin/../lib/gcc/arm-none-eabi/4.8.3/../../../../arm-none-eabi/lib/armv7-m\libg.a(lib_a-stdio.o)
                0x000848dc                __swrite
 .text.__sseek  0x00084914       0x20 c:/java/eclipsearduino/arduinoplugin/tools/arduino/arm-none-eabi-gcc/4.8.3-2014q1/bin/../lib/gcc/arm-none-eabi/4.8.3/../../../../arm-none-eabi/lib/armv7-m\libg.a(lib_a-stdio.o)
                0x00084914                __sseek
 .text.__sclose
                0x00084934        0x8 c:/java/eclipsearduino/arduinoplugin/tools/arduino/arm-none-eabi-gcc/4.8.3-2014q1/bin/../lib/gcc/arm-none-eabi/4.8.3/../../../../arm-none-eabi/lib/armv7-m\libg.a(lib_a-stdio.o)
                0x00084934                __sclose
 .text.__swbuf_r
                0x0008493c       0xa8 c:/java/eclipsearduino/arduinoplugin/tools/arduino/arm-none-eabi-gcc/4.8.3-2014q1/bin/../lib/gcc/arm-none-eabi/4.8.3/../../../../arm-none-eabi/lib/armv7-m\libg.a(lib_a-wbuf.o)
                0x0008493c                __swbuf_r
 .text._wcrtomb_r
                0x000849e4       0x50 c:/java/eclipsearduino/arduinoplugin/tools/arduino/arm-none-eabi-gcc/4.8.3-2014q1/bin/../lib/gcc/arm-none-eabi/4.8.3/../../../../arm-none-eabi/lib/armv7-m\libg.a(lib_a-wcrtomb.o)
                0x000849e4                _wcrtomb_r
 .text.__ascii_wctomb
                0x00084a34       0x1c c:/java/eclipsearduino/arduinoplugin/tools/arduino/arm-none-eabi-gcc/4.8.3-2014q1/bin/../lib/gcc/arm-none-eabi/4.8.3/../../../../arm-none-eabi/lib/armv7-m\libg.a(lib_a-wctomb_r.o)
                0x00084a34                __ascii_wctomb
 .text._write_r
                0x00084a50       0x28 c:/java/eclipsearduino/arduinoplugin/tools/arduino/arm-none-eabi-gcc/4.8.3-2014q1/bin/../lib/gcc/arm-none-eabi/4.8.3/../../../../arm-none-eabi/lib/armv7-m\libg.a(lib_a-writer.o)
                0x00084a50                _write_r
 .text._close_r
                0x00084a78       0x24 c:/java/eclipsearduino/arduinoplugin/tools/arduino/arm-none-eabi-gcc/4.8.3-2014q1/bin/../lib/gcc/arm-none-eabi/4.8.3/../../../../arm-none-eabi/lib/armv7-m\libg.a(lib_a-closer.o)
                0x00084a78                _close_r
 .text._fclose_r
                0x00084a9c       0x80 c:/java/eclipsearduino/arduinoplugin/tools/arduino/arm-none-eabi-gcc/4.8.3-2014q1/bin/../lib/gcc/arm-none-eabi/4.8.3/../../../../arm-none-eabi/lib/armv7-m\libg.a(lib_a-fclose.o)
                0x00084a9c                _fclose_r
 .text.fclose   0x00084b1c       0x10 c:/java/eclipsearduino/arduinoplugin/tools/arduino/arm-none-eabi-gcc/4.8.3-2014q1/bin/../lib/gcc/arm-none-eabi/4.8.3/../../../../arm-none-eabi/lib/armv7-m\libg.a(lib_a-fclose.o)
                0x00084b1c                fclose
 .text._fstat_r
                0x00084b2c       0x28 c:/java/eclipsearduino/arduinoplugin/tools/arduino/arm-none-eabi-gcc/4.8.3-2014q1/bin/../lib/gcc/arm-none-eabi/4.8.3/../../../../arm-none-eabi/lib/armv7-m\libg.a(lib_a-fstatr.o)
                0x00084b2c                _fstat_r
 .text._isatty_r
                0x00084b54       0x24 c:/java/eclipsearduino/arduinoplugin/tools/arduino/arm-none-eabi-gcc/4.8.3-2014q1/bin/../lib/gcc/arm-none-eabi/4.8.3/../../../../arm-none-eabi/lib/armv7-m\libg.a(lib_a-isattyr.o)
                0x00084b54                _isatty_r
 .text._lseek_r
                0x00084b78       0x28 c:/java/eclipsearduino/arduinoplugin/tools/arduino/arm-none-eabi-gcc/4.8.3-2014q1/bin/../lib/gcc/arm-none-eabi/4.8.3/../../../../arm-none-eabi/lib/armv7-m\libg.a(lib_a-lseekr.o)
                0x00084b78                _lseek_r
 .text._read_r  0x00084ba0       0x28 c:/java/eclipsearduino/arduinoplugin/tools/arduino/arm-none-eabi-gcc/4.8.3-2014q1/bin/../lib/gcc/arm-none-eabi/4.8.3/../../../../arm-none-eabi/lib/armv7-m\libg.a(lib_a-readr.o)
                0x00084ba0                _read_r
 .text          0x00084bc8       0x2c c:/java/eclipsearduino/arduinoplugin/tools/arduino/arm-none-eabi-gcc/4.8.3-2014q1/bin/../lib/gcc/arm-none-eabi/4.8.3/armv7-m\libgcc.a(_aeabi_uldivmod.o)
                0x00084bc8                __aeabi_uldivmod
 .text          0x00084bf4       0x60 c:/java/eclipsearduino/arduinoplugin/tools/arduino/arm-none-eabi-gcc/4.8.3-2014q1/bin/../lib/gcc/arm-none-eabi/4.8.3/armv7-m\libgcc.a(bpabi.o)
                0x00084bf4                __gnu_ldivmod_helper
                0x00084c24                __gnu_uldivmod_helper
 .text          0x00084c54        0x4 c:/java/eclipsearduino/arduinoplugin/tools/arduino/arm-none-eabi-gcc/4.8.3-2014q1/bin/../lib/gcc/arm-none-eabi/4.8.3/armv7-m\libgcc.a(_dvmd_tls.o)
                0x00084c54                __aeabi_idiv0
                0x00084c54                __aeabi_ldiv0
 .text          0x00084c58      0x2a0 c:/java/eclipsearduino/arduinoplugin/tools/arduino/arm-none-eabi-gcc/4.8.3-2014q1/bin/../lib/gcc/arm-none-eabi/4.8.3/armv7-m\libgcc.a(_divdi3.o)
                0x00084c58                __divdi3
 .text          0x00084ef8      0x290 c:/java/eclipsearduino/arduinoplugin/tools/arduino/arm-none-eabi-gcc/4.8.3-2014q1/bin/../lib/gcc/arm-none-eabi/4.8.3/armv7-m\libgcc.a(_udivdi3.o)
                0x00084ef8                __udivdi3
 *(.glue_7t)
 .glue_7t       0x00000000        0x0 linker stubs
 *(.glue_7)
 .glue_7        0x00000000        0x0 linker stubs
 *(.rodata .rodata* .gnu.linkonce.r.*)
 .rodata._ZTV17DigitalController
                0x00085188       0x10 ./src/DigitalController.cpp.o
                0x00085188                vtable for DigitalController
 .rodata.str1.1
                0x00085198       0x22 ./src/GaterminatorApp.cpp.o
 *fill*         0x000851ba        0x6 
 .rodata._ZTV15GaterminatorApp
                0x000851c0       0x10 ./src/GaterminatorApp.cpp.o
                0x000851c0                vtable for GaterminatorApp
 .rodata._ZTV12NoiseChecker
                0x000851d0       0x10 ./src/NoiseChecker.cpp.o
                0x000851d0                vtable for NoiseChecker
 .rodata.str1.1
                0x000851e0       0x22 ./src/NoiseChecker.cpp.o
 *fill*         0x00085202        0x6 
 .rodata._ZTV12RangeLearner
                0x00085208       0x10 ./src/RangeLearner.cpp.o
                0x00085208                vtable for RangeLearner
 .rodata.str1.1
                0x00085218       0x62 ./src/RangeLearner.cpp.o
 *fill*         0x0008527a        0x6 
 .rodata._ZTV13SecondCounter
                0x00085280       0x10 ./src/SecondCounter.cpp.o
                0x00085280                vtable for SecondCounter
 .rodata.g_APinDescription
                0x00085290      0xa2c arduino.ar(variant.cpp.o)
                0x00085290                g_APinDescription
 .rodata.str1.1
                0x00085cbc       0x11 arduino.ar(Print.cpp.o)
 *fill*         0x00085ccd        0x3 
 .rodata._ZTV9UARTClass
                0x00085cd0       0x30 arduino.ar(UARTClass.cpp.o)
                0x00085cd0                vtable for UARTClass
 .rodata._ZTV10USARTClass
                0x00085d00       0x30 arduino.ar(USARTClass.cpp.o)
                0x00085d00                vtable for USARTClass
 .rodata.str1.1
                0x00085d30       0x19 arduino.ar(syscalls_sam3.c.o)
 .rodata.STRING_PRODUCT
                0x00085d49        0xc arduino.ar(USBCore.cpp.o)
                0x00085d49                STRING_PRODUCT
 .rodata.USB_DeviceDescriptor
                0x00085d55       0x12 arduino.ar(USBCore.cpp.o)
                0x00085d55                USB_DeviceDescriptor
 *fill*         0x00085d67        0x1 
 .rodata.STRING_LANGUAGE
                0x00085d68        0x4 arduino.ar(USBCore.cpp.o)
                0x00085d68                STRING_LANGUAGE
 .rodata._ZL18test_packet_buffer
                0x00085d6c       0x35 arduino.ar(USBCore.cpp.o)
 .rodata.STRING_MANUFACTURER
                0x00085da1        0xc arduino.ar(USBCore.cpp.o)
                0x00085da1                STRING_MANUFACTURER
 .rodata.USB_DeviceDescriptorA
                0x00085dad       0x12 arduino.ar(USBCore.cpp.o)
                0x00085dad                USB_DeviceDescriptorA
 .rodata._ZL19USB_DeviceQualifier
                0x00085dbf        0x9 arduino.ar(USBCore.cpp.o)
 .rodata._ZTV7Serial_
                0x00085dc8       0x28 arduino.ar(CDC.cpp.o)
                0x00085dc8                vtable for Serial_
 .rodata._ZL18_cdcOtherInterface
                0x00085df0       0x42 arduino.ar(CDC.cpp.o)
 .rodata._ZL13_cdcInterface
                0x00085e32       0x42 arduino.ar(CDC.cpp.o)
 .rodata        0x00085e74       0x40 C:/java/eclipseArduino/arduinoPlugin/packages/arduino/hardware/sam/1.6.8/variants/arduino_due_x/libsam_sam3x8e_gcc_rel.a(adc.o)
 .rodata.str1.4
                0x00085eb4        0x2 c:/java/eclipsearduino/arduinoplugin/tools/arduino/arm-none-eabi-gcc/4.8.3-2014q1/bin/../lib/gcc/arm-none-eabi/4.8.3/../../../../arm-none-eabi/lib/armv7-m\libg.a(lib_a-impure.o)
                                  0x4 (size before relaxing)
 *fill*         0x00085eb6        0x2 
 .rodata._global_impure_ptr
                0x00085eb8        0x4 c:/java/eclipsearduino/arduinoplugin/tools/arduino/arm-none-eabi-gcc/4.8.3-2014q1/bin/../lib/gcc/arm-none-eabi/4.8.3/../../../../arm-none-eabi/lib/armv7-m\libg.a(lib_a-impure.o)
                0x00085eb8                _global_impure_ptr
 .rodata.blanks.6717
                0x00085ebc       0x10 c:/java/eclipsearduino/arduinoplugin/tools/arduino/arm-none-eabi-gcc/4.8.3-2014q1/bin/../lib/gcc/arm-none-eabi/4.8.3/../../../../arm-none-eabi/lib/armv7-m\libg.a(lib_a-vfiprintf.o)
 .rodata.str1.4
                0x00085ecc       0x30 c:/java/eclipsearduino/arduinoplugin/tools/arduino/arm-none-eabi-gcc/4.8.3-2014q1/bin/../lib/gcc/arm-none-eabi/4.8.3/../../../../arm-none-eabi/lib/armv7-m\libg.a(lib_a-vfiprintf.o)
 .rodata.zeroes.6718
                0x00085efc       0x10 c:/java/eclipsearduino/arduinoplugin/tools/arduino/arm-none-eabi-gcc/4.8.3-2014q1/bin/../lib/gcc/arm-none-eabi/4.8.3/../../../../arm-none-eabi/lib/armv7-m\libg.a(lib_a-vfiprintf.o)
 *(.ARM.extab* .gnu.linkonce.armextab.*)
                0x00085f0c                . = ALIGN (0x4)
 *(.init)
 .init          0x00085f0c        0x4 c:/java/eclipsearduino/arduinoplugin/tools/arduino/arm-none-eabi-gcc/4.8.3-2014q1/bin/../lib/gcc/arm-none-eabi/4.8.3/armv7-m/crti.o
                0x00085f0c                _init
 .init          0x00085f10        0x8 c:/java/eclipsearduino/arduinoplugin/tools/arduino/arm-none-eabi-gcc/4.8.3-2014q1/bin/../lib/gcc/arm-none-eabi/4.8.3/armv7-m/crtn.o
                0x00085f18                . = ALIGN (0x4)
                0x00085f18                __preinit_array_start = .
 *(.preinit_array)
                0x00085f18                __preinit_array_end = .
                0x00085f18                . = ALIGN (0x4)
                0x00085f18                __init_array_start = .
 *(SORT(.init_array.*))
 .init_array.00000
                0x00085f18        0x4 c:/java/eclipsearduino/arduinoplugin/tools/arduino/arm-none-eabi-gcc/4.8.3-2014q1/bin/../lib/gcc/arm-none-eabi/4.8.3/../../../../arm-none-eabi/lib/armv7-m\libg.a(lib_a-__call_atexit.o)
 *(.init_array)
 .init_array    0x00085f1c        0x4 c:/java/eclipsearduino/arduinoplugin/tools/arduino/arm-none-eabi-gcc/4.8.3-2014q1/bin/../lib/gcc/arm-none-eabi/4.8.3/armv7-m/crtbegin.o
 .init_array    0x00085f20        0x4 ./src/gaterminator.cpp.o
 .init_array    0x00085f24        0x4 arduino.ar(variant.cpp.o)
 .init_array    0x00085f28        0x4 arduino.ar(USBCore.cpp.o)
 .init_array    0x00085f2c        0x4 arduino.ar(CDC.cpp.o)
                0x00085f30                __init_array_end = .
                0x00085f30                . = ALIGN (0x4)
 *crtbegin.o(.ctors)
 *(EXCLUDE_FILE(*crtend.o) .ctors)
 *(SORT(.ctors.*))
 *crtend.o(.ctors)
                0x00085f30                . = ALIGN (0x4)
 *(.fini)
 .fini          0x00085f30        0x4 c:/java/eclipsearduino/arduinoplugin/tools/arduino/arm-none-eabi-gcc/4.8.3-2014q1/bin/../lib/gcc/arm-none-eabi/4.8.3/armv7-m/crti.o
                0x00085f30                _fini
 .fini          0x00085f34        0x8 c:/java/eclipsearduino/arduinoplugin/tools/arduino/arm-none-eabi-gcc/4.8.3-2014q1/bin/../lib/gcc/arm-none-eabi/4.8.3/armv7-m/crtn.o
                0x00085f3c                . = ALIGN (0x4)
                0x00085f3c                __fini_array_start = .
 *(.fini_array)
 .fini_array    0x00085f3c        0x4 c:/java/eclipsearduino/arduinoplugin/tools/arduino/arm-none-eabi-gcc/4.8.3-2014q1/bin/../lib/gcc/arm-none-eabi/4.8.3/armv7-m/crtbegin.o
 *(SORT(.fini_array.*))
                0x00085f40                __fini_array_end = .
 *crtbegin.o(.dtors)
 *(EXCLUDE_FILE(*crtend.o) .dtors)
 *(SORT(.dtors.*))
 *crtend.o(.dtors)
                0x00085f40                . = ALIGN (0x4)
                0x00085f40                _efixed = .
                0x00085f40                PROVIDE (__exidx_start, .)

.vfp11_veneer   0x00085f40        0x0
 .vfp11_veneer  0x00000000        0x0 linker stubs

.v4_bx          0x00085f40        0x0
 .v4_bx         0x00000000        0x0 linker stubs

.iplt           0x00085f40        0x0
 .iplt          0x00000000        0x0 c:/java/eclipsearduino/arduinoplugin/tools/arduino/arm-none-eabi-gcc/4.8.3-2014q1/bin/../lib/gcc/arm-none-eabi/4.8.3/armv7-m/crtbegin.o

.ARM.exidx      0x00085f40        0x8
 *(.ARM.exidx* .gnu.linkonce.armexidx.*)
 .ARM.exidx     0x00085f40        0x8 c:/java/eclipsearduino/arduinoplugin/tools/arduino/arm-none-eabi-gcc/4.8.3-2014q1/bin/../lib/gcc/arm-none-eabi/4.8.3/armv7-m\libgcc.a(_divdi3.o)
 .ARM.exidx     0x00085f48        0x0 c:/java/eclipsearduino/arduinoplugin/tools/arduino/arm-none-eabi-gcc/4.8.3-2014q1/bin/../lib/gcc/arm-none-eabi/4.8.3/armv7-m\libgcc.a(_udivdi3.o)
                                  0x8 (size before relaxing)
                0x00085f48                PROVIDE (__exidx_end, .)

.eh_frame       0x00085f48        0x0
 .eh_frame      0x00085f48        0x0 c:/java/eclipsearduino/arduinoplugin/tools/arduino/arm-none-eabi-gcc/4.8.3-2014q1/bin/../lib/gcc/arm-none-eabi/4.8.3/armv7-m/crtbegin.o

.rel.dyn        0x00085f48        0x0
 .rel.iplt      0x00000000        0x0 c:/java/eclipsearduino/arduinoplugin/tools/arduino/arm-none-eabi-gcc/4.8.3-2014q1/bin/../lib/gcc/arm-none-eabi/4.8.3/armv7-m/crtbegin.o

.jcr            0x00085f48        0x0
 .jcr           0x00085f48        0x0 c:/java/eclipsearduino/arduinoplugin/tools/arduino/arm-none-eabi-gcc/4.8.3-2014q1/bin/../lib/gcc/arm-none-eabi/4.8.3/armv7-m/crtbegin.o

.igot.plt       0x00085f48        0x0
 .igot.plt      0x00000000        0x0 c:/java/eclipsearduino/arduinoplugin/tools/arduino/arm-none-eabi-gcc/4.8.3-2014q1/bin/../lib/gcc/arm-none-eabi/4.8.3/armv7-m/crtbegin.o
                0x00085f48                . = ALIGN (0x4)
                0x00085f48                _etext = .

.relocate       0x20070000      0x8dc load address 0x00085f48
                0x20070000                . = ALIGN (0x4)
                0x20070000                _srelocate = .
 *(.ramfunc .ramfunc.*)
 .ramfunc       0x20070000       0x2c arduino.ar(Reset.cpp.o)
                0x20070000                banzai
 *(.data .data.*)
 .data          0x2007002c        0x4 c:/java/eclipsearduino/arduinoplugin/tools/arduino/arm-none-eabi-gcc/4.8.3-2014q1/bin/../lib/gcc/arm-none-eabi/4.8.3/armv7-m/crtbegin.o
                0x2007002c                __dso_handle
 .data.latestSelectedChannel.9380
                0x20070030        0x4 arduino.ar(wiring_analog.c.o)
 .data._readResolution
                0x20070034        0x4 arduino.ar(wiring_analog.c.o)
 .data.EndPoints
                0x20070038       0x28 arduino.ar(USBCore.cpp.o)
                0x20070038                EndPoints
 .data._ZL10breakValue
                0x20070060        0x4 arduino.ar(CDC.cpp.o)
 .data._ZL12_usbLineInfo
                0x20070064        0x8 arduino.ar(CDC.cpp.o)
 .data._ZL5ticks
                0x2007006c        0x4 arduino.ar(Reset.cpp.o)
 .data.SystemCoreClock
                0x20070070        0x4 C:/java/eclipseArduino/arduinoPlugin/packages/arduino/hardware/sam/1.6.8/variants/arduino_due_x/libsam_sam3x8e_gcc_rel.a(system_sam3xa.o)
                0x20070070                SystemCoreClock
 .data.g_interrupt_enabled
                0x20070074        0x4 C:/java/eclipseArduino/arduinoPlugin/packages/arduino/hardware/sam/1.6.8/variants/arduino_due_x/libsam_sam3x8e_gcc_rel.a(interrupt_sam_nvic.o)
                0x20070074                g_interrupt_enabled
 .data.impure_data
                0x20070078      0x428 c:/java/eclipsearduino/arduinoplugin/tools/arduino/arm-none-eabi-gcc/4.8.3-2014q1/bin/../lib/gcc/arm-none-eabi/4.8.3/../../../../arm-none-eabi/lib/armv7-m\libg.a(lib_a-impure.o)
 .data._impure_ptr
                0x200704a0        0x4 c:/java/eclipsearduino/arduinoplugin/tools/arduino/arm-none-eabi-gcc/4.8.3-2014q1/bin/../lib/gcc/arm-none-eabi/4.8.3/../../../../arm-none-eabi/lib/armv7-m\libg.a(lib_a-impure.o)
                0x200704a0                _impure_ptr
 .data.__malloc_av_
                0x200704a4      0x408 c:/java/eclipsearduino/arduinoplugin/tools/arduino/arm-none-eabi-gcc/4.8.3-2014q1/bin/../lib/gcc/arm-none-eabi/4.8.3/../../../../arm-none-eabi/lib/armv7-m\libg.a(lib_a-mallocr.o)
                0x200704a4                __malloc_av_
 .data.__malloc_trim_threshold
                0x200708ac        0x4 c:/java/eclipsearduino/arduinoplugin/tools/arduino/arm-none-eabi-gcc/4.8.3-2014q1/bin/../lib/gcc/arm-none-eabi/4.8.3/../../../../arm-none-eabi/lib/armv7-m\libg.a(lib_a-mallocr.o)
                0x200708ac                __malloc_trim_threshold
 .data.__malloc_sbrk_base
                0x200708b0        0x4 c:/java/eclipsearduino/arduinoplugin/tools/arduino/arm-none-eabi-gcc/4.8.3-2014q1/bin/../lib/gcc/arm-none-eabi/4.8.3/../../../../arm-none-eabi/lib/armv7-m\libg.a(lib_a-mallocr.o)
                0x200708b0                __malloc_sbrk_base
 .data.lc_ctype_charset
                0x200708b4       0x20 c:/java/eclipsearduino/arduinoplugin/tools/arduino/arm-none-eabi-gcc/4.8.3-2014q1/bin/../lib/gcc/arm-none-eabi/4.8.3/../../../../arm-none-eabi/lib/armv7-m\libg.a(lib_a-locale.o)
 .data.__mb_cur_max
                0x200708d4        0x4 c:/java/eclipsearduino/arduinoplugin/tools/arduino/arm-none-eabi-gcc/4.8.3-2014q1/bin/../lib/gcc/arm-none-eabi/4.8.3/../../../../arm-none-eabi/lib/armv7-m\libg.a(lib_a-locale.o)
                0x200708d4                __mb_cur_max
 .data.__wctomb
                0x200708d8        0x4 c:/java/eclipsearduino/arduinoplugin/tools/arduino/arm-none-eabi-gcc/4.8.3-2014q1/bin/../lib/gcc/arm-none-eabi/4.8.3/../../../../arm-none-eabi/lib/armv7-m\libg.a(lib_a-wctomb_r.o)
                0x200708d8                __wctomb
                0x200708dc                . = ALIGN (0x4)
                0x200708dc                _erelocate = .

.bss            0x200708dc      0xac4 load address 0x00086824
                0x200708dc                . = ALIGN (0x4)
                0x200708dc                _sbss = .
                0x200708dc                _szero = .
 *(.bss .bss.*)
 .bss           0x200708dc       0x1c c:/java/eclipsearduino/arduinoplugin/tools/arduino/arm-none-eabi-gcc/4.8.3-2014q1/bin/../lib/gcc/arm-none-eabi/4.8.3/armv7-m/crtbegin.o
 .bss.m_app     0x200708f8       0x9c ./src/gaterminator.cpp.o
                0x200708f8                m_app
 .bss.tx_buffer2
                0x20070994       0x88 arduino.ar(variant.cpp.o)
                0x20070994                tx_buffer2
 .bss.tx_buffer1
                0x20070a1c       0x88 arduino.ar(variant.cpp.o)
                0x20070a1c                tx_buffer1
 .bss.Serial    0x20070aa4       0x24 arduino.ar(variant.cpp.o)
                0x20070aa4                Serial
 .bss.rx_buffer1
                0x20070ac8       0x88 arduino.ar(variant.cpp.o)
                0x20070ac8                rx_buffer1
 .bss.Serial1   0x20070b50       0x28 arduino.ar(variant.cpp.o)
                0x20070b50                Serial1
 .bss.Serial2   0x20070b78       0x28 arduino.ar(variant.cpp.o)
                0x20070b78                Serial2
 .bss.Serial3   0x20070ba0       0x28 arduino.ar(variant.cpp.o)
                0x20070ba0                Serial3
 .bss.tx_buffer3
                0x20070bc8       0x88 arduino.ar(variant.cpp.o)
                0x20070bc8                tx_buffer3
 .bss.tx_buffer4
                0x20070c50       0x88 arduino.ar(variant.cpp.o)
                0x20070c50                tx_buffer4
 .bss.g_pinStatus
                0x20070cd8       0x4f arduino.ar(variant.cpp.o)
                0x20070cd8                g_pinStatus
 *fill*         0x20070d27        0x1 
 .bss.rx_buffer2
                0x20070d28       0x88 arduino.ar(variant.cpp.o)
                0x20070d28                rx_buffer2
 .bss.rx_buffer3
                0x20070db0       0x88 arduino.ar(variant.cpp.o)
                0x20070db0                rx_buffer3
 .bss.rx_buffer4
                0x20070e38       0x88 arduino.ar(variant.cpp.o)
                0x20070e38                rx_buffer4
 .bss.heap.6420
                0x20070ec0        0x4 arduino.ar(syscalls_sam3.c.o)
 .bss._cmark    0x20070ec4        0x2 arduino.ar(USBCore.cpp.o)
                0x20070ec4                _cmark
 .bss._ZL14isEndpointHalt
                0x20070ec6        0x1 arduino.ar(USBCore.cpp.o)
 *fill*         0x20070ec7        0x1 
 .bss._cdcComposite
                0x20070ec8        0x4 arduino.ar(USBCore.cpp.o)
                0x20070ec8                _cdcComposite
 .bss._ZL21isRemoteWakeUpEnabled
                0x20070ecc        0x1 arduino.ar(USBCore.cpp.o)
 *fill*         0x20070ecd        0x3 
 .bss._usbInitialized
                0x20070ed0        0x4 arduino.ar(USBCore.cpp.o)
                0x20070ed0                _usbInitialized
 .bss.USBDevice
                0x20070ed4        0x1 arduino.ar(USBCore.cpp.o)
                0x20070ed4                USBDevice
 *fill*         0x20070ed5        0x3 
 .bss._usbSetInterface
                0x20070ed8        0x4 arduino.ar(USBCore.cpp.o)
                0x20070ed8                _usbSetInterface
 .bss._cend     0x20070edc        0x2 arduino.ar(USBCore.cpp.o)
                0x20070edc                _cend
 *fill*         0x20070ede        0x2 
 .bss._usbConfiguration
                0x20070ee0        0x4 arduino.ar(USBCore.cpp.o)
                0x20070ee0                _usbConfiguration
 .bss.cdc_rx_buffer
                0x20070ee4      0x208 arduino.ar(CDC.cpp.o)
                0x20070ee4                cdc_rx_buffer
 .bss._ZZN7Serial_6acceptEvE5guard
                0x200710ec        0x4 arduino.ar(CDC.cpp.o)
 .bss.SerialUSB
                0x200710f0       0x14 arduino.ar(CDC.cpp.o)
                0x200710f0                SerialUSB
 .bss._ZZ12PluggableUSBvE3obj
                0x20071104        0x8 arduino.ar(PluggableUSB.cpp.o)
 .bss._ZGVZ12PluggableUSBvE3obj
                0x2007110c        0x4 arduino.ar(PluggableUSB.cpp.o)
 .bss._dwTickCount
                0x20071110        0x4 C:/java/eclipseArduino/arduinoPlugin/packages/arduino/hardware/sam/1.6.8/variants/arduino_due_x/libsam_sam3x8e_gcc_rel.a(timetick.o)
 .bss.gpf_isr   0x20071114        0x4 C:/java/eclipseArduino/arduinoPlugin/packages/arduino/hardware/sam/1.6.8/variants/arduino_due_x/libsam_sam3x8e_gcc_rel.a(uotghs.o)
                0x20071114                gpf_isr
 .bss.ul_recv_fifo_ptr
                0x20071118       0x28 C:/java/eclipseArduino/arduinoPlugin/packages/arduino/hardware/sam/1.6.8/variants/arduino_due_x/libsam_sam3x8e_gcc_rel.a(uotghs_device.o)
 .bss.ul_send_fifo_ptr
                0x20071140       0x28 C:/java/eclipseArduino/arduinoPlugin/packages/arduino/hardware/sam/1.6.8/variants/arduino_due_x/libsam_sam3x8e_gcc_rel.a(uotghs_device.o)
 .bss.callbacksPioA
                0x20071168       0x80 arduino.ar(WInterrupts.c.o)
 .bss.callbacksPioB
                0x200711e8       0x80 arduino.ar(WInterrupts.c.o)
 .bss.callbacksPioC
                0x20071268       0x80 arduino.ar(WInterrupts.c.o)
 .bss.callbacksPioD
                0x200712e8       0x80 arduino.ar(WInterrupts.c.o)
 .bss.__malloc_max_total_mem
                0x20071368        0x4 c:/java/eclipsearduino/arduinoplugin/tools/arduino/arm-none-eabi-gcc/4.8.3-2014q1/bin/../lib/gcc/arm-none-eabi/4.8.3/../../../../arm-none-eabi/lib/armv7-m\libg.a(lib_a-mallocr.o)
                0x20071368                __malloc_max_total_mem
 .bss.__malloc_max_sbrked_mem
                0x2007136c        0x4 c:/java/eclipsearduino/arduinoplugin/tools/arduino/arm-none-eabi-gcc/4.8.3-2014q1/bin/../lib/gcc/arm-none-eabi/4.8.3/../../../../arm-none-eabi/lib/armv7-m\libg.a(lib_a-mallocr.o)
                0x2007136c                __malloc_max_sbrked_mem
 .bss.__malloc_top_pad
                0x20071370        0x4 c:/java/eclipsearduino/arduinoplugin/tools/arduino/arm-none-eabi-gcc/4.8.3-2014q1/bin/../lib/gcc/arm-none-eabi/4.8.3/../../../../arm-none-eabi/lib/armv7-m\libg.a(lib_a-mallocr.o)
                0x20071370                __malloc_top_pad
 .bss.__malloc_current_mallinfo
                0x20071374       0x28 c:/java/eclipsearduino/arduinoplugin/tools/arduino/arm-none-eabi-gcc/4.8.3-2014q1/bin/../lib/gcc/arm-none-eabi/4.8.3/../../../../arm-none-eabi/lib/armv7-m\libg.a(lib_a-mallocr.o)
                0x20071374                __malloc_current_mallinfo
 *(COMMON)
 COMMON         0x2007139c        0x4 c:/java/eclipsearduino/arduinoplugin/tools/arduino/arm-none-eabi-gcc/4.8.3-2014q1/bin/../lib/gcc/arm-none-eabi/4.8.3/../../../../arm-none-eabi/lib/armv7-m\libg.a(lib_a-reent.o)
                0x2007139c                errno
                0x200713a0                . = ALIGN (0x4)
                0x200713a0                _ebss = .
                0x200713a0                _ezero = .
                0x200713a0                . = ALIGN (0x4)
                0x200713a0                _end = .

.stack_dummy    0x200713a0        0x0
 *(.stack*)
                0x20088000                __StackTop = (ORIGIN (ram) + 0x18000)
                0x20088000                __StackLimit = (__StackTop - SIZEOF (.stack_dummy))
                0x20088000                PROVIDE (_sstack, __StackLimit)
                0x20088000                PROVIDE (_estack, __StackTop)
OUTPUT(C:/devel/java/arduino_wksp/gaterminator/Release/gaterminator.elf elf32-littlearm)

.ARM.attributes
                0x00000000       0x29
 .ARM.attributes
                0x00000000       0x1d c:/java/eclipsearduino/arduinoplugin/tools/arduino/arm-none-eabi-gcc/4.8.3-2014q1/bin/../lib/gcc/arm-none-eabi/4.8.3/armv7-m/crti.o
 .ARM.attributes
                0x0000001d       0x2d c:/java/eclipsearduino/arduinoplugin/tools/arduino/arm-none-eabi-gcc/4.8.3-2014q1/bin/../lib/gcc/arm-none-eabi/4.8.3/armv7-m/crtbegin.o
 .ARM.attributes
                0x0000004a       0x33 ./src/DigitalController.cpp.o
 .ARM.attributes
                0x0000007d       0x33 ./src/GaterminatorApp.cpp.o
 .ARM.attributes
                0x000000b0       0x33 ./src/NoiseChecker.cpp.o
 .ARM.attributes
                0x000000e3       0x33 ./src/RangeLearner.cpp.o
 .ARM.attributes
                0x00000116       0x33 ./src/SecondCounter.cpp.o
 .ARM.attributes
                0x00000149       0x33 ./src/gaterminator.cpp.o
 .ARM.attributes
                0x0000017c       0x33 arduino.ar(variant.cpp.o)
 .ARM.attributes
                0x000001af       0x33 arduino.ar(Print.cpp.o)
 .ARM.attributes
                0x000001e2       0x33 arduino.ar(RingBuffer.cpp.o)
 .ARM.attributes
                0x00000215       0x33 arduino.ar(UARTClass.cpp.o)
 .ARM.attributes
                0x00000248       0x33 arduino.ar(USARTClass.cpp.o)
 .ARM.attributes
                0x0000027b       0x33 arduino.ar(WMath.cpp.o)
 .ARM.attributes
                0x000002ae       0x33 arduino.ar(main.cpp.o)
 .ARM.attributes
                0x000002e1       0x33 arduino.ar(new.cpp.o)
 .ARM.attributes
                0x00000314       0x33 arduino.ar(syscalls_sam3.c.o)
 .ARM.attributes
                0x00000347       0x33 arduino.ar(watchdog.cpp.o)
 .ARM.attributes
                0x0000037a       0x33 arduino.ar(wiring.c.o)
 .ARM.attributes
                0x000003ad       0x33 arduino.ar(wiring_analog.c.o)
 .ARM.attributes
                0x000003e0       0x33 arduino.ar(wiring_digital.c.o)
 .ARM.attributes
                0x00000413       0x33 arduino.ar(USBCore.cpp.o)
 .ARM.attributes
                0x00000446       0x33 arduino.ar(hooks.c.o)
 .ARM.attributes
                0x00000479       0x33 arduino.ar(CDC.cpp.o)
 .ARM.attributes
                0x000004ac       0x33 arduino.ar(PluggableUSB.cpp.o)
 .ARM.attributes
                0x000004df       0x33 arduino.ar(Reset.cpp.o)
 .ARM.attributes
                0x00000512       0x33 C:/java/eclipseArduino/arduinoPlugin/packages/arduino/hardware/sam/1.6.8/variants/arduino_due_x/libsam_sam3x8e_gcc_rel.a(pio.o)
 .ARM.attributes
                0x00000545       0x33 C:/java/eclipseArduino/arduinoPlugin/packages/arduino/hardware/sam/1.6.8/variants/arduino_due_x/libsam_sam3x8e_gcc_rel.a(pmc.o)
 .ARM.attributes
                0x00000578       0x33 C:/java/eclipseArduino/arduinoPlugin/packages/arduino/hardware/sam/1.6.8/variants/arduino_due_x/libsam_sam3x8e_gcc_rel.a(timetick.o)
 .ARM.attributes
                0x000005ab       0x33 C:/java/eclipseArduino/arduinoPlugin/packages/arduino/hardware/sam/1.6.8/variants/arduino_due_x/libsam_sam3x8e_gcc_rel.a(wdt.o)
 .ARM.attributes
                0x000005de       0x33 C:/java/eclipseArduino/arduinoPlugin/packages/arduino/hardware/sam/1.6.8/variants/arduino_due_x/libsam_sam3x8e_gcc_rel.a(system_sam3xa.o)
 .ARM.attributes
                0x00000611       0x33 C:/java/eclipseArduino/arduinoPlugin/packages/arduino/hardware/sam/1.6.8/variants/arduino_due_x/libsam_sam3x8e_gcc_rel.a(startup_sam3xa.o)
 .ARM.attributes
                0x00000644       0x33 C:/java/eclipseArduino/arduinoPlugin/packages/arduino/hardware/sam/1.6.8/variants/arduino_due_x/libsam_sam3x8e_gcc_rel.a(adc.o)
 .ARM.attributes
                0x00000677       0x33 C:/java/eclipseArduino/arduinoPlugin/packages/arduino/hardware/sam/1.6.8/variants/arduino_due_x/libsam_sam3x8e_gcc_rel.a(uotghs.o)
 .ARM.attributes
                0x000006aa       0x33 C:/java/eclipseArduino/arduinoPlugin/packages/arduino/hardware/sam/1.6.8/variants/arduino_due_x/libsam_sam3x8e_gcc_rel.a(interrupt_sam_nvic.o)
 .ARM.attributes
                0x000006dd       0x33 C:/java/eclipseArduino/arduinoPlugin/packages/arduino/hardware/sam/1.6.8/variants/arduino_due_x/libsam_sam3x8e_gcc_rel.a(uotghs_device.o)
 .ARM.attributes
                0x00000710       0x33 arduino.ar(WInterrupts.c.o)
 .ARM.attributes
                0x00000743       0x33 arduino.ar(cortex_handlers.c.o)
 .ARM.attributes
                0x00000776       0x2d c:/java/eclipsearduino/arduinoplugin/tools/arduino/arm-none-eabi-gcc/4.8.3-2014q1/bin/../lib/gcc/arm-none-eabi/4.8.3/../../../../arm-none-eabi/lib/armv7-m\libg.a(lib_a-aeabi_atexit.o)
 .ARM.attributes
                0x000007a3       0x2d c:/java/eclipsearduino/arduinoplugin/tools/arduino/arm-none-eabi-gcc/4.8.3-2014q1/bin/../lib/gcc/arm-none-eabi/4.8.3/../../../../arm-none-eabi/lib/armv7-m\libg.a(lib_a-cxa_atexit.o)
 .ARM.attributes
                0x000007d0       0x2d c:/java/eclipsearduino/arduinoplugin/tools/arduino/arm-none-eabi-gcc/4.8.3-2014q1/bin/../lib/gcc/arm-none-eabi/4.8.3/../../../../arm-none-eabi/lib/armv7-m\libg.a(lib_a-impure.o)
 .ARM.attributes
                0x000007fd       0x2d c:/java/eclipsearduino/arduinoplugin/tools/arduino/arm-none-eabi-gcc/4.8.3-2014q1/bin/../lib/gcc/arm-none-eabi/4.8.3/../../../../arm-none-eabi/lib/armv7-m\libg.a(lib_a-init.o)
 .ARM.attributes
                0x0000082a       0x2d c:/java/eclipsearduino/arduinoplugin/tools/arduino/arm-none-eabi-gcc/4.8.3-2014q1/bin/../lib/gcc/arm-none-eabi/4.8.3/../../../../arm-none-eabi/lib/armv7-m\libg.a(lib_a-iprintf.o)
 .ARM.attributes
                0x00000857       0x2d c:/java/eclipsearduino/arduinoplugin/tools/arduino/arm-none-eabi-gcc/4.8.3-2014q1/bin/../lib/gcc/arm-none-eabi/4.8.3/../../../../arm-none-eabi/lib/armv7-m\libg.a(lib_a-malloc.o)
 .ARM.attributes
                0x00000884       0x2d c:/java/eclipsearduino/arduinoplugin/tools/arduino/arm-none-eabi-gcc/4.8.3-2014q1/bin/../lib/gcc/arm-none-eabi/4.8.3/../../../../arm-none-eabi/lib/armv7-m\libg.a(lib_a-mallocr.o)
 .ARM.attributes
                0x000008b1       0x2d c:/java/eclipsearduino/arduinoplugin/tools/arduino/arm-none-eabi-gcc/4.8.3-2014q1/bin/../lib/gcc/arm-none-eabi/4.8.3/../../../../arm-none-eabi/lib/armv7-m\libg.a(lib_a-memset.o)
 .ARM.attributes
                0x000008de       0x2d c:/java/eclipsearduino/arduinoplugin/tools/arduino/arm-none-eabi-gcc/4.8.3-2014q1/bin/../lib/gcc/arm-none-eabi/4.8.3/../../../../arm-none-eabi/lib/armv7-m\libg.a(lib_a-mlock.o)
 .ARM.attributes
                0x0000090b       0x2d c:/java/eclipsearduino/arduinoplugin/tools/arduino/arm-none-eabi-gcc/4.8.3-2014q1/bin/../lib/gcc/arm-none-eabi/4.8.3/../../../../arm-none-eabi/lib/armv7-m\libg.a(lib_a-sbrkr.o)
 .ARM.attributes
                0x00000938       0x2d c:/java/eclipsearduino/arduinoplugin/tools/arduino/arm-none-eabi-gcc/4.8.3-2014q1/bin/../lib/gcc/arm-none-eabi/4.8.3/../../../../arm-none-eabi/lib/armv7-m\libg.a(lib_a-strlen.o)
 .ARM.attributes
                0x00000965       0x2d c:/java/eclipsearduino/arduinoplugin/tools/arduino/arm-none-eabi-gcc/4.8.3-2014q1/bin/../lib/gcc/arm-none-eabi/4.8.3/../../../../arm-none-eabi/lib/armv7-m\libg.a(lib_a-syskill.o)
 .ARM.attributes
                0x00000992       0x2d c:/java/eclipsearduino/arduinoplugin/tools/arduino/arm-none-eabi-gcc/4.8.3-2014q1/bin/../lib/gcc/arm-none-eabi/4.8.3/../../../../arm-none-eabi/lib/armv7-m\libg.a(lib_a-vfiprintf.o)
 .ARM.attributes
                0x000009bf       0x2d c:/java/eclipsearduino/arduinoplugin/tools/arduino/arm-none-eabi-gcc/4.8.3-2014q1/bin/../lib/gcc/arm-none-eabi/4.8.3/../../../../arm-none-eabi/lib/armv7-m\libg.a(lib_a-wsetup.o)
 .ARM.attributes
                0x000009ec       0x2d c:/java/eclipsearduino/arduinoplugin/tools/arduino/arm-none-eabi-gcc/4.8.3-2014q1/bin/../lib/gcc/arm-none-eabi/4.8.3/../../../../arm-none-eabi/lib/armv7-m\libg.a(lib_a-__atexit.o)
 .ARM.attributes
                0x00000a19       0x2d c:/java/eclipsearduino/arduinoplugin/tools/arduino/arm-none-eabi-gcc/4.8.3-2014q1/bin/../lib/gcc/arm-none-eabi/4.8.3/../../../../arm-none-eabi/lib/armv7-m\libg.a(lib_a-__call_atexit.o)
 .ARM.attributes
                0x00000a46       0x2d c:/java/eclipsearduino/arduinoplugin/tools/arduino/arm-none-eabi-gcc/4.8.3-2014q1/bin/../lib/gcc/arm-none-eabi/4.8.3/../../../../arm-none-eabi/lib/armv7-m\libg.a(lib_a-atexit.o)
 .ARM.attributes
                0x00000a73       0x2d c:/java/eclipsearduino/arduinoplugin/tools/arduino/arm-none-eabi-gcc/4.8.3-2014q1/bin/../lib/gcc/arm-none-eabi/4.8.3/../../../../arm-none-eabi/lib/armv7-m\libg.a(lib_a-fflush.o)
 .ARM.attributes
                0x00000aa0       0x2d c:/java/eclipsearduino/arduinoplugin/tools/arduino/arm-none-eabi-gcc/4.8.3-2014q1/bin/../lib/gcc/arm-none-eabi/4.8.3/../../../../arm-none-eabi/lib/armv7-m\libg.a(lib_a-findfp.o)
 .ARM.attributes
                0x00000acd       0x2d c:/java/eclipsearduino/arduinoplugin/tools/arduino/arm-none-eabi-gcc/4.8.3-2014q1/bin/../lib/gcc/arm-none-eabi/4.8.3/../../../../arm-none-eabi/lib/armv7-m\libg.a(lib_a-fini.o)
 .ARM.attributes
                0x00000afa       0x2d c:/java/eclipsearduino/arduinoplugin/tools/arduino/arm-none-eabi-gcc/4.8.3-2014q1/bin/../lib/gcc/arm-none-eabi/4.8.3/../../../../arm-none-eabi/lib/armv7-m\libg.a(lib_a-fputwc.o)
 .ARM.attributes
                0x00000b27       0x2d c:/java/eclipsearduino/arduinoplugin/tools/arduino/arm-none-eabi-gcc/4.8.3-2014q1/bin/../lib/gcc/arm-none-eabi/4.8.3/../../../../arm-none-eabi/lib/armv7-m\libg.a(lib_a-freer.o)
 .ARM.attributes
                0x00000b54       0x2d c:/java/eclipsearduino/arduinoplugin/tools/arduino/arm-none-eabi-gcc/4.8.3-2014q1/bin/../lib/gcc/arm-none-eabi/4.8.3/../../../../arm-none-eabi/lib/armv7-m\libg.a(lib_a-fvwrite.o)
 .ARM.attributes
                0x00000b81       0x2d c:/java/eclipsearduino/arduinoplugin/tools/arduino/arm-none-eabi-gcc/4.8.3-2014q1/bin/../lib/gcc/arm-none-eabi/4.8.3/../../../../arm-none-eabi/lib/armv7-m\libg.a(lib_a-fwalk.o)
 .ARM.attributes
                0x00000bae       0x2d c:/java/eclipsearduino/arduinoplugin/tools/arduino/arm-none-eabi-gcc/4.8.3-2014q1/bin/../lib/gcc/arm-none-eabi/4.8.3/../../../../arm-none-eabi/lib/armv7-m\libg.a(lib_a-locale.o)
 .ARM.attributes
                0x00000bdb       0x2d c:/java/eclipsearduino/arduinoplugin/tools/arduino/arm-none-eabi-gcc/4.8.3-2014q1/bin/../lib/gcc/arm-none-eabi/4.8.3/../../../../arm-none-eabi/lib/armv7-m\libg.a(lib_a-makebuf.o)
 .ARM.attributes
                0x00000c08       0x2d c:/java/eclipsearduino/arduinoplugin/tools/arduino/arm-none-eabi-gcc/4.8.3-2014q1/bin/../lib/gcc/arm-none-eabi/4.8.3/../../../../arm-none-eabi/lib/armv7-m\libg.a(lib_a-memchr-stub.o)
 .ARM.attributes
                0x00000c35       0x1b c:/java/eclipsearduino/arduinoplugin/tools/arduino/arm-none-eabi-gcc/4.8.3-2014q1/bin/../lib/gcc/arm-none-eabi/4.8.3/../../../../arm-none-eabi/lib/armv7-m\libg.a(lib_a-memcpy.o)
 .ARM.attributes
                0x00000c50       0x2d c:/java/eclipsearduino/arduinoplugin/tools/arduino/arm-none-eabi-gcc/4.8.3-2014q1/bin/../lib/gcc/arm-none-eabi/4.8.3/../../../../arm-none-eabi/lib/armv7-m\libg.a(lib_a-memmove.o)
 .ARM.attributes
                0x00000c7d       0x2d c:/java/eclipsearduino/arduinoplugin/tools/arduino/arm-none-eabi-gcc/4.8.3-2014q1/bin/../lib/gcc/arm-none-eabi/4.8.3/../../../../arm-none-eabi/lib/armv7-m\libg.a(lib_a-reallocr.o)
 .ARM.attributes
                0x00000caa       0x2d c:/java/eclipsearduino/arduinoplugin/tools/arduino/arm-none-eabi-gcc/4.8.3-2014q1/bin/../lib/gcc/arm-none-eabi/4.8.3/../../../../arm-none-eabi/lib/armv7-m\libg.a(lib_a-reent.o)
 .ARM.attributes
                0x00000cd7       0x2d c:/java/eclipsearduino/arduinoplugin/tools/arduino/arm-none-eabi-gcc/4.8.3-2014q1/bin/../lib/gcc/arm-none-eabi/4.8.3/../../../../arm-none-eabi/lib/armv7-m\libg.a(lib_a-signalr.o)
 .ARM.attributes
                0x00000d04       0x2d c:/java/eclipsearduino/arduinoplugin/tools/arduino/arm-none-eabi-gcc/4.8.3-2014q1/bin/../lib/gcc/arm-none-eabi/4.8.3/../../../../arm-none-eabi/lib/armv7-m\libg.a(lib_a-stdio.o)
 .ARM.attributes
                0x00000d31       0x2d c:/java/eclipsearduino/arduinoplugin/tools/arduino/arm-none-eabi-gcc/4.8.3-2014q1/bin/../lib/gcc/arm-none-eabi/4.8.3/../../../../arm-none-eabi/lib/armv7-m\libg.a(lib_a-wbuf.o)
 .ARM.attributes
                0x00000d5e       0x2d c:/java/eclipsearduino/arduinoplugin/tools/arduino/arm-none-eabi-gcc/4.8.3-2014q1/bin/../lib/gcc/arm-none-eabi/4.8.3/../../../../arm-none-eabi/lib/armv7-m\libg.a(lib_a-wcrtomb.o)
 .ARM.attributes
                0x00000d8b       0x2d c:/java/eclipsearduino/arduinoplugin/tools/arduino/arm-none-eabi-gcc/4.8.3-2014q1/bin/../lib/gcc/arm-none-eabi/4.8.3/../../../../arm-none-eabi/lib/armv7-m\libg.a(lib_a-wctomb_r.o)
 .ARM.attributes
                0x00000db8       0x2d c:/java/eclipsearduino/arduinoplugin/tools/arduino/arm-none-eabi-gcc/4.8.3-2014q1/bin/../lib/gcc/arm-none-eabi/4.8.3/../../../../arm-none-eabi/lib/armv7-m\libg.a(lib_a-writer.o)
 .ARM.attributes
                0x00000de5       0x2d c:/java/eclipsearduino/arduinoplugin/tools/arduino/arm-none-eabi-gcc/4.8.3-2014q1/bin/../lib/gcc/arm-none-eabi/4.8.3/../../../../arm-none-eabi/lib/armv7-m\libg.a(lib_a-closer.o)
 .ARM.attributes
                0x00000e12       0x2d c:/java/eclipsearduino/arduinoplugin/tools/arduino/arm-none-eabi-gcc/4.8.3-2014q1/bin/../lib/gcc/arm-none-eabi/4.8.3/../../../../arm-none-eabi/lib/armv7-m\libg.a(lib_a-fclose.o)
 .ARM.attributes
                0x00000e3f       0x2d c:/java/eclipsearduino/arduinoplugin/tools/arduino/arm-none-eabi-gcc/4.8.3-2014q1/bin/../lib/gcc/arm-none-eabi/4.8.3/../../../../arm-none-eabi/lib/armv7-m\libg.a(lib_a-fstatr.o)
 .ARM.attributes
                0x00000e6c       0x2d c:/java/eclipsearduino/arduinoplugin/tools/arduino/arm-none-eabi-gcc/4.8.3-2014q1/bin/../lib/gcc/arm-none-eabi/4.8.3/../../../../arm-none-eabi/lib/armv7-m\libg.a(lib_a-isattyr.o)
 .ARM.attributes
                0x00000e99       0x2d c:/java/eclipsearduino/arduinoplugin/tools/arduino/arm-none-eabi-gcc/4.8.3-2014q1/bin/../lib/gcc/arm-none-eabi/4.8.3/../../../../arm-none-eabi/lib/armv7-m\libg.a(lib_a-lseekr.o)
 .ARM.attributes
                0x00000ec6       0x2d c:/java/eclipsearduino/arduinoplugin/tools/arduino/arm-none-eabi-gcc/4.8.3-2014q1/bin/../lib/gcc/arm-none-eabi/4.8.3/../../../../arm-none-eabi/lib/armv7-m\libg.a(lib_a-readr.o)
 .ARM.attributes